Component: ARM Compiler 5.06 update 6 (build 750) Tool: armlink [4d35ed]

==============================================================================

Section Cross References

    main.o(i.EXTI9_5_IRQHandler) refers to main.o(.data) for motorStopFlag
    main.o(i.TIM6_DAC_IRQHandler) refers to main.o(.data) for pduTimer
    main.o(i.allMotorChangeSpeed) refers to dmul.o(x$fpl$dmul) for __aeabi_dmul
    main.o(i.allMotorChangeSpeed) refers to ddiv.o(x$fpl$ddiv) for __aeabi_ddiv
    main.o(i.allMotorChangeSpeed) refers to dfix.o(x$fpl$dfix) for __aeabi_d2iz
    main.o(i.allMotorChangeSpeed) refers to callback.o(i.failDriveChangeSpeedCallback) for failDriveChangeSpeedCallback
    main.o(i.allMotorChangeSpeed) refers to motorcontrol.o(i.setSpeed) for setSpeed
    main.o(i.allMotorChangeSpeed) refers to pdu.o(.data) for Vfl
    main.o(i.allMotorChangeSpeed) refers to main.o(.data) for motorFrontLeft
    main.o(i.allMotorFaultAck) refers to callback.o(i.failDriveFaultAckCallback) for failDriveFaultAckCallback
    main.o(i.allMotorFaultAck) refers to motorcontrol.o(i.faultAck) for faultAck
    main.o(i.allMotorFaultAck) refers to main.o(.data) for motorFrontLeft
    main.o(i.allMotorGetStatus) refers to motorcontrol.o(i.getMotorState) for getMotorState
    main.o(i.allMotorGetStatus) refers to main.o(i.motorChangeZeroSpeed) for motorChangeZeroSpeed
    main.o(i.allMotorGetStatus) refers to main.o(i.allMotorFaultAck) for allMotorFaultAck
    main.o(i.allMotorGetStatus) refers to main.o(i.allMotorStart) for allMotorStart
    main.o(i.allMotorGetStatus) refers to main.o(.data) for motorFrontLeft
    main.o(i.allMotorStart) refers to callback.o(i.failDriveStartCallback) for failDriveStartCallback
    main.o(i.allMotorStart) refers to motorcontrol.o(i.startMotor) for startMotor
    main.o(i.allMotorStart) refers to main.o(i.motorStopAll) for motorStopAll
    main.o(i.allMotorStart) refers to main.o(.data) for motorState
    main.o(i.interruptInit) refers to main.o(i.__NVIC_EnableIRQ) for __NVIC_EnableIRQ
    main.o(i.main) refers to rcc.o(i.RccClockInit) for RccClockInit
    main.o(i.main) refers to delay.o(i.delayInit) for delayInit
    main.o(i.main) refers to pdu.o(i.tim2Init1) for tim2Init1
    main.o(i.main) refers to pdu.o(i.tim3Init1) for tim3Init1
    main.o(i.main) refers to pdu.o(i.tim4Init2) for tim4Init2
    main.o(i.main) refers to pdu.o(i.tim5Init1) for tim5Init1
    main.o(i.main) refers to main.o(i.tim6Init) for tim6Init
    main.o(i.main) refers to pdu.o(i.tim1Init) for tim1Init
    main.o(i.main) refers to pdu.o(i.tim8Init) for tim8Init
    main.o(i.main) refers to pdu.o(i.tim9Init) for tim9Init
    main.o(i.main) refers to pdu.o(i.tim12Init) for tim12Init
    main.o(i.main) refers to main.o(i.tim7Init) for tim7Init
    main.o(i.main) refers to bsp.o(i.uart5Init) for uart5Init
    main.o(i.main) refers to bsp.o(i.uart4Init) for uart4Init
    main.o(i.main) refers to bsp.o(i.uart3Init) for uart3Init
    main.o(i.main) refers to bsp.o(i.uart2Init) for uart2Init
    main.o(i.main) refers to bsp.o(i.uart1Init) for uart1Init
    main.o(i.main) refers to adc.o(i.adcInit) for adcInit
    main.o(i.main) refers to bsp.o(i.uartTransmitt) for uartTransmitt
    main.o(i.main) refers to bsp.o(i.uartTransmittBuff) for uartTransmittBuff
    main.o(i.main) refers to main.o(i.interruptInit) for interruptInit
    main.o(i.main) refers to main.o(i.motorStopAll) for motorStopAll
    main.o(i.main) refers to main.o(i.allMotorInit) for allMotorInit
    main.o(i.main) refers to pdu.o(i.tim4Init1) for tim4Init1
    main.o(i.main) refers to pdu.o(i.tim2Init2) for tim2Init2
    main.o(i.main) refers to pdu.o(i.tim3Init2) for tim3Init2
    main.o(i.main) refers to pdu.o(i.tim5Init2) for tim5Init2
    main.o(i.main) refers to main.o(i.reset) for reset
    main.o(i.main) refers to main.o(i.servoInit) for servoInit
    main.o(i.main) refers to main.o(i.allMotorStart) for allMotorStart
    main.o(i.main) refers to motorcontrol.o(i.getSpeed) for getSpeed
    main.o(i.main) refers to dflt_clz.o(x$fpl$dflt) for __aeabi_i2d
    main.o(i.main) refers to dmul.o(x$fpl$dmul) for __aeabi_dmul
    main.o(i.main) refers to ddiv.o(x$fpl$ddiv) for __aeabi_ddiv
    main.o(i.main) refers to pdu.o(i.kinematica) for kinematica
    main.o(i.main) refers to main.o(i.allMotorChangeSpeed) for allMotorChangeSpeed
    main.o(i.main) refers to main.o(i.allMotorGetStatus) for allMotorGetStatus
    main.o(i.main) refers to main.o(.data) for motorState
    main.o(i.main) refers to pdu.o(.data) for ch_pack
    main.o(i.main) refers to bsp.o(.data) for constract
    main.o(i.motorChangeZeroSpeed) refers to callback.o(i.failDriveChangeSpeedCallback) for failDriveChangeSpeedCallback
    main.o(i.motorChangeZeroSpeed) refers to motorcontrol.o(i.setSpeed) for setSpeed
    main.o(i.motorChangeZeroSpeed) refers to main.o(.data) for motorFrontLeft
[...]
    Lib\\src\\bsp.c                          0x00000000   Number         0  bsp.o ABSOLUTE
    Lib\\src\\delay.c                        0x00000000   Number         0  delay.o ABSOLUTE
    Lib\\src\\encoder.c                      0x00000000   Number         0  encoder.o ABSOLUTE
    Lib\\src\\rcc.c                          0x00000000   Number         0  rcc.o ABSOLUTE
    Lib\src\MCP.c                            0x00000000   Number         0  mcp.o ABSOLUTE
    Lib\src\MotorControl.c                   0x00000000   Number         0  motorcontrol.o ABSOLUTE
    Lib\src\bsp.c                            0x00000000   Number         0  bsp.o ABSOLUTE
    Lib\src\delay.c                          0x00000000   Number         0  delay.o ABSOLUTE
    Lib\src\encoder.c                        0x00000000   Number         0  encoder.o ABSOLUTE
    Lib\src\rcc.c                            0x00000000   Number         0  rcc.o ABSOLUTE
    RTE\Device\STM32F407VGTx\startup_stm32f407xx.s 0x00000000   Number         0  startup_stm32f407xx.o ABSOLUTE
    RTE\Device\STM32F407VGTx\system_stm32f4xx.c 0x00000000   Number         0  system_stm32f4xx.o ABSOLUTE
    RTE\\Device\\STM32F407VGTx\\system_stm32f4xx.c 0x00000000   Number         0  system_stm32f4xx.o ABSOLUTE
    dc.s                                     0x00000000   Number         0  dc.o ABSOLUTE
    RESET                                    0x08000000   Section      392  startup_stm32f407xx.o(RESET)
    !!!main                                  0x08000188   Section        8  __main.o(!!!main)
    !!!scatter                               0x08000190   Section       52  __scatter.o(!!!scatter)
    !!dczerorl2                              0x080001c4   Section       90  __dczerorl2.o(!!dczerorl2)
    !!handler_zi                             0x08000220   Section       28  __scatter_zi.o(!!handler_zi)
    .ARM.Collect$$libinit$$00000000          0x0800023c   Section        2  libinit.o(.ARM.Collect$$libinit$$00000000)
    .ARM.Collect$$libinit$$00000001          0x0800023e   Section        4  libinit2.o(.ARM.Collect$$libinit$$00000001)
    .ARM.Collect$$libinit$$00000004          0x08000242   Section        0  libinit2.o(.ARM.Collect$$libinit$$00000004)
    .ARM.Collect$$libinit$$0000000A          0x08000242   Section        0  libinit2.o(.ARM.Collect$$libinit$$0000000A)
    .ARM.Collect$$libinit$$0000000C          0x08000242   Section        0  libinit2.o(.ARM.Collect$$libinit$$0000000C)
    .ARM.Collect$$libinit$$0000000E          0x08000242   Section        0  libinit2.o(.ARM.Collect$$libinit$$0000000E)
    .ARM.Collect$$libinit$$00000011          0x08000242   Section        0  libinit2.o(.ARM.Collect$$libinit$$00000011)
    .ARM.Collect$$libinit$$00000013          0x08000242   Section        0  libinit2.o(.ARM.Collect$$libinit$$00000013)
    .ARM.Collect$$libinit$$00000015          0x08000242   Section        0  libinit2.o(.ARM.Collect$$libinit$$00000015)
    .ARM.Collect$$libinit$$00000017          0x08000242   Section        0  libinit2.o(.ARM.Collect$$libinit$$00000017)
    .ARM.Collect$$libinit$$00000019          0x08000242   Section        0  libinit2.o(.ARM.Collect$$libinit$$00000019)
    .ARM.Collect$$libinit$$0000001B          0x08000242   Section        0  libinit2.o(.ARM.Collect$$libinit$$0000001B)
    .ARM.Collect$$libinit$$0000001D          0x08000242   Section        0  libinit2.o(.ARM.Collect$$libinit$$0000001D)
    .ARM.Collect$$libinit$$0000001F          0x08000242   Section        0  libinit2.o(.ARM.Collect$$libinit$$0000001F)
    .ARM.Collect$$libinit$$00000021          0x08000242   Section        0  libinit2.o(.ARM.Collect$$libinit$$00000021)
    .ARM.Collect$$libinit$$00000023          0x08000242   Section        0  libinit2.o(.ARM.Collect$$libinit$$00000023)
    .ARM.Collect$$libinit$$00000025          0x08000242   Section        0  libinit2.o(.ARM.Collect$$libinit$$00000025)
    .ARM.Collect$$libinit$$0000002C          0x08000242   Section        0  libinit2.o(.ARM.Collect$$libinit$$0000002C)
    .ARM.Collect$$libinit$$0000002E          0x08000242   Section        0  libinit2.o(.ARM.Collect$$libinit$$0000002E)
    .ARM.Collect$$libinit$$00000030          0x08000242   Section        0  libinit2.o(.ARM.Collect$$libinit$$00000030)
    .ARM.Collect$$libinit$$00000032          0x08000242   Section        0  libinit2.o(.ARM.Collect$$libinit$$00000032)
    .ARM.Collect$$libinit$$00000033          0x08000242   Section        2  libinit2.o(.ARM.Collect$$libinit$$00000033)
    .ARM.Collect$$libshutdown$$00000000      0x08000244   Section        2  libshutdown.o(.ARM.Collect$$libshutdown$$00000000)
    .ARM.Collect$$libshutdown$$00000002      0x08000246   Section        0  libshutdown2.o(.ARM.Collect$$libshutdown$$00000002)
    .ARM.Collect$$libshutdown$$00000004      0x08000246   Section        0  libshutdown2.o(.ARM.Collect$$libshutdown$$00000004)
    .ARM.Collect$$libshutdown$$00000007      0x08000246   Section        0  libshutdown2.o(.ARM.Collect$$libshutdown$$00000007)
    .ARM.Collect$$libshutdown$$0000000A      0x08000246   Section        0  libshutdown2.o(.ARM.Collect$$libshutdown$$0000000A)
    .ARM.Collect$$libshutdown$$0000000C      0x08000246   Section        0  libshutdown2.o(.ARM.Collect$$libshutdown$$0000000C)
    .ARM.Collect$$libshutdown$$0000000F      0x08000246   Section        0  libshutdown2.o(.ARM.Collect$$libshutdown$$0000000F)
    .ARM.Collect$$libshutdown$$00000010      0x08000246   Section        2  libshutdown2.o(.ARM.Collect$$libshutdown$$00000010)
    .ARM.Collect$$rtentry$$00000000          0x08000248   Section        0  __rtentry.o(.ARM.Collect$$rtentry$$00000000)
    .ARM.Collect$$rtentry$$00000002          0x08000248   Section        0  __rtentry2.o(.ARM.Collect$$rtentry$$00000002)
    .ARM.Collect$$rtentry$$00000004          0x08000248   Section        6  __rtentry4.o(.ARM.Collect$$rtentry$$00000004)
    .ARM.Collect$$rtentry$$00000009          0x0800024e   Section        0  __rtentry2.o(.ARM.Collect$$rtentry$$00000009)
    .ARM.Collect$$rtentry$$0000000A          0x0800024e   Section        4  __rtentry2.o(.ARM.Collect$$rtentry$$0000000A)
    .ARM.Collect$$rtentry$$0000000C          0x08000252   Section        0  __rtentry2.o(.ARM.Collect$$rtentry$$0000000C)
    .ARM.Collect$$rtentry$$0000000D          0x08000252   Section        8  __rtentry2.o(.ARM.Collect$$rtentry$$0000000D)
    .ARM.Collect$$rtexit$$00000000           0x0800025a   Section        2  rtexit.o(.ARM.Collect$$rtexit$$00000000)
    .ARM.Collect$$rtexit$$00000002           0x0800025c   Section        0  rtexit2.o(.ARM.Collect$$rtexit$$00000002)
    .ARM.Collect$$rtexit$$00000003           0x0800025c   Section        4  rtexit2.o(.ARM.Collect$$rtexit$$00000003)
    .ARM.Collect$$rtexit$$00000004           0x08000260   Section        6  rtexit2.o(.ARM.Collect$$rtexit$$00000004)
    .text                                    0x08000268   Section       64  startup_stm32f407xx.o(.text)
    $v0                                      0x08000268   Number         0  startup_stm32f407xx.o(.text)
    .text                                    0x080002a8   Section      138  rt_memcpy_v6.o(.text)
    .text                                    0x08000332   Section       78  rt_memclr_w.o(.text)
    .text                                    0x08000380   Section        0  heapauxi.o(.text)
    .text                                    0x08000386   Section        0  _rserrno.o(.text)
    .text                                    0x0800039c   Section      100  rt_memcpy_w.o(.text)
    .text                                    0x08000400   Section        8  rt_errno_addr_intlibspace.o(.text)
    .text                                    0x08000408   Section        8  libspace.o(.text)
    .text                                    0x08000410   Section       74  sys_stackheap_outer.o(.text)
    .text                                    0x0800045a   Section        0  exit.o(.text)
    .text                                    0x0800046c   Section        0  sys_exit.o(.text)
    .text                                    0x08000478   Section        2  use_no_semi.o(.text)
    .text                                    0x0800047a   Section        0  indicate_semi.o(.text)
    i.ADC_IRQHandler                         0x0800047c   Section        0  adc.o(i.ADC_IRQHandler)
    i.EXTI9_5_IRQHandler                     0x08000550   Section        0  main.o(i.EXTI9_5_IRQHandler)
    i.RccClockInit                           0x08000584   Section        0  rcc.o(i.RccClockInit)
    i.SysTick_Handler                        0x080006b4   Section        0  delay.o(i.SysTick_Handler)
    i.SystemInit                             0x080006bc   Section        0  system_stm32f4xx.o(i.SystemInit)
    i.TIM1_BRK_TIM9_IRQHandler               0x08000720   Section        0  pdu.o(i.TIM1_BRK_TIM9_IRQHandler)
    i.TIM1_CC_IRQHandler                     0x0800076c   Section        0  pdu.o(i.TIM1_CC_IRQHandler)
    i.TIM6_DAC_IRQHandler                    0x080007b8   Section        0  main.o(i.TIM6_DAC_IRQHandler)
    i.TIM8_BRK_TIM12_IRQHandler              0x080007f0   Section        0  pdu.o(i.TIM8_BRK_TIM12_IRQHandler)
    i.TIM8_CC_IRQHandler                     0x08000840   Section        0  pdu.o(i.TIM8_CC_IRQHandler)
    i.Tim14Init                              0x08000890   Section        0  bsp.o(i.Tim14Init)
    Tim14Init                                0x08000891   Thumb Code    44  bsp.o(i.Tim14Init)
    i.UART4_IRQHandler                       0x080008c4   Section        0  bsp.o(i.UART4_IRQHandler)
    i.UART5_IRQHandler                       0x080008f4   Section        0  bsp.o(i.UART5_IRQHandler)
    i.USART1_IRQHandler                      0x08000954   Section        0  bsp.o(i.USART1_IRQHandler)
    i.USART2_IRQHandler                      0x08000984   Section        0  bsp.o(i.USART2_IRQHandler)
    i.USART3_IRQHandler                      0x080009b4   Section        0  bsp.o(i.USART3_IRQHandler)
    i.USART6_IRQHandler                      0x080009e4   Section        0  bsp.o(i.USART6_IRQHandler)
    i.__ARM_fpclassify                       0x08000a14   Section        0  fpclassify.o(i.__ARM_fpclassify)
    i.__NVIC_EnableIRQ                       0x08000a44   Section        0  main.o(i.__NVIC_EnableIRQ)
    __NVIC_EnableIRQ                         0x08000a45   Thumb Code    34  main.o(i.__NVIC_EnableIRQ)
    i.__NVIC_EnableIRQ                       0x08000a66   Section        0  bsp.o(i.__NVIC_EnableIRQ)
    __NVIC_EnableIRQ                         0x08000a67   Thumb Code    34  bsp.o(i.__NVIC_EnableIRQ)
    i.__hardfp_atan                          0x08000a88   Section        0  atan.o(i.__hardfp_atan)
    i.__hardfp_atan2                         0x08000d60   Section        0  atan2.o(i.__hardfp_atan2)
    i.__hardfp_cos                           0x08000f50   Section        0  cos.o(i.__hardfp_cos)
    i.__hardfp_fabs                          0x08001018   Section        0  fabs.o(i.__hardfp_fabs)
    i.__hardfp_fmod                          0x0800102c   Section        0  fmod.o(i.__hardfp_fmod)
    i.__hardfp_sin                           0x08001130   Section        0  sin.o(i.__hardfp_sin)
    i.__hardfp_tan                           0x080011f8   Section        0  tan.o(i.__hardfp_tan)
    i.__ieee754_rem_pio2                     0x08001278   Section        0  rred.o(i.__ieee754_rem_pio2)
    i.__kernel_cos                           0x080016b0   Section        0  cos_i.o(i.__kernel_cos)
    i.__kernel_poly                          0x08001820   Section        0  poly.o(i.__kernel_poly)
    i.__kernel_sin                           0x08001918   Section        0  sin_i.o(i.__kernel_sin)
    i.__kernel_tan                           0x08001a48   Section        0  tan_i.o(i.__kernel_tan)
    i.__mathlib_dbl_infnan                   0x08001d98   Section        0  dunder.o(i.__mathlib_dbl_infnan)
    i.__mathlib_dbl_infnan2                  0x08001dac   Section        0  dunder.o(i.__mathlib_dbl_infnan2)
    i.__mathlib_dbl_invalid                  0x08001dc0   Section        0  dunder.o(i.__mathlib_dbl_invalid)
    i.__mathlib_dbl_underflow                0x08001de0   Section        0  dunder.o(i.__mathlib_dbl_underflow)
    i.adcInit                                0x08001e00   Section        0  adc.o(i.adcInit)
    i.allMotorChangeSpeed                    0x08001eac   Section        0  main.o(i.allMotorChangeSpeed)
    i.allMotorFaultAck                       0x080020c4   Section        0  main.o(i.allMotorFaultAck)
    i.allMotorGetStatus                      0x08002184   Section        0  main.o(i.allMotorGetStatus)
    i.allMotorInit                           0x08002250   Section        0  main.o(i.allMotorInit)
    i.allMotorStart                          0x080025b0   Section        0  main.o(i.allMotorStart)
    i.atan                                   0x0800269c   Section        0  atan.o(i.atan)
    i.delayInit                              0x080026ac   Section        0  delay.o(i.delayInit)
    i.fabs                                   0x08002704   Section        0  fabs.o(i.fabs)
    i.failDriveChangeSpeedCallback           0x0800271c   Section        0  callback.o(i.failDriveChangeSpeedCallback)
    i.failDriveFaultAckCallback              0x0800271e   Section        0  callback.o(i.failDriveFaultAckCallback)
    i.failDriveInitCallback                  0x08002720   Section        0  callback.o(i.failDriveInitCallback)
    i.failDriveStartCallback                 0x08002722   Section        0  callback.o(i.failDriveStartCallback)
    i.failDriveStopCallback                  0x08002724   Section        0  callback.o(i.failDriveStopCallback)
    i.faultAck                               0x08002726   Section        0  motorcontrol.o(i.faultAck)
    i.getMotorState                          0x08002736   Section        0  motorcontrol.o(i.getMotorState)
    i.getSpeed                               0x0800275a   Section        0  motorcontrol.o(i.getSpeed)
    i.interruptInit                          0x08002780   Section        0  main.o(i.interruptInit)
    i.kinematica                             0x080027e8   Section        0  pdu.o(i.kinematica)
    i.main                                   0x080039b0   Section        0  main.o(i.main)
    i.mcpCalculateCRC                        0x08003d88   Section        0  mcp.o(i.mcpCalculateCRC)
    i.mcpCommand                             0x08003db0   Section        0  mcp.o(i.mcpCommand)
    i.mcpGetRegister                         0x08003e00   Section        0  mcp.o(i.mcpGetRegister)
    i.mcpRamp                                0x08003e6c   Section        0  mcp.o(i.mcpRamp)
    i.mcpSetRegister                         0x08003ec8   Section        0  mcp.o(i.mcpSetRegister)
    i.motorChangeZeroSpeed                   0x08003f2c   Section        0  main.o(i.motorChangeZeroSpeed)
    i.motorStopAll                           0x08003ffc   Section        0  main.o(i.motorStopAll)
    i.normaliz                               0x080040dc   Section        0  pdu.o(i.normaliz)
    i.reset                                  0x080045b0   Section        0  main.o(i.reset)
    i.servoInit                              0x080045f4   Section        0  main.o(i.servoInit)
    i.setFluxPID                             0x080047f8   Section        0  motorcontrol.o(i.setFluxPID)
    i.setSpeed                               0x0800484c   Section        0  motorcontrol.o(i.setSpeed)
    i.setSpeedPID                            0x08004862   Section        0  motorcontrol.o(i.setSpeedPID)
    i.setTorquePID                           0x080048b6   Section        0  motorcontrol.o(i.setTorquePID)
    i.sign                                   0x0800490c   Section        0  pdu.o(i.sign)
    i.startMotor                             0x0800496c   Section        0  motorcontrol.o(i.startMotor)
    i.stopMotor                              0x0800497c   Section        0  motorcontrol.o(i.stopMotor)
    i.tim12Init                              0x0800498c   Section        0  pdu.o(i.tim12Init)
    i.tim1Init                               0x08004a34   Section        0  pdu.o(i.tim1Init)
    i.tim2Init1                              0x08004aec   Section        0  pdu.o(i.tim2Init1)
    i.tim2Init2                              0x08004bd0   Section        0  pdu.o(i.tim2Init2)
    i.tim3Init1                              0x08004cb4   Section        0  pdu.o(i.tim3Init1)
    i.tim3Init2                              0x08004dbc   Section        0  pdu.o(i.tim3Init2)
    i.tim4Init1                              0x08004ec4   Section        0  pdu.o(i.tim4Init1)
    i.tim4Init2                              0x08004fe0   Section        0  pdu.o(i.tim4Init2)
    i.tim5Init1                              0x080050fc   Section        0  pdu.o(i.tim5Init1)
    i.tim5Init2                              0x08005204   Section        0  pdu.o(i.tim5Init2)
    i.tim6Init                               0x0800530c   Section        0  main.o(i.tim6Init)
    i.tim7Init                               0x0800534c   Section        0  main.o(i.tim7Init)
    i.tim8Init                               0x08005384   Section        0  pdu.o(i.tim8Init)
    i.tim9Init                               0x0800543c   Section        0  pdu.o(i.tim9Init)
    i.timingDelayDecrement                   0x080054c0   Section        0  delay.o(i.timingDelayDecrement)
    i.uart1Init                              0x080054d8   Section        0  bsp.o(i.uart1Init)
    i.uart2Init                              0x08005568   Section        0  bsp.o(i.uart2Init)
    i.uart3Init                              0x080055f0   Section        0  bsp.o(i.uart3Init)
    i.uart4Init                              0x08005680   Section        0  bsp.o(i.uart4Init)
    i.uart5Init                              0x08005710   Section        0  bsp.o(i.uart5Init)
    i.uartRecive                             0x080057d0   Section        0  bsp.o(i.uartRecive)
    i.uartTransmitt                          0x08005824   Section        0  bsp.o(i.uartTransmitt)
    i.uartTransmittBuff                      0x08005834   Section        0  bsp.o(i.uartTransmittBuff)
    x$fpl$basic                              0x08005850   Section       24  basic.o(x$fpl$basic)
    $v0                                      0x08005850   Number         0  basic.o(x$fpl$basic)
    x$fpl$dadd                               0x08005868   Section      336  daddsub_clz.o(x$fpl$dadd)
    $v0                                      0x08005868   Number         0  daddsub_clz.o(x$fpl$dadd)
    _dadd1                                   0x08005879   Thumb Code     0  daddsub_clz.o(x$fpl$dadd)
    x$fpl$dcmpinf                            0x080059b8   Section       24  dcmpi.o(x$fpl$dcmpinf)
    $v0                                      0x080059b8   Number         0  dcmpi.o(x$fpl$dcmpinf)
    x$fpl$ddiv                               0x080059d0   Section      688  ddiv.o(x$fpl$ddiv)
    $v0                                      0x080059d0   Number         0  ddiv.o(x$fpl$ddiv)
    ddiv_entry                               0x080059d7   Thumb Code     0  ddiv.o(x$fpl$ddiv)
    x$fpl$deqf                               0x08005c80   Section      120  deqf.o(x$fpl$deqf)
    $v0                                      0x08005c80   Number         0  deqf.o(x$fpl$deqf)
    x$fpl$dfix                               0x08005cf8   Section       94  dfix.o(x$fpl$dfix)
    $v0                                      0x08005cf8   Number         0  dfix.o(x$fpl$dfix)
    x$fpl$dfixu                              0x08005d58   Section       90  dfixu.o(x$fpl$dfixu)
    $v0                                      0x08005d58   Number         0  dfixu.o(x$fpl$dfixu)
    x$fpl$dflt                               0x08005db2   Section       46  dflt_clz.o(x$fpl$dflt)
    $v0                                      0x08005db2   Number         0  dflt_clz.o(x$fpl$dflt)
    x$fpl$dfltu                              0x08005de0   Section       38  dflt_clz.o(x$fpl$dfltu)
    $v0                                      0x08005de0   Number         0  dflt_clz.o(x$fpl$dfltu)
    x$fpl$dleqf                              0x08005e08   Section      120  dleqf.o(x$fpl$dleqf)
    $v0                                      0x08005e08   Number         0  dleqf.o(x$fpl$dleqf)
    x$fpl$dmul                               0x08005e80   Section      340  dmul.o(x$fpl$dmul)
    $v0                                      0x08005e80   Number         0  dmul.o(x$fpl$dmul)
    x$fpl$dnaninf                            0x08005fd4   Section      156  dnaninf.o(x$fpl$dnaninf)
    $v0                                      0x08005fd4   Number         0  dnaninf.o(x$fpl$dnaninf)
    x$fpl$drem                               0x08006070   Section      336  drem_clz.o(x$fpl$drem)
    $v0                                      0x08006070   Number         0  drem_clz.o(x$fpl$drem)
    x$fpl$dretinf                            0x080061c0   Section       12  dretinf.o(x$fpl$dretinf)
    $v0                                      0x080061c0   Number         0  dretinf.o(x$fpl$dretinf)
    x$fpl$drleqf                             0x080061cc   Section      108  drleqf.o(x$fpl$drleqf)
    $v0                                      0x080061cc   Number         0  drleqf.o(x$fpl$drleqf)
    x$fpl$drsb                               0x08006238   Section       22  daddsub_clz.o(x$fpl$drsb)
    $v0                                      0x08006238   Number         0  daddsub_clz.o(x$fpl$drsb)
    x$fpl$dsub                               0x08006250   Section      468  daddsub_clz.o(x$fpl$dsub)
    $v0                                      0x08006250   Number         0  daddsub_clz.o(x$fpl$dsub)
    _dsub1                                   0x08006261   Thumb Code     0  daddsub_clz.o(x$fpl$dsub)
    x$fpl$fpinit                             0x08006424   Section       10  fpinit.o(x$fpl$fpinit)
    $v0                                      0x08006424   Number         0  fpinit.o(x$fpl$fpinit)
    x$fpl$usenofp                            0x0800642e   Section        0  usenofp.o(x$fpl$usenofp)
    .constdata                               0x08006430   Section      152  atan.o(.constdata)
    atanhi                                   0x08006430   Data          32  atan.o(.constdata)
    atanlo                                   0x08006450   Data          32  atan.o(.constdata)
    aTodd                                    0x08006470   Data          40  atan.o(.constdata)
    aTeven                                   0x08006498   Data          48  atan.o(.constdata)
    .constdata                               0x080064c8   Section       48  cos_i.o(.constdata)
    C                                        0x080064c8   Data          48  cos_i.o(.constdata)
    .constdata                               0x080064f8   Section        8  qnan.o(.constdata)
    .constdata                               0x08006500   Section      200  rred.o(.constdata)
    pio2s                                    0x08006500   Data          48  rred.o(.constdata)
    twooverpi                                0x08006530   Data         152  rred.o(.constdata)
    .constdata                               0x080065c8   Section       40  sin_i.o(.constdata)
    S                                        0x080065c8   Data          40  sin_i.o(.constdata)
    .constdata                               0x080065f0   Section       96  tan_i.o(.constdata)
    Todd                                     0x080065f0   Data          48  tan_i.o(.constdata)
    Teven                                    0x08006620   Data          48  tan_i.o(.constdata)
    .data                                    0x20000000   Section       88  main.o(.data)
    TimingDelay                              0x20000000   Data           4  main.o(.data)
    .data                                    0x20000058   Section      297  pdu.o(.data)
    TimingDelay                              0x20000058   Data           4  pdu.o(.data)
    .data                                    0x20000182   Section       14  adc.o(.data)
    .data                                    0x20000190   Section        8  bsp.o(.data)
    TimingDelay                              0x20000190   Data           4  bsp.o(.data)
    .data                                    0x20000198   Section        4  delay.o(.data)
    TimingDelay                              0x20000198   Data           4  delay.o(.data)
    .bss                                     0x2000019c   Section       16  adc.o(.bss)
    .bss                                     0x200001ac   Section      257  bsp.o(.bss)
    .bss                                     0x200002b0   Section       96  libspace.o(.bss)
    HEAP                                     0x20000310   Section      512  startup_stm32f407xx.o(HEAP)
    Heap_Mem                                 0x20000310   Data         512  startup_stm32f407xx.o(HEAP)
    STACK                                    0x20000510   Section     1024  startup_stm32f407xx.o(STACK)
    Stack_Mem                                0x20000510   Data        1024  startup_stm32f407xx.o(STACK)
    __initial_sp                             0x20000910   Data           0  startup_stm32f407xx.o(STACK)

    Global Symbols

    Symbol Name                              Value     Ov Type        Size  Object(Section)

    BuildAttributes$$THM_ISAv4$E$P$D$K$B$S$7EM$VFPi3$EXTD16$VFPS$VFMA$PE$A:L22UL41UL21$X:L11$S22US41US21$IEEE1$IW$USESV6$~STKCKD$USESV7$~SHL$OTIME$ROPI$IEEEX$EBA8$UX$STANDARDLIB$REQ8$PRES8$EABIv2 0x00000000   Number         0  anon$$obj.o ABSOLUTE
    __ARM_use_no_argv                        0x00000000   Number         0  main.o ABSOLUTE
    __ARM_exceptions_init                     - Undefined Weak Reference
    __alloca_initialize                       - Undefined Weak Reference
    __arm_preinit_                            - Undefined Weak Reference
    __cpp_initialize__aeabi_                  - Undefined Weak Reference
    __cxa_finalize                            - Undefined Weak Reference
    __rt_locale                               - Undefined Weak Reference
    __sigvec_lookup                           - Undefined Weak Reference
    _atexit_init                              - Undefined Weak Reference
    _call_atexit_fns                          - Undefined Weak Reference
    _clock_init                               - Undefined Weak Reference
    _fp_trap_init                             - Undefined Weak Reference
    _fp_trap_shutdown                         - Undefined Weak Reference
    _get_lc_collate                           - Undefined Weak Reference
    _get_lc_ctype                             - Undefined Weak Reference
    _get_lc_monetary                          - Undefined Weak Reference
    _get_lc_numeric                           - Undefined Weak Reference
    _get_lc_time                              - Undefined Weak Reference
    _getenv_init                              - Undefined Weak Reference
    _handle_redirection                       - Undefined Weak Reference
    _init_alloc                               - Undefined Weak Reference
    _init_user_alloc                          - Undefined Weak Reference
    _initio                                   - Undefined Weak Reference
    _rand_init                                - Undefined Weak Reference
    _signal_finish                            - Undefined Weak Reference
    _signal_init                              - Undefined Weak Reference
    _terminate_alloc                          - Undefined Weak Reference
    _terminate_user_alloc                     - Undefined Weak Reference
    _terminateio                              - Undefined Weak Reference
    __Vectors_Size                           0x00000188   Number         0  startup_stm32f407xx.o ABSOLUTE
    __Vectors                                0x08000000   Data           4  startup_stm32f407xx.o(RESET)
    __Vectors_End                            0x08000188   Data           0  startup_stm32f407xx.o(RESET)
    __main                                   0x08000189   Thumb Code     8  __main.o(!!!main)
    __scatterload                            0x08000191   Thumb Code     0  __scatter.o(!!!scatter)
    __scatterload_rt2                        0x08000191   Thumb Code    44  __scatter.o(!!!scatter)
    __scatterload_rt2_thumb_only             0x08000191   Thumb Code     0  __scatter.o(!!!scatter)
    __scatterload_null                       0x0800019f   Thumb Code     0  __scatter.o(!!!scatter)
    __decompress                             0x080001c5   Thumb Code    90  __dczerorl2.o(!!dczerorl2)
    __decompress1                            0x080001c5   Thumb Code     0  __dczerorl2.o(!!dczerorl2)
    __scatterload_zeroinit                   0x08000221   Thumb Code    28  __scatter_zi.o(!!handler_zi)
    __rt_lib_init                            0x0800023d   Thumb Code     0  libinit.o(.ARM.Collect$$libinit$$00000000)
    __rt_lib_init_fp_1                       0x0800023f   Thumb Code     0  libinit2.o(.ARM.Collect$$libinit$$00000001)
    __rt_lib_init_alloca_1                   0x08000243   Thumb Code     0  libinit2.o(.ARM.Collect$$libinit$$0000002E)
    __rt_lib_init_argv_1                     0x08000243   Thumb Code     0  libinit2.o(.ARM.Collect$$libinit$$0000002C)
    __rt_lib_init_atexit_1                   0x08000243   Thumb Code     0  libinit2.o(.ARM.Collect$$libinit$$0000001B)
    __rt_lib_init_clock_1                    0x08000243   Thumb Code     0  libinit2.o(.ARM.Collect$$libinit$$00000021)
    __rt_lib_init_cpp_1                      0x08000243   Thumb Code     0  libinit2.o(.ARM.Collect$$libinit$$00000032)
    __rt_lib_init_exceptions_1               0x08000243   Thumb Code     0  libinit2.o(.ARM.Collect$$libinit$$00000030)
    __rt_lib_init_fp_trap_1                  0x08000243   Thumb Code     0  libinit2.o(.ARM.Collect$$libinit$$0000001F)
    __rt_lib_init_getenv_1                   0x08000243   Thumb Code     0  libinit2.o(.ARM.Collect$$libinit$$00000023)
    __rt_lib_init_heap_1                     0x08000243   Thumb Code     0  libinit2.o(.ARM.Collect$$libinit$$0000000A)
    __rt_lib_init_lc_collate_1               0x08000243   Thumb Code     0  libinit2.o(.ARM.Collect$$libinit$$00000011)
    __rt_lib_init_lc_ctype_1                 0x08000243   Thumb Code     0  libinit2.o(.ARM.Collect$$libinit$$00000013)
    __rt_lib_init_lc_monetary_1              0x08000243   Thumb Code     0  libinit2.o(.ARM.Collect$$libinit$$00000015)
    __rt_lib_init_lc_numeric_1               0x08000243   Thumb Code     0  libinit2.o(.ARM.Collect$$libinit$$00000017)
    __rt_lib_init_lc_time_1                  0x08000243   Thumb Code     0  libinit2.o(.ARM.Collect$$libinit$$00000019)
    __rt_lib_init_preinit_1                  0x08000243   Thumb Code     0  libinit2.o(.ARM.Collect$$libinit$$00000004)
    __rt_lib_init_rand_1                     0x08000243   Thumb Code     0  libinit2.o(.ARM.Collect$$libinit$$0000000E)
    __rt_lib_init_return                     0x08000243   Thumb Code     0  libinit2.o(.ARM.Collect$$libinit$$00000033)
    __rt_lib_init_signal_1                   0x08000243   Thumb Code     0  libinit2.o(.ARM.Collect$$libinit$$0000001D)
    __rt_lib_init_stdio_1                    0x08000243   Thumb Code     0  libinit2.o(.ARM.Collect$$libinit$$00000025)
    __rt_lib_init_user_alloc_1               0x08000243   Thumb Code     0  libinit2.o(.ARM.Collect$$libinit$$0000000C)
    __rt_lib_shutdown                        0x08000245   Thumb Code     0  libshutdown.o(.ARM.Collect$$libshutdown$$00000000)
    __rt_lib_shutdown_cpp_1                  0x08000247   Thumb Code     0  libshutdown2.o(.ARM.Collect$$libshutdown$$00000002)
    __rt_lib_shutdown_fp_trap_1              0x08000247   Thumb Code     0  libshutdown2.o(.ARM.Collect$$libshutdown$$00000007)
    __rt_lib_shutdown_heap_1                 0x08000247   Thumb Code     0  libshutdown2.o(.ARM.Collect$$libshutdown$$0000000F)
    __rt_lib_shutdown_return                 0x08000247   Thumb Code     0  libshutdown2.o(.ARM.Collect$$libshutdown$$00000010)
    __rt_lib_shutdown_signal_1               0x08000247   Thumb Code     0  libshutdown2.o(.ARM.Collect$$libshutdown$$0000000A)
    __rt_lib_shutdown_stdio_1                0x08000247   Thumb Code     0  libshutdown2.o(.ARM.Collect$$libshutdown$$00000004)
    __rt_lib_shutdown_user_alloc_1           0x08000247   Thumb Code     0  libshutdown2.o(.ARM.Collect$$libshutdown$$0000000C)
    __rt_entry                               0x08000249   Thumb Code     0  __rtentry.o(.ARM.Collect$$rtentry$$00000000)
    __rt_entry_presh_1                       0x08000249   Thumb Code     0  __rtentry2.o(.ARM.Collect$$rtentry$$00000002)
    __rt_entry_sh                            0x08000249   Thumb Code     0  __rtentry4.o(.ARM.Collect$$rtentry$$00000004)
    __rt_entry_li                            0x0800024f   Thumb Code     0  __rtentry2.o(.ARM.Collect$$rtentry$$0000000A)
    __rt_entry_postsh_1                      0x0800024f   Thumb Code     0  __rtentry2.o(.ARM.Collect$$rtentry$$00000009)
    __rt_entry_main                          0x08000253   Thumb Code     0  __rtentry2.o(.ARM.Collect$$rtentry$$0000000D)
    __rt_entry_postli_1                      0x08000253   Thumb Code     0  __rtentry2.o(.ARM.Collect$$rtentry$$0000000C)
    __rt_exit                                0x0800025b   Thumb Code     0  rtexit.o(.ARM.Collect$$rtexit$$00000000)
    __rt_exit_ls                             0x0800025d   Thumb Code     0  rtexit2.o(.ARM.Collect$$rtexit$$00000003)
    __rt_exit_prels_1                        0x0800025d   Thumb Code     0  rtexit2.o(.ARM.Collect$$rtexit$$00000002)
    __rt_exit_exit                           0x08000261   Thumb Code     0  rtexit2.o(.ARM.Collect$$rtexit$$00000004)
    Reset_Handler                            0x08000269   Thumb Code     8  startup_stm32f407xx.o(.text)
    NMI_Handler                              0x08000271   Thumb Code     2  startup_stm32f407xx.o(.text)
    HardFault_Handler                        0x08000273   Thumb Code     2  startup_stm32f407xx.o(.text)
    MemManage_Handler                        0x08000275   Thumb Code     2  startup_stm32f407xx.o(.text)
    BusFault_Handler                         0x08000277   Thumb Code     2  startup_stm32f407xx.o(.text)
    UsageFault_Handler                       0x08000279   Thumb Code     2  startup_stm32f407xx.o(.text)
    SVC_Handler                              0x0800027b   Thumb Code     2  startup_stm32f407xx.o(.text)
    DebugMon_Handler                         0x0800027d   Thumb Code     2  startup_stm32f407xx.o(.text)
    PendSV_Handler                           0x0800027f   Thumb Code     2  startup_stm32f407xx.o(.text)
    CAN1_RX0_IRQHandler                      0x08000283   Thumb Code     0  startup_stm32f407xx.o(.text)
    CAN1_RX1_IRQHandler                      0x08000283   Thumb Code     0  startup_stm32f407xx.o(.text)
    CAN1_SCE_IRQHandler                      0x08000283   Thumb Code     0  startup_stm32f407xx.o(.text)
    CAN1_TX_IRQHandler                       0x08000283   Thumb Code     0  startup_stm32f407xx.o(.text)
    CAN2_RX0_IRQHandler                      0x08000283   Thumb Code     0  startup_stm32f407xx.o(.text)
    CAN2_RX1_IRQHandler                      0x08000283   Thumb Code     0  startup_stm32f407xx.o(.text)
    CAN2_SCE_IRQHandler                      0x08000283   Thumb Code     0  startup_stm32f407xx.o(.text)
    CAN2_TX_IRQHandler                       0x08000283   Thumb Code     0  startup_stm32f407xx.o(.text)
    DCMI_IRQHandler                          0x08000283   Thumb Code     0  startup_stm32f407xx.o(.text)
    DMA1_Stream0_IRQHandler                  0x08000283   Thumb Code     0  startup_stm32f407xx.o(.text)
    DMA1_Stream1_IRQHandler                  0x08000283   Thumb Code     0  startup_stm32f407xx.o(.text)
    DMA1_Stream2_IRQHandler                  0x08000283   Thumb Code     0  startup_stm32f407xx.o(.text)
    DMA1_Stream3_IRQHandler                  0x08000283   Thumb Code     0  startup_stm32f407xx.o(.text)
    DMA1_Stream4_IRQHandler                  0x08000283   Thumb Code     0  startup_stm32f407xx.o(.text)
    DMA1_Stream5_IRQHandler                  0x08000283   Thumb Code     0  startup_stm32f407xx.o(.text)
    DMA1_Stream6_IRQHandler                  0x08000283   Thumb Code     0  startup_stm32f407xx.o(.text)
    DMA1_Stream7_IRQHandler                  0x08000283   Thumb Code     0  startup_stm32f407xx.o(.text)
    DMA2_Stream0_IRQHandler                  0x08000283   Thumb Code     0  startup_stm32f407xx.o(.text)
    DMA2_Stream1_IRQHandler                  0x08000283   Thumb Code     0  startup_stm32f407xx.o(.text)
    DMA2_Stream2_IRQHandler                  0x08000283   Thumb Code     0  startup_stm32f407xx.o(.text)
    DMA2_Stream3_IRQHandler                  0x08000283   Thumb Code     0  startup_stm32f407xx.o(.text)
    DMA2_Stream4_IRQHandler                  0x08000283   Thumb Code     0  startup_stm32f407xx.o(.text)
    DMA2_Stream5_IRQHandler                  0x08000283   Thumb Code     0  startup_stm32f407xx.o(.text)
    DMA2_Stream6_IRQHandler                  0x08000283   Thumb Code     0  startup_stm32f407xx.o(.text)
    DMA2_Stream7_IRQHandler                  0x08000283   Thumb Code     0  startup_stm32f407xx.o(.text)
    ETH_IRQHandler                           0x08000283   Thumb Code     0  startup_stm32f407xx.o(.text)
    ETH_WKUP_IRQHandler                      0x08000283   Thumb Code     0  startup_stm32f407xx.o(.text)
    EXTI0_IRQHandler                         0x08000283   Thumb Code     0  startup_stm32f407xx.o(.text)
    EXTI15_10_IRQHandler                     0x08000283   Thumb Code     0  startup_stm32f407xx.o(.text)
    EXTI1_IRQHandler                         0x08000283   Thumb Code     0  startup_stm32f407xx.o(.text)
    EXTI2_IRQHandler                         0x08000283   Thumb Code     0  startup_stm32f407xx.o(.text)
    EXTI3_IRQHandler                         0x08000283   Thumb Code     0  startup_stm32f407xx.o(.text)
    EXTI4_IRQHandler                         0x08000283   Thumb Code     0  startup_stm32f407xx.o(.text)
    FLASH_IRQHandler                         0x08000283   Thumb Code     0  startup_stm32f407xx.o(.text)
    FMC_IRQHandler                           0x08000283   Thumb Code     0  startup_stm32f407xx.o(.text)
    FPU_IRQHandler                           0x08000283   Thumb Code     0  startup_stm32f407xx.o(.text)
    HASH_RNG_IRQHandler                      0x08000283   Thumb Code     0  startup_stm32f407xx.o(.text)
    I2C1_ER_IRQHandler                       0x08000283   Thumb Code     0  startup_stm32f407xx.o(.text)
    I2C1_EV_IRQHandler                       0x08000283   Thumb Code     0  startup_stm32f407xx.o(.text)
    I2C2_ER_IRQHandler                       0x08000283   Thumb Code     0  startup_stm32f407xx.o(.text)
    I2C2_EV_IRQHandler                       0x08000283   Thumb Code     0  startup_stm32f407xx.o(.text)
    I2C3_ER_IRQHandler                       0x08000283   Thumb Code     0  startup_stm32f407xx.o(.text)
    I2C3_EV_IRQHandler                       0x08000283   Thumb Code     0  startup_stm32f407xx.o(.text)
    OTG_FS_IRQHandler                        0x08000283   Thumb Code     0  startup_stm32f407xx.o(.text)
    OTG_FS_WKUP_IRQHandler                   0x08000283   Thumb Code     0  startup_stm32f407xx.o(.text)
    OTG_HS_EP1_IN_IRQHandler                 0x08000283   Thumb Code     0  startup_stm32f407xx.o(.text)
    OTG_HS_EP1_OUT_IRQHandler                0x08000283   Thumb Code     0  startup_stm32f407xx.o(.text)
    OTG_HS_IRQHandler                        0x08000283   Thumb Code     0  startup_stm32f407xx.o(.text)
    OTG_HS_WKUP_IRQHandler                   0x08000283   Thumb Code     0  startup_stm32f407xx.o(.text)
    PVD_IRQHandler                           0x08000283   Thumb Code     0  startup_stm32f407xx.o(.text)
    RCC_IRQHandler                           0x08000283   Thumb Code     0  startup_stm32f407xx.o(.text)
    RTC_Alarm_IRQHandler                     0x08000283   Thumb Code     0  startup_stm32f407xx.o(.text)
    RTC_WKUP_IRQHandler                      0x08000283   Thumb Code     0  startup_stm32f407xx.o(.text)
    SDIO_IRQHandler                          0x08000283   Thumb Code     0  startup_stm32f407xx.o(.text)
    SPI1_IRQHandler                          0x08000283   Thumb Code     0  startup_stm32f407xx.o(.text)
    SPI2_IRQHandler                          0x08000283   Thumb Code     0  startup_stm32f407xx.o(.text)
    SPI3_IRQHandler                          0x08000283   Thumb Code     0  startup_stm32f407xx.o(.text)
    TAMP_STAMP_IRQHandler                    0x08000283   Thumb Code     0  startup_stm32f407xx.o(.text)
    TIM1_TRG_COM_TIM11_IRQHandler            0x08000283   Thumb Code     0  startup_stm32f407xx.o(.text)
    TIM1_UP_TIM10_IRQHandler                 0x08000283   Thumb Code     0  startup_stm32f407xx.o(.text)
    TIM2_IRQHandler                          0x08000283   Thumb Code     0  startup_stm32f407xx.o(.text)
    TIM3_IRQHandler                          0x08000283   Thumb Code     0  startup_stm32f407xx.o(.text)
    TIM4_IRQHandler                          0x08000283   Thumb Code     0  startup_stm32f407xx.o(.text)
    TIM5_IRQHandler                          0x08000283   Thumb Code     0  startup_stm32f407xx.o(.text)
    TIM7_IRQHandler                          0x08000283   Thumb Code     0  startup_stm32f407xx.o(.text)
    TIM8_TRG_COM_TIM14_IRQHandler            0x08000283   Thumb Code     0  startup_stm32f407xx.o(.text)
    TIM8_UP_TIM13_IRQHandler                 0x08000283   Thumb Code     0  startup_stm32f407xx.o(.text)
    WWDG_IRQHandler                          0x08000283   Thumb Code     0  startup_stm32f407xx.o(.text)
    __user_initial_stackheap                 0x08000285   Thumb Code     0  startup_stm32f407xx.o(.text)
    __aeabi_memcpy                           0x080002a9   Thumb Code     0  rt_memcpy_v6.o(.text)
    __rt_memcpy                              0x080002a9   Thumb Code   138  rt_memcpy_v6.o(.text)
    _memcpy_lastbytes                        0x0800030f   Thumb Code     0  rt_memcpy_v6.o(.text)
    __aeabi_memclr4                          0x08000333   Thumb Code     0  rt_memclr_w.o(.text)
    __aeabi_memclr8                          0x08000333   Thumb Code     0  rt_memclr_w.o(.text)
    __rt_memclr_w                            0x08000333   Thumb Code    78  rt_memclr_w.o(.text)
    _memset_w                                0x08000337   Thumb Code     0  rt_memclr_w.o(.text)
    __use_two_region_memory                  0x08000381   Thumb Code     2  heapauxi.o(.text)
    __rt_heap_escrow$2region                 0x08000383   Thumb Code     2  heapauxi.o(.text)
    __rt_heap_expand$2region                 0x08000385   Thumb Code     2  heapauxi.o(.text)
    __read_errno                             0x08000387   Thumb Code    10  _rserrno.o(.text)
    __set_errno                              0x08000391   Thumb Code    12  _rserrno.o(.text)
    __aeabi_memcpy4                          0x0800039d   Thumb Code     0  rt_memcpy_w.o(.text)
    __aeabi_memcpy8                          0x0800039d   Thumb Code     0  rt_memcpy_w.o(.text)
    __rt_memcpy_w                            0x0800039d   Thumb Code   100  rt_memcpy_w.o(.text)
    _memcpy_lastbytes_aligned                0x080003e5   Thumb Code     0  rt_memcpy_w.o(.text)
    __aeabi_errno_addr                       0x08000401   Thumb Code     8  rt_errno_addr_intlibspace.o(.text)
    __errno$intlibspace                      0x08000401   Thumb Code     0  rt_errno_addr_intlibspace.o(.text)
    __rt_errno_addr$intlibspace              0x08000401   Thumb Code     0  rt_errno_addr_intlibspace.o(.text)
    __user_libspace                          0x08000409   Thumb Code     8  libspace.o(.text)
    __user_perproc_libspace                  0x08000409   Thumb Code     0  libspace.o(.text)
    __user_perthread_libspace                0x08000409   Thumb Code     0  libspace.o(.text)
    __user_setup_stackheap                   0x08000411   Thumb Code    74  sys_stackheap_outer.o(.text)
    exit                                     0x0800045b   Thumb Code    18  exit.o(.text)
    _sys_exit                                0x0800046d   Thumb Code     8  sys_exit.o(.text)
    __I$use$semihosting                      0x08000479   Thumb Code     0  use_no_semi.o(.text)
    __use_no_semihosting_swi                 0x08000479   Thumb Code     2  use_no_semi.o(.text)
    __semihosting_library_function           0x0800047b   Thumb Code     0  indicate_semi.o(.text)
    ADC_IRQHandler                           0x0800047d   Thumb Code   192  adc.o(i.ADC_IRQHandler)
    EXTI9_5_IRQHandler                       0x08000551   Thumb Code    40  main.o(i.EXTI9_5_IRQHandler)
    RccClockInit                             0x08000585   Thumb Code   292  rcc.o(i.RccClockInit)
    SysTick_Handler                          0x080006b5   Thumb Code     8  delay.o(i.SysTick_Handler)
    SystemInit                               0x080006bd   Thumb Code    82  system_stm32f4xx.o(i.SystemInit)
    TIM1_BRK_TIM9_IRQHandler                 0x08000721   Thumb Code    60  pdu.o(i.TIM1_BRK_TIM9_IRQHandler)
    TIM1_CC_IRQHandler                       0x0800076d   Thumb Code    60  pdu.o(i.TIM1_CC_IRQHandler)
    TIM6_DAC_IRQHandler                      0x080007b9   Thumb Code    44  main.o(i.TIM6_DAC_IRQHandler)
    TIM8_BRK_TIM12_IRQHandler                0x080007f1   Thumb Code    62  pdu.o(i.TIM8_BRK_TIM12_IRQHandler)
    TIM8_CC_IRQHandler                       0x08000841   Thumb Code    62  pdu.o(i.TIM8_CC_IRQHandler)
    UART4_IRQHandler                         0x080008c5   Thumb Code    36  bsp.o(i.UART4_IRQHandler)
    UART5_IRQHandler                         0x080008f5   Thumb Code    84  bsp.o(i.UART5_IRQHandler)
    USART1_IRQHandler                        0x08000955   Thumb Code    34  bsp.o(i.USART1_IRQHandler)
    USART2_IRQHandler                        0x08000985   Thumb Code    36  bsp.o(i.USART2_IRQHandler)
    USART3_IRQHandler                        0x080009b5   Thumb Code    36  bsp.o(i.USART3_IRQHandler)
    USART6_IRQHandler                        0x080009e5   Thumb Code    36  bsp.o(i.USART6_IRQHandler)
    __ARM_fpclassify                         0x08000a15   Thumb Code    48  fpclassify.o(i.__ARM_fpclassify)
    __hardfp_atan                            0x08000a89   Thumb Code   622  atan.o(i.__hardfp_atan)
    __hardfp_atan2                           0x08000d61   Thumb Code   432  atan2.o(i.__hardfp_atan2)
    __hardfp_cos                             0x08000f51   Thumb Code   180  cos.o(i.__hardfp_cos)
    __hardfp_fabs                            0x08001019   Thumb Code    20  fabs.o(i.__hardfp_fabs)
    __hardfp_fmod                            0x0800102d   Thumb Code   254  fmod.o(i.__hardfp_fmod)
    __hardfp_sin                             0x08001131   Thumb Code   180  sin.o(i.__hardfp_sin)
    __hardfp_tan                             0x080011f9   Thumb Code   108  tan.o(i.__hardfp_tan)
    __ieee754_rem_pio2                       0x08001279   Thumb Code   938  rred.o(i.__ieee754_rem_pio2)
    __kernel_cos                             0x080016b1   Thumb Code   322  cos_i.o(i.__kernel_cos)
    __kernel_poly                            0x08001821   Thumb Code   248  poly.o(i.__kernel_poly)
    __kernel_sin                             0x08001919   Thumb Code   280  sin_i.o(i.__kernel_sin)
    __kernel_tan                             0x08001a49   Thumb Code   764  tan_i.o(i.__kernel_tan)
    __mathlib_dbl_infnan                     0x08001d99   Thumb Code    20  dunder.o(i.__mathlib_dbl_infnan)
    __mathlib_dbl_infnan2                    0x08001dad   Thumb Code    20  dunder.o(i.__mathlib_dbl_infnan2)
    __mathlib_dbl_invalid                    0x08001dc1   Thumb Code    24  dunder.o(i.__mathlib_dbl_invalid)
    __mathlib_dbl_underflow                  0x08001de1   Thumb Code    24  dunder.o(i.__mathlib_dbl_underflow)
    adcInit                                  0x08001e01   Thumb Code   146  adc.o(i.adcInit)
    allMotorChangeSpeed                      0x08001ead   Thumb Code   484  main.o(i.allMotorChangeSpeed)
    allMotorFaultAck                         0x080020c5   Thumb Code   172  main.o(i.allMotorFaultAck)
    allMotorGetStatus                        0x08002185   Thumb Code   182  main.o(i.allMotorGetStatus)
    allMotorInit                             0x08002251   Thumb Code   844  main.o(i.allMotorInit)
    allMotorStart                            0x080025b1   Thumb Code   212  main.o(i.allMotorStart)
    atan                                     0x0800269d   Thumb Code    16  atan.o(i.atan)
    delayInit                                0x080026ad   Thumb Code    74  delay.o(i.delayInit)
    fabs                                     0x08002705   Thumb Code    24  fabs.o(i.fabs)
    failDriveChangeSpeedCallback             0x0800271d   Thumb Code     2  callback.o(i.failDriveChangeSpeedCallback)
    failDriveFaultAckCallback                0x0800271f   Thumb Code     2  callback.o(i.failDriveFaultAckCallback)
    failDriveInitCallback                    0x08002721   Thumb Code     2  callback.o(i.failDriveInitCallback)
    failDriveStartCallback                   0x08002723   Thumb Code     2  callback.o(i.failDriveStartCallback)
    failDriveStopCallback                    0x08002725   Thumb Code     2  callback.o(i.failDriveStopCallback)
    faultAck                                 0x08002727   Thumb Code    16  motorcontrol.o(i.faultAck)
    getMotorState                            0x08002737   Thumb Code    36  motorcontrol.o(i.getMotorState)
    getSpeed                                 0x0800275b   Thumb Code    38  motorcontrol.o(i.getSpeed)
    interruptInit                            0x08002781   Thumb Code    86  main.o(i.interruptInit)
    kinematica                               0x080027e9   Thumb Code  4552  pdu.o(i.kinematica)
    main                                     0x080039b1   Thumb Code   850  main.o(i.main)
    mcpCalculateCRC                          0x08003d89   Thumb Code    40  mcp.o(i.mcpCalculateCRC)
    mcpCommand                               0x08003db1   Thumb Code    76  mcp.o(i.mcpCommand)
    mcpGetRegister                           0x08003e01   Thumb Code   100  mcp.o(i.mcpGetRegister)
    mcpRamp                                  0x08003e6d   Thumb Code    88  mcp.o(i.mcpRamp)
    mcpSetRegister                           0x08003ec9   Thumb Code    96  mcp.o(i.mcpSetRegister)
    motorChangeZeroSpeed                     0x08003f2d   Thumb Code   188  main.o(i.motorChangeZeroSpeed)
    motorStopAll                             0x08003ffd   Thumb Code   200  main.o(i.motorStopAll)
    normaliz                                 0x080040dd   Thumb Code  1220  pdu.o(i.normaliz)
    reset                                    0x080045b1   Thumb Code    56  main.o(i.reset)
    servoInit                                0x080045f5   Thumb Code   470  main.o(i.servoInit)
    setFluxPID                               0x080047f9   Thumb Code    84  motorcontrol.o(i.setFluxPID)
    setSpeed                                 0x0800484d   Thumb Code    22  motorcontrol.o(i.setSpeed)
    setSpeedPID                              0x08004863   Thumb Code    84  motorcontrol.o(i.setSpeedPID)
    setTorquePID                             0x080048b7   Thumb Code    84  motorcontrol.o(i.setTorquePID)
    sign                                     0x0800490d   Thumb Code    72  pdu.o(i.sign)
    startMotor                               0x0800496d   Thumb Code    16  motorcontrol.o(i.startMotor)
    stopMotor                                0x0800497d   Thumb Code    16  motorcontrol.o(i.stopMotor)
    tim12Init                                0x0800498d   Thumb Code   154  pdu.o(i.tim12Init)
    tim1Init                                 0x08004a35   Thumb Code   166  pdu.o(i.tim1Init)
    tim2Init1                                0x08004aed   Thumb Code   216  pdu.o(i.tim2Init1)
    tim2Init2                                0x08004bd1   Thumb Code   216  pdu.o(i.tim2Init2)
    tim3Init1                                0x08004cb5   Thumb Code   250  pdu.o(i.tim3Init1)
    tim3Init2                                0x08004dbd   Thumb Code   250  pdu.o(i.tim3Init2)
    tim4Init1                                0x08004ec5   Thumb Code   270  pdu.o(i.tim4Init1)
    tim4Init2                                0x08004fe1   Thumb Code   270  pdu.o(i.tim4Init2)
    tim5Init1                                0x080050fd   Thumb Code   250  pdu.o(i.tim5Init1)
    tim5Init2                                0x08005205   Thumb Code   250  pdu.o(i.tim5Init2)
    tim6Init                                 0x0800530d   Thumb Code    56  main.o(i.tim6Init)
    tim7Init                                 0x0800534d   Thumb Code    46  main.o(i.tim7Init)
    tim8Init                                 0x08005385   Thumb Code   172  pdu.o(i.tim8Init)
    tim9Init                                 0x0800543d   Thumb Code   120  pdu.o(i.tim9Init)
    timingDelayDecrement                     0x080054c1   Thumb Code    18  delay.o(i.timingDelayDecrement)
    uart1Init                                0x080054d9   Thumb Code   132  bsp.o(i.uart1Init)
    uart2Init                                0x08005569   Thumb Code   124  bsp.o(i.uart2Init)
    uart3Init                                0x080055f1   Thumb Code   132  bsp.o(i.uart3Init)
    uart4Init                                0x08005681   Thumb Code   132  bsp.o(i.uart4Init)
    uart5Init                                0x08005711   Thumb Code   176  bsp.o(i.uart5Init)
    uartRecive                               0x080057d1   Thumb Code    70  bsp.o(i.uartRecive)
    uartTransmitt                            0x08005825   Thumb Code    16  bsp.o(i.uartTransmitt)
    uartTransmittBuff                        0x08005835   Thumb Code    28  bsp.o(i.uartTransmittBuff)
    __aeabi_dneg                             0x08005851   Thumb Code     0  basic.o(x$fpl$basic)
    _dneg                                    0x08005851   Thumb Code     6  basic.o(x$fpl$basic)
    __aeabi_fneg                             0x08005857   Thumb Code     0  basic.o(x$fpl$basic)
    _fneg                                    0x08005857   Thumb Code     6  basic.o(x$fpl$basic)
    _dabs                                    0x0800585d   Thumb Code     6  basic.o(x$fpl$basic)
    _fabs                                    0x08005863   Thumb Code     6  basic.o(x$fpl$basic)
    __aeabi_dadd                             0x08005869   Thumb Code     0  daddsub_clz.o(x$fpl$dadd)
    _dadd                                    0x08005869   Thumb Code   332  daddsub_clz.o(x$fpl$dadd)
    __fpl_dcmp_Inf                           0x080059b9   Thumb Code    24  dcmpi.o(x$fpl$dcmpinf)
    __aeabi_ddiv                             0x080059d1   Thumb Code     0  ddiv.o(x$fpl$ddiv)
    _ddiv                                    0x080059d1   Thumb Code   552  ddiv.o(x$fpl$ddiv)
    __aeabi_cdcmpeq                          0x08005c81   Thumb Code     0  deqf.o(x$fpl$deqf)
    _dcmpeq                                  0x08005c81   Thumb Code   120  deqf.o(x$fpl$deqf)
    __aeabi_d2iz                             0x08005cf9   Thumb Code     0  dfix.o(x$fpl$dfix)
    _dfix                                    0x08005cf9   Thumb Code    94  dfix.o(x$fpl$dfix)
    __aeabi_d2uiz                            0x08005d59   Thumb Code     0  dfixu.o(x$fpl$dfixu)
    _dfixu                                   0x08005d59   Thumb Code    90  dfixu.o(x$fpl$dfixu)
    __aeabi_i2d                              0x08005db3   Thumb Code     0  dflt_clz.o(x$fpl$dflt)
    _dflt                                    0x08005db3   Thumb Code    46  dflt_clz.o(x$fpl$dflt)
    __aeabi_ui2d                             0x08005de1   Thumb Code     0  dflt_clz.o(x$fpl$dfltu)
    _dfltu                                   0x08005de1   Thumb Code    38  dflt_clz.o(x$fpl$dfltu)
    __aeabi_cdcmple                          0x08005e09   Thumb Code     0  dleqf.o(x$fpl$dleqf)
    _dcmple                                  0x08005e09   Thumb Code   120  dleqf.o(x$fpl$dleqf)
    __fpl_dcmple_InfNaN                      0x08005e6b   Thumb Code     0  dleqf.o(x$fpl$dleqf)
    __aeabi_dmul                             0x08005e81   Thumb Code     0  dmul.o(x$fpl$dmul)
    _dmul                                    0x08005e81   Thumb Code   332  dmul.o(x$fpl$dmul)
    __fpl_dnaninf                            0x08005fd5   Thumb Code   156  dnaninf.o(x$fpl$dnaninf)
    _drem                                    0x08006071   Thumb Code   328  drem_clz.o(x$fpl$drem)
    __fpl_dretinf                            0x080061c1   Thumb Code    12  dretinf.o(x$fpl$dretinf)
    __aeabi_cdrcmple                         0x080061cd   Thumb Code     0  drleqf.o(x$fpl$drleqf)
    _drcmple                                 0x080061cd   Thumb Code   108  drleqf.o(x$fpl$drleqf)
    __aeabi_drsub                            0x08006239   Thumb Code     0  daddsub_clz.o(x$fpl$drsb)
    _drsb                                    0x08006239   Thumb Code    22  daddsub_clz.o(x$fpl$drsb)
    __aeabi_dsub                             0x08006251   Thumb Code     0  daddsub_clz.o(x$fpl$dsub)
    _dsub                                    0x08006251   Thumb Code   464  daddsub_clz.o(x$fpl$dsub)
    _fp_init                                 0x08006425   Thumb Code    10  fpinit.o(x$fpl$fpinit)
    __fplib_config_fpu_vfp                   0x0800642d   Thumb Code     0  fpinit.o(x$fpl$fpinit)
    __fplib_config_pureend_doubles           0x0800642d   Thumb Code     0  fpinit.o(x$fpl$fpinit)
    __I$use$fp                               0x0800642e   Number         0  usenofp.o(x$fpl$usenofp)
    __mathlib_zero                           0x080064f8   Data           8  qnan.o(.constdata)
    Region$$Table$$Base                      0x08006650   Number         0  anon$$obj.o(Region$$Table)
    Region$$Table$$Limit                     0x08006670   Number         0  anon$$obj.o(Region$$Table)
    motorFrontLeft                           0x20000004   Data          16  main.o(.data)
    motorFrontRight                          0x20000014   Data          16  main.o(.data)
    motorRearLeft                            0x20000024   Data          16  main.o(.data)
    motorRearRight                           0x20000034   Data          16  main.o(.data)
    mode                                     0x20000044   Data           1  main.o(.data)
    motorState                               0x20000045   Data           1  main.o(.data)
    motorStopFlag                            0x20000046   Data           1  main.o(.data)
    motorResetFlag                           0x20000047   Data           1  main.o(.data)
    checkStatusTimer                         0x20000048   Data           2  main.o(.data)
    pduTimer                                 0x2000004a   Data           2  main.o(.data)
    speed                                    0x20000050   Data           8  main.o(.data)
    cnt                                      0x2000005c   Data           4  pdu.o(.data)
    flag                                     0x20000060   Data           1  pdu.o(.data)
    period                                   0x20000064   Data           4  pdu.o(.data)
    gam                                      0x20000068   Data           8  pdu.o(.data)
    R                                        0x20000070   Data           8  pdu.o(.data)
    V                                        0x20000078   Data           8  pdu.o(.data)
    L                                        0x20000080   Data           8  pdu.o(.data)
    C                                        0x20000088   Data           8  pdu.o(.data)
    vel_period_max                           0x20000090   Data           8  pdu.o(.data)
    vel_period_mean                          0x20000098   Data           8  pdu.o(.data)
    dir_period_max                           0x200000a0   Data           8  pdu.o(.data)
    dir_period_mean                          0x200000a8   Data           8  pdu.o(.data)
    rx_period_mean                           0x200000b0   Data           8  pdu.o(.data)
    rx_period_max                            0x200000b8   Data           8  pdu.o(.data)
    ry_period_mean                           0x200000c0   Data           8  pdu.o(.data)
    ry_period_max                            0x200000c8   Data           8  pdu.o(.data)
    k_vel                                    0x200000d0   Data           8  pdu.o(.data)
    k_dir                                    0x200000d8   Data           8  pdu.o(.data)
    absVel                                   0x200000e0   Data           8  pdu.o(.data)
    d_dir                                    0x200000e8   Data           8  pdu.o(.data)
    gfl                                      0x200000f0   Data           8  pdu.o(.data)
    gfr                                      0x200000f8   Data           8  pdu.o(.data)
    grl                                      0x20000100   Data           8  pdu.o(.data)
    grr                                      0x20000108   Data           8  pdu.o(.data)
    Vfl                                      0x20000110   Data           8  pdu.o(.data)
    Vfr                                      0x20000118   Data           8  pdu.o(.data)
    Vrl                                      0x20000120   Data           8  pdu.o(.data)
    Vrr                                      0x20000128   Data           8  pdu.o(.data)
    d_pwm_ch1                                0x20000130   Data           4  pdu.o(.data)
    d_pwm_ch2                                0x20000134   Data           4  pdu.o(.data)
    d_pwm_ch3                                0x20000138   Data           4  pdu.o(.data)
    d_pwm_ch4                                0x2000013c   Data           4  pdu.o(.data)
    vel_mean                                 0x20000140   Data           4  pdu.o(.data)
    rx_mean                                  0x20000144   Data           4  pdu.o(.data)
    dir_mean                                 0x20000148   Data           4  pdu.o(.data)
    ry_mean                                  0x2000014c   Data           4  pdu.o(.data)
    pwm_count_ch1                            0x20000150   Data           4  pdu.o(.data)
    pwm_count_ch2                            0x20000154   Data           4  pdu.o(.data)
    pwm_count_ch3                            0x20000158   Data           4  pdu.o(.data)
    pwm_count_ch4                            0x2000015c   Data           4  pdu.o(.data)
    pwm_aim_ch1                              0x20000160   Data           4  pdu.o(.data)
    pwm_aim_ch2                              0x20000164   Data           4  pdu.o(.data)
    pwm_aim_ch3                              0x20000168   Data           4  pdu.o(.data)
    pwm_aim_ch4                              0x2000016c   Data           4  pdu.o(.data)
    vel_src                                  0x20000170   Data           4  pdu.o(.data)
    smt_src1                                 0x20000174   Data           4  pdu.o(.data)
    smt_src2                                 0x20000178   Data           4  pdu.o(.data)
    smt_src3                                 0x2000017c   Data           4  pdu.o(.data)
    ch_pack                                  0x20000180   Data           1  pdu.o(.data)
    wheel_pos                                0x20000182   Data           8  adc.o(.data)
    adc_flag                                 0x2000018a   Data           1  adc.o(.data)
    wheel_flag                               0x2000018b   Data           4  adc.o(.data)
    potState                                 0x2000018f   Data           1  adc.o(.data)
    reciveStatus                             0x20000194   Data           1  bsp.o(.data)
    constractReciveStatus                    0x20000195   Data           1  bsp.o(.data)
    constract                                0x20000196   Data           2  bsp.o(.data)
    wheel_pos_temp                           0x2000019c   Data          16  adc.o(.bss)
    frameBuff                                0x200001ac   Data         257  bsp.o(.bss)
    __libspace_start                         0x200002b0   Data          96  libspace.o(.bss)
    __temporary_stack_top$libspace           0x20000310   Data           0  libspace.o(.bss)



==============================================================================

Memory Map of the image

  Image Entry point : 0x08000269

  Load Region LR_1 (Base: 0x08000000, Size: 0x0000680c, Max: 0xffffffff, ABSOLUTE, COMPRESSED[0x000066c0])

    Execution Region ER_RO (Exec base: 0x08000000, Load base: 0x08000000, Size: 0x00006670, Max: 0xffffffff, ABSOLUTE)

    Exec Addr    Load Addr    Size         Type   Attr      Idx    E Section Name        Object

    0x08000000   0x08000000   0x00000188   Data   RO          824    RESET               startup_stm32f407xx.o
    0x08000188   0x08000188   0x00000008   Code   RO          877  * !!!main             c_w.l(__main.o)
    0x08000190   0x08000190   0x00000034   Code   RO         1213    !!!scatter          c_w.l(__scatter.o)
    0x080001c4   0x080001c4   0x0000005a   Code   RO         1211    !!dczerorl2         c_w.l(__dczerorl2.o)
    0x0800021e   0x0800021e   0x00000002   PAD
    0x08000220   0x08000220   0x0000001c   Code   RO         1215    !!handler_zi        c_w.l(__scatter_zi.o)
    0x0800023c   0x0800023c   0x00000002   Code   RO         1084    .ARM.Collect$$libinit$$00000000  c_w.l(libinit.o)
    0x0800023e   0x0800023e   0x00000004   Code   RO         1087    .ARM.Collect$$libinit$$00000001  c_w.l(libinit2.o)
    0x08000242   0x08000242   0x00000000   Code   RO         1090    .ARM.Collect$$libinit$$00000004  c_w.l(libinit2.o)
    0x08000242   0x08000242   0x00000000   Code   RO         1093    .ARM.Collect$$libinit$$0000000A  c_w.l(libinit2.o)
    0x08000242   0x08000242   0x00000000   Code   RO         1095    .ARM.Collect$$libinit$$0000000C  c_w.l(libinit2.o)
    0x08000242   0x08000242   0x00000000   Code   RO         1097    .ARM.Collect$$libinit$$0000000E  c_w.l(libinit2.o)
    0x08000242   0x08000242   0x00000000   Code   RO         1100    .ARM.Collect$$libinit$$00000011  c_w.l(libinit2.o)
    0x08000242   0x08000242   0x00000000   Code   RO         1102    .ARM.Collect$$libinit$$00000013  c_w.l(libinit2.o)
    0x08000242   0x08000242   0x00000000   Code   RO         1104    .ARM.Collect$$libinit$$00000015  c_w.l(libinit2.o)
    0x08000242   0x08000242   0x00000000   Code   RO         1106    .ARM.Collect$$libinit$$00000017  c_w.l(libinit2.o)
    0x08000242   0x08000242   0x00000000   Code   RO         1108    .ARM.Collect$$libinit$$00000019  c_w.l(libinit2.o)
    0x08000242   0x08000242   0x00000000   Code   RO         1110    .ARM.Collect$$libinit$$0000001B  c_w.l(libinit2.o)
    0x08000242   0x08000242   0x00000000   Code   RO         1112    .ARM.Collect$$libinit$$0000001D  c_w.l(libinit2.o)
    0x08000242   0x08000242   0x00000000   Code   RO         1114    .ARM.Collect$$libinit$$0000001F  c_w.l(libinit2.o)
    0x08000242   0x08000242   0x00000000   Code   RO         1116    .ARM.Collect$$libinit$$00000021  c_w.l(libinit2.o)
    0x08000242   0x08000242   0x00000000   Code   RO         1118    .ARM.Collect$$libinit$$00000023  c_w.l(libinit2.o)
    0x08000242   0x08000242   0x00000000   Code   RO         1120    .ARM.Collect$$libinit$$00000025  c_w.l(libinit2.o)
    0x08000242   0x08000242   0x00000000   Code   RO         1124    .ARM.Collect$$libinit$$0000002C  c_w.l(libinit2.o)
    0x08000242   0x08000242   0x00000000   Code   RO         1126    .ARM.Collect$$libinit$$0000002E  c_w.l(libinit2.o)
    0x08000242   0x08000242   0x00000000   Code   RO         1128    .ARM.Collect$$libinit$$00000030  c_w.l(libinit2.o)
    0x08000242   0x08000242   0x00000000   Code   RO         1130    .ARM.Collect$$libinit$$00000032  c_w.l(libinit2.o)
    0x08000242   0x08000242   0x00000002   Code   RO         1131    .ARM.Collect$$libinit$$00000033  c_w.l(libinit2.o)
    0x08000244   0x08000244   0x00000002   Code   RO         1151    .ARM.Collect$$libshutdown$$00000000  c_w.l(libshutdown.o)
    0x08000246   0x08000246   0x00000000   Code   RO         1164    .ARM.Collect$$libshutdown$$00000002  c_w.l(libshutdown2.o)
    0x08000246   0x08000246   0x00000000   Code   RO         1166    .ARM.Collect$$libshutdown$$00000004  c_w.l(libshutdown2.o)
    0x08000246   0x08000246   0x00000000   Code   RO         1169    .ARM.Collect$$libshutdown$$00000007  c_w.l(libshutdown2.o)
    0x08000246   0x08000246   0x00000000   Code   RO         1172    .ARM.Collect$$libshutdown$$0000000A  c_w.l(libshutdown2.o)
    0x08000246   0x08000246   0x00000000   Code   RO         1174    .ARM.Collect$$libshutdown$$0000000C  c_w.l(libshutdown2.o)
    0x08000246   0x08000246   0x00000000   Code   RO         1177    .ARM.Collect$$libshutdown$$0000000F  c_w.l(libshutdown2.o)
    0x08000246   0x08000246   0x00000002   Code   RO         1178    .ARM.Collect$$libshutdown$$00000010  c_w.l(libshutdown2.o)
    0x08000248   0x08000248   0x00000000   Code   RO          985    .ARM.Collect$$rtentry$$00000000  c_w.l(__rtentry.o)
    0x08000248   0x08000248   0x00000000   Code   RO         1049    .ARM.Collect$$rtentry$$00000002  c_w.l(__rtentry2.o)
    0x08000248   0x08000248   0x00000006   Code   RO         1061    .ARM.Collect$$rtentry$$00000004  c_w.l(__rtentry4.o)
    0x0800024e   0x0800024e   0x00000000   Code   RO         1051    .ARM.Collect$$rtentry$$00000009  c_w.l(__rtentry2.o)
    0x0800024e   0x0800024e   0x00000004   Code   RO         1052    .ARM.Collect$$rtentry$$0000000A  c_w.l(__rtentry2.o)
    0x08000252   0x08000252   0x00000000   Code   RO         1054    .ARM.Collect$$rtentry$$0000000C  c_w.l(__rtentry2.o)
    0x08000252   0x08000252   0x00000008   Code   RO         1055    .ARM.Collect$$rtentry$$0000000D  c_w.l(__rtentry2.o)
    0x0800025a   0x0800025a   0x00000002   Code   RO         1085    .ARM.Collect$$rtexit$$00000000  c_w.l(rtexit.o)
    0x0800025c   0x0800025c   0x00000000   Code   RO         1133    .ARM.Collect$$rtexit$$00000002  c_w.l(rtexit2.o)
    0x0800025c   0x0800025c   0x00000004   Code   RO         1134    .ARM.Collect$$rtexit$$00000003  c_w.l(rtexit2.o)
    0x08000260   0x08000260   0x00000006   Code   RO         1135    .ARM.Collect$$rtexit$$00000004  c_w.l(rtexit2.o)
    0x08000266   0x08000266   0x00000002   PAD
    0x08000268   0x08000268   0x00000040   Code   RO          825  * .text               startup_stm32f407xx.o
    0x080002a8   0x080002a8   0x0000008a   Code   RO          871    .text               c_w.l(rt_memcpy_v6.o)
    0x08000332   0x08000332   0x0000004e   Code   RO          873    .text               c_w.l(rt_memclr_w.o)
    0x08000380   0x08000380   0x00000006   Code   RO          875    .text               c_w.l(heapauxi.o)
    0x08000386   0x08000386   0x00000016   Code   RO          986    .text               c_w.l(_rserrno.o)
    0x0800039c   0x0800039c   0x00000064   Code   RO          988    .text               c_w.l(rt_memcpy_w.o)
    0x08000400   0x08000400   0x00000008   Code   RO         1066    .text               c_w.l(rt_errno_addr_intlibspace.o)
    0x08000408   0x08000408   0x00000008   Code   RO         1072    .text               c_w.l(libspace.o)
    0x08000410   0x08000410   0x0000004a   Code   RO         1075    .text               c_w.l(sys_stackheap_outer.o)
    0x0800045a   0x0800045a   0x00000012   Code   RO         1077    .text               c_w.l(exit.o)
    0x0800046c   0x0800046c   0x0000000c   Code   RO         1143    .text               c_w.l(sys_exit.o)
    0x08000478   0x08000478   0x00000002   Code   RO         1154    .text               c_w.l(use_no_semi.o)
    0x0800047a   0x0800047a   0x00000000   Code   RO         1156    .text               c_w.l(indicate_semi.o)
    0x0800047a   0x0800047a   0x00000002   PAD
    0x0800047c   0x0800047c   0x000000d4   Code   RO          405    i.ADC_IRQHandler    adc.o
    0x08000550   0x08000550   0x00000034   Code   RO            4    i.EXTI9_5_IRQHandler  main.o
    0x08000584   0x08000584   0x00000130   Code   RO          619    i.RccClockInit      rcc.o
    0x080006b4   0x080006b4   0x00000008   Code   RO          565    i.SysTick_Handler   delay.o
    0x080006bc   0x080006bc   0x00000064   Code   RO          833    i.SystemInit        system_stm32f4xx.o
    0x08000720   0x08000720   0x0000004c   Code   RO          191    i.TIM1_BRK_TIM9_IRQHandler  pdu.o
    0x0800076c   0x0800076c   0x0000004c   Code   RO          192    i.TIM1_CC_IRQHandler  pdu.o
    0x080007b8   0x080007b8   0x00000038   Code   RO            5    i.TIM6_DAC_IRQHandler  main.o
    0x080007f0   0x080007f0   0x00000050   Code   RO          193    i.TIM8_BRK_TIM12_IRQHandler  pdu.o
    0x08000840   0x08000840   0x00000050   Code   RO          194    i.TIM8_CC_IRQHandler  pdu.o
    0x08000890   0x08000890   0x00000034   Code   RO          443    i.Tim14Init         bsp.o
    0x080008c4   0x080008c4   0x00000030   Code   RO          444    i.UART4_IRQHandler  bsp.o
    0x080008f4   0x080008f4   0x00000060   Code   RO          445    i.UART5_IRQHandler  bsp.o
    0x08000954   0x08000954   0x00000030   Code   RO          446    i.USART1_IRQHandler  bsp.o
    0x08000984   0x08000984   0x00000030   Code   RO          447    i.USART2_IRQHandler  bsp.o
    0x080009b4   0x080009b4   0x00000030   Code   RO          448    i.USART3_IRQHandler  bsp.o
    0x080009e4   0x080009e4   0x00000030   Code   RO          449    i.USART6_IRQHandler  bsp.o
    0x08000a14   0x08000a14   0x00000030   Code   RO         1068    i.__ARM_fpclassify  m_wm.l(fpclassify.o)
    0x08000a44   0x08000a44   0x00000022   Code   RO            6    i.__NVIC_EnableIRQ  main.o
    0x08000a66   0x08000a66   0x00000022   Code   RO          450    i.__NVIC_EnableIRQ  bsp.o
    0x08000a88   0x08000a88   0x000002d8   Code   RO          999    i.__hardfp_atan     m_wm.l(atan.o)
    0x08000d60   0x08000d60   0x000001f0   Code   RO          913    i.__hardfp_atan2    m_wm.l(atan2.o)
    0x08000f50   0x08000f50   0x000000c8   Code   RO          925    i.__hardfp_cos      m_wm.l(cos.o)
    0x08001018   0x08001018   0x00000014   Code   RO          937    i.__hardfp_fabs     m_wm.l(fabs.o)
    0x0800102c   0x0800102c   0x00000104   Code   RO          943    i.__hardfp_fmod     m_wm.l(fmod.o)
    0x08001130   0x08001130   0x000000c8   Code   RO          961    i.__hardfp_sin      m_wm.l(sin.o)
    0x080011f8   0x080011f8   0x00000080   Code   RO          973    i.__hardfp_tan      m_wm.l(tan.o)
    0x08001278   0x08001278   0x00000438   Code   RO         1031    i.__ieee754_rem_pio2  m_wm.l(rred.o)
    0x080016b0   0x080016b0   0x00000170   Code   RO         1013    i.__kernel_cos      m_wm.l(cos_i.o)
    0x08001820   0x08001820   0x000000f8   Code   RO         1070    i.__kernel_poly     m_wm.l(poly.o)
    0x08001918   0x08001918   0x00000130   Code   RO         1036    i.__kernel_sin      m_wm.l(sin_i.o)
    0x08001a48   0x08001a48   0x00000350   Code   RO         1042    i.__kernel_tan      m_wm.l(tan_i.o)
    0x08001d98   0x08001d98   0x00000014   Code   RO         1017    i.__mathlib_dbl_infnan  m_wm.l(dunder.o)
    0x08001dac   0x08001dac   0x00000014   Code   RO         1018    i.__mathlib_dbl_infnan2  m_wm.l(dunder.o)
    0x08001dc0   0x08001dc0   0x00000020   Code   RO         1019    i.__mathlib_dbl_invalid  m_wm.l(dunder.o)
    0x08001de0   0x08001de0   0x00000020   Code   RO         1022    i.__mathlib_dbl_underflow  m_wm.l(dunder.o)
    0x08001e00   0x08001e00   0x000000ac   Code   RO          406    i.adcInit           adc.o
    0x08001eac   0x08001eac   0x00000218   Code   RO            7    i.allMotorChangeSpeed  main.o
    0x080020c4   0x080020c4   0x000000c0   Code   RO            8    i.allMotorFaultAck  main.o
    0x08002184   0x08002184   0x000000cc   Code   RO            9    i.allMotorGetStatus  main.o
    0x08002250   0x08002250   0x00000360   Code   RO          109    i.allMotorInit      main.o
    0x080025b0   0x080025b0   0x000000ec   Code   RO           10    i.allMotorStart     main.o
    0x0800269c   0x0800269c   0x00000010   Code   RO         1001    i.atan              m_wm.l(atan.o)
    0x080026ac   0x080026ac   0x00000058   Code   RO          566    i.delayInit         delay.o
    0x08002704   0x08002704   0x00000018   Code   RO          939    i.fabs              m_wm.l(fabs.o)
    0x0800271c   0x0800271c   0x00000002   Code   RO          350    i.failDriveChangeSpeedCallback  callback.o
    0x0800271e   0x0800271e   0x00000002   Code   RO          351    i.failDriveFaultAckCallback  callback.o
    0x08002720   0x08002720   0x00000002   Code   RO          352    i.failDriveInitCallback  callback.o
    0x08002722   0x08002722   0x00000002   Code   RO          353    i.failDriveStartCallback  callback.o
    0x08002724   0x08002724   0x00000002   Code   RO          354    i.failDriveStopCallback  callback.o
    0x08002726   0x08002726   0x00000010   Code   RO          700    i.faultAck          motorcontrol.o
    0x08002736   0x08002736   0x00000024   Code   RO          703    i.getMotorState     motorcontrol.o
    0x0800275a   0x0800275a   0x00000026   Code   RO          704    i.getSpeed          motorcontrol.o
    0x08002780   0x08002780   0x00000068   Code   RO           11    i.interruptInit     main.o
    0x080027e8   0x080027e8   0x000011c8   Code   RO          195    i.kinematica        pdu.o
    0x080039b0   0x080039b0   0x000003d8   Code   RO           12    i.main              main.o
    0x08003d88   0x08003d88   0x00000028   Code   RO          643    i.mcpCalculateCRC   mcp.o
    0x08003db0   0x08003db0   0x00000050   Code   RO          644    i.mcpCommand        mcp.o
    0x08003e00   0x08003e00   0x0000006c   Code   RO          645    i.mcpGetRegister    mcp.o
    0x08003e6c   0x08003e6c   0x0000005c   Code   RO          646    i.mcpRamp           mcp.o
    0x08003ec8   0x08003ec8   0x00000064   Code   RO          648    i.mcpSetRegister    mcp.o
    0x08003f2c   0x08003f2c   0x000000d0   Code   RO           13    i.motorChangeZeroSpeed  main.o
    0x08003ffc   0x08003ffc   0x000000e0   Code   RO           14    i.motorStopAll      main.o
    0x080040dc   0x080040dc   0x000004d4   Code   RO          196    i.normaliz          pdu.o
    0x080045b0   0x080045b0   0x00000044   Code   RO           15    i.reset             main.o
    0x080045f4   0x080045f4   0x00000204   Code   RO           16    i.servoInit         main.o
    0x080047f8   0x080047f8   0x00000054   Code   RO          707    i.setFluxPID        motorcontrol.o
    0x0800484c   0x0800484c   0x00000016   Code   RO          708    i.setSpeed          motorcontrol.o
    0x08004862   0x08004862   0x00000054   Code   RO          709    i.setSpeedPID       motorcontrol.o
    0x080048b6   0x080048b6   0x00000054   Code   RO          710    i.setTorquePID      motorcontrol.o
    0x0800490a   0x0800490a   0x00000002   PAD
    0x0800490c   0x0800490c   0x00000060   Code   RO          200    i.sign              pdu.o
    0x0800496c   0x0800496c   0x00000010   Code   RO          711    i.startMotor        motorcontrol.o
    0x0800497c   0x0800497c   0x00000010   Code   RO          712    i.stopMotor         motorcontrol.o
    0x0800498c   0x0800498c   0x000000a8   Code   RO          201    i.tim12Init         pdu.o
    0x08004a34   0x08004a34   0x000000b8   Code   RO          202    i.tim1Init          pdu.o
    0x08004aec   0x08004aec   0x000000e4   Code   RO          203    i.tim2Init1         pdu.o
    0x08004bd0   0x08004bd0   0x000000e4   Code   RO          204    i.tim2Init2         pdu.o
    0x08004cb4   0x08004cb4   0x00000108   Code   RO          205    i.tim3Init1         pdu.o
    0x08004dbc   0x08004dbc   0x00000108   Code   RO          206    i.tim3Init2         pdu.o
    0x08004ec4   0x08004ec4   0x0000011c   Code   RO          207    i.tim4Init1         pdu.o
    0x08004fe0   0x08004fe0   0x0000011c   Code   RO          208    i.tim4Init2         pdu.o
    0x080050fc   0x080050fc   0x00000108   Code   RO          209    i.tim5Init1         pdu.o
    0x08005204   0x08005204   0x00000108   Code   RO          210    i.tim5Init2         pdu.o
    0x0800530c   0x0800530c   0x00000040   Code   RO           17    i.tim6Init          main.o
    0x0800534c   0x0800534c   0x00000038   Code   RO           18    i.tim7Init          main.o
    0x08005384   0x08005384   0x000000b8   Code   RO          211    i.tim8Init          pdu.o
    0x0800543c   0x0800543c   0x00000084   Code   RO          212    i.tim9Init          pdu.o
    0x080054c0   0x080054c0   0x00000018   Code   RO          569    i.timingDelayDecrement  delay.o
    0x080054d8   0x080054d8   0x00000090   Code   RO          451    i.uart1Init         bsp.o
    0x08005568   0x08005568   0x00000088   Code   RO          452    i.uart2Init         bsp.o
    0x080055f0   0x080055f0   0x00000090   Code   RO          453    i.uart3Init         bsp.o
    0x08005680   0x08005680   0x00000090   Code   RO          454    i.uart4Init         bsp.o
    0x08005710   0x08005710   0x000000c0   Code   RO          455    i.uart5Init         bsp.o
    0x080057d0   0x080057d0   0x00000054   Code   RO          457    i.uartRecive        bsp.o
    0x08005824   0x08005824   0x00000010   Code   RO          458    i.uartTransmitt     bsp.o
    0x08005834   0x08005834   0x0000001c   Code   RO          459    i.uartTransmittBuff  bsp.o
    0x08005850   0x08005850   0x00000018   Code   RO          879    x$fpl$basic         fz_wm.l(basic.o)
    0x08005868   0x08005868   0x00000150   Code   RO          881    x$fpl$dadd          fz_wm.l(daddsub_clz.o)
    0x080059b8   0x080059b8   0x00000018   Code   RO          990    x$fpl$dcmpinf       fz_wm.l(dcmpi.o)
    0x080059d0   0x080059d0   0x000002b0   Code   RO          888    x$fpl$ddiv          fz_wm.l(ddiv.o)
    0x08005c80   0x08005c80   0x00000078   Code   RO          891    x$fpl$deqf          fz_wm.l(deqf.o)
    0x08005cf8   0x08005cf8   0x0000005e   Code   RO          893    x$fpl$dfix          fz_wm.l(dfix.o)
    0x08005d56   0x08005d56   0x00000002   PAD
    0x08005d58   0x08005d58   0x0000005a   Code   RO          897    x$fpl$dfixu         fz_wm.l(dfixu.o)
    0x08005db2   0x08005db2   0x0000002e   Code   RO          902    x$fpl$dflt          fz_wm.l(dflt_clz.o)
    0x08005de0   0x08005de0   0x00000026   Code   RO          901    x$fpl$dfltu         fz_wm.l(dflt_clz.o)
    0x08005e06   0x08005e06   0x00000002   PAD
    0x08005e08   0x08005e08   0x00000078   Code   RO          907    x$fpl$dleqf         fz_wm.l(dleqf.o)
    0x08005e80   0x08005e80   0x00000154   Code   RO          909    x$fpl$dmul          fz_wm.l(dmul.o)
    0x08005fd4   0x08005fd4   0x0000009c   Code   RO          992    x$fpl$dnaninf       fz_wm.l(dnaninf.o)
    0x08006070   0x08006070   0x00000150   Code   RO          994    x$fpl$drem          fz_wm.l(drem_clz.o)
    0x080061c0   0x080061c0   0x0000000c   Code   RO          996    x$fpl$dretinf       fz_wm.l(dretinf.o)
    0x080061cc   0x080061cc   0x0000006c   Code   RO          911    x$fpl$drleqf        fz_wm.l(drleqf.o)
    0x08006238   0x08006238   0x00000016   Code   RO          882    x$fpl$drsb          fz_wm.l(daddsub_clz.o)
    0x0800624e   0x0800624e   0x00000002   PAD
    0x08006250   0x08006250   0x000001d4   Code   RO          883    x$fpl$dsub          fz_wm.l(daddsub_clz.o)
    0x08006424   0x08006424   0x0000000a   Code   RO         1141    x$fpl$fpinit        fz_wm.l(fpinit.o)
    0x0800642e   0x0800642e   0x00000000   Code   RO          998    x$fpl$usenofp       fz_wm.l(usenofp.o)
    0x0800642e   0x0800642e   0x00000002   PAD
    0x08006430   0x08006430   0x00000098   Data   RO         1002    .constdata          m_wm.l(atan.o)
    0x080064c8   0x080064c8   0x00000030   Data   RO         1014    .constdata          m_wm.l(cos_i.o)
    0x080064f8   0x080064f8   0x00000008   Data   RO         1030    .constdata          m_wm.l(qnan.o)
    0x08006500   0x08006500   0x000000c8   Data   RO         1033    .constdata          m_wm.l(rred.o)
    0x080065c8   0x080065c8   0x00000028   Data   RO         1037    .constdata          m_wm.l(sin_i.o)
    0x080065f0   0x080065f0   0x00000060   Data   RO         1043    .constdata          m_wm.l(tan_i.o)
    0x08006650   0x08006650   0x00000020   Data   RO         1209    Region$$Table       anon$$obj.o


    Execution Region ER_RW (Exec base: 0x20000000, Load base: 0x08006670, Size: 0x0000019c, Max: 0xffffffff, ABSOLUTE, COMPRESSED[0x00000050])

    Exec Addr    Load Addr    Size         Type   Attr      Idx    E Section Name        Object

    0x20000000   COMPRESSED   0x00000058   Data   RW           19    .data               main.o
    0x20000058   COMPRESSED   0x00000129   Data   RW          213    .data               pdu.o
    0x20000181   COMPRESSED   0x00000001   PAD
    0x20000182   COMPRESSED   0x0000000e   Data   RW          408    .data               adc.o
    0x20000190   COMPRESSED   0x00000008   Data   RW          461    .data               bsp.o
    0x20000198   COMPRESSED   0x00000004   Data   RW          570    .data               delay.o


    Execution Region ER_ZI (Exec base: 0x2000019c, Load base: 0x080066c0, Size: 0x00000774, Max: 0xffffffff, ABSOLUTE)

    Exec Addr    Load Addr    Size         Type   Attr      Idx    E Section Name        Object

    0x2000019c        -       0x00000010   Zero   RW          407    .bss                adc.o
    0x200001ac        -       0x00000101   Zero   RW          460    .bss                bsp.o
    0x200002ad   0x080066c0   0x00000003   PAD
    0x200002b0        -       0x00000060   Zero   RW         1073    .bss                c_w.l(libspace.o)
    0x20000310        -       0x00000200   Zero   RW          823    HEAP                startup_stm32f407xx.o
    0x20000510        -       0x00000400   Zero   RW          822    STACK               startup_stm32f407xx.o


==============================================================================

Image component sizes


      Code (inc. data)   RO Data    RW Data    ZI Data      Debug   Object Name

       384         46          0         14         16      31878   adc.o
      1310        160          0          8        257       9216   bsp.o
        10          0          0          0          0       2416   callback.o
       120         20          0          4          0      31956   delay.o
      4398        434          0         88          0     580937   main.o
       420         20          0          0          0       4192   mcp.o
       396          0          0          0          0       6156   motorcontrol.o
      8944        808          0        297          0      12929   pdu.o
       304         12          0          0          0        679   rcc.o
        64         26        392          0       1536        868   startup_stm32f407xx.o
       100         18          0          0          0        529   system_stm32f4xx.o

    ----------------------------------------------------------------------
     16452       1544        424        412       1812     681756   Object Totals
         0          0         32          0          0          0   (incl. Generated)
         2          0          0          1          3          0   (incl. Padding)

    ----------------------------------------------------------------------

      Code (inc. data)   RO Data    RW Data    ZI Data      Debug   Library Member Name

        90          0          0          0          0          0   __dczerorl2.o
         8          0          0          0          0         68   __main.o
         0          0          0          0          0          0   __rtentry.o
        12          0          0          0          0          0   __rtentry2.o
         6          0          0          0          0          0   __rtentry4.o
        52          8          0          0          0          0   __scatter.o
        28          0          0          0          0          0   __scatter_zi.o
        22          0          0          0          0        100   _rserrno.o
        18          0          0          0          0         80   exit.o
         6          0          0          0          0        152   heapauxi.o
         0          0          0          0          0          0   indicate_semi.o
         2          0          0          0          0          0   libinit.o
         6          0          0          0          0          0   libinit2.o
         2          0          0          0          0          0   libshutdown.o
         2          0          0          0          0          0   libshutdown2.o
         8          4          0          0         96         68   libspace.o
         8          4          0          0          0         68   rt_errno_addr_intlibspace.o
        78          0          0          0          0         80   rt_memclr_w.o
       138          0          0          0          0         68   rt_memcpy_v6.o
       100          0          0          0          0         80   rt_memcpy_w.o
         2          0          0          0          0          0   rtexit.o
        10          0          0          0          0          0   rtexit2.o
        12          4          0          0          0         68   sys_exit.o
        74          0          0          0          0         80   sys_stackheap_outer.o
         2          0          0          0          0         68   use_no_semi.o
        24          0          0          0          0        164   basic.o
       826         16          0          0          0        492   daddsub_clz.o
        24          0          0          0          0        116   dcmpi.o
       688        140          0          0          0        256   ddiv.o
       120          4          0          0          0        140   deqf.o
        94          4          0          0          0        140   dfix.o
        90          4          0          0          0        140   dfixu.o
        84          0          0          0          0        232   dflt_clz.o
       120          4          0          0          0        140   dleqf.o
       340         12          0          0          0        152   dmul.o
       156          4          0          0          0        140   dnaninf.o
       336         12          0          0          0        136   drem_clz.o
        12          0          0          0          0        116   dretinf.o
       108          0          0          0          0        128   drleqf.o
        10          0          0          0          0        116   fpinit.o
         0          0          0          0          0          0   usenofp.o
       744        106        152          0          0        352   atan.o
       496         64          0          0          0        192   atan2.o
       200         20          0          0          0        164   cos.o
       368         46         48          0          0        200   cos_i.o
       104         16          0          0          0        496   dunder.o
        44          0          0          0          0        248   fabs.o
       260          6          0          0          0        144   fmod.o
        48          0          0          0          0        124   fpclassify.o
       248          0          0          0          0        152   poly.o
         0          0          8          0          0          0   qnan.o
      1080        142        200          0          0        188   rred.o
       200         20          0          0          0        164   sin.o
       304         24         40          0          0        208   sin_i.o
       128         20          0          0          0        144   tan.o
       848         84         96          0          0        196   tan_i.o

    ----------------------------------------------------------------------
      8804        768        544          0         96       6560   Library Totals
        14          0          0          0          0          0   (incl. Padding)

    ----------------------------------------------------------------------

      Code (inc. data)   RO Data    RW Data    ZI Data      Debug   Library Name

       686         20          0          0         96        980   c_w.l
      3032        200          0          0          0       2608   fz_wm.l
      5072        548        544          0          0       2972   m_wm.l

    ----------------------------------------------------------------------
      8804        768        544          0         96       6560   Library Totals

    ----------------------------------------------------------------------

==============================================================================


      Code (inc. data)   RO Data    RW Data    ZI Data      Debug   

     25256       2312        968        412       1908     677000   Grand Totals
     25256       2312        968         80       1908     677000   ELF Image Totals (compressed)
     25256       2312        968         80          0          0   ROM Totals

==============================================================================

    Total RO  Size (Code + RO Data)                26224 (  25.61kB)
    Total RW  Size (RW Data + ZI Data)              2320 (   2.27kB)
    Total ROM Size (Code + RO Data + RW Data)      26304 (  25.69kB)

==============================================================================

