Component: ARM Compiler 5.06 update 6 (build 750) Tool: armlink [4d35ed]

==============================================================================

Section Cross References

    main.o(i.main) refers to rcc.o(i.RccClockInit) for RccClockInit
    main.o(i.main) refers to pdu.o(i.tim4Init) for tim4Init
    main.o(i.main) refers to pdu.o(i.tim2Init) for tim2Init
    main.o(i.main) refers to pdu.o(i.tim5Init) for tim5Init
    main.o(i.main) refers to pdu.o(i.tim8Init) for tim8Init
    main.o(i.main) refers to pdu.o(i.tim1Init) for tim1Init
    main.o(i.main) refers to pdu.o(i.tim6Init) for tim6Init
    main.o(i.main) refers to ledcontrol.o(i.ledInit) for ledInit
    main.o(i.main) refers to animation.o(i.animationInit) for animationInit
    main.o(i.main) refers to bsp.o(i.uart2Init) for uart2Init
    main.o(i.main) refers to main.o(i.__NVIC_DisableIRQ) for __NVIC_DisableIRQ
    main.o(i.main) refers to main.o(i.__NVIC_EnableIRQ) for __NVIC_EnableIRQ
    main.o(i.main) refers to dflt_clz.o(x$fpl$dflt) for __aeabi_i2d
    main.o(i.main) refers to dleqf.o(x$fpl$dleqf) for __aeabi_cdcmple
    main.o(i.main) refers to drleqf.o(x$fpl$drleqf) for __aeabi_cdrcmple
    main.o(i.main) refers to deqf.o(x$fpl$deqf) for __aeabi_cdcmpeq
    main.o(i.main) refers to fabs.o(i.__hardfp_fabs) for __hardfp_fabs
    main.o(i.main) refers to dfix.o(x$fpl$dfix) for __aeabi_d2iz
    main.o(i.main) refers to pdu.o(i.map) for map
    main.o(i.main) refers to daddsub_clz.o(x$fpl$drsb) for __aeabi_drsub
    main.o(i.main) refers to pdu.o(i.sign) for sign
    main.o(i.main) refers to dmul.o(x$fpl$dmul) for __aeabi_dmul
    main.o(i.main) refers to bsp.o(.data) for frameBuff
    main.o(i.main) refers to pdu.o(.data) for pduTimer
    main.o(i.main) refers to main.o(.data) for mode
    main.o(i.main) refers to pdu.o(.bss) for echo_angle
    main.o(i.main) refers to bsp.o(i.uartTransmitt) for uartTransmitt
    main.o(i.main) refers to bsp.o(i.uartTransmittBuff) for uartTransmittBuff
    main.o(i.main) refers to pdu.o(i.deg_to_pwm) for deg_to_pwm
    main.o(i.main) refers to animation.o(i.animationLoop) for animationLoop
    main.o(i.main) refers to animation.o(.data) for war
    pdu.o(i.TIM1_UP_TIM10_IRQHandler) refers to pdu.o(i.__NVIC_DisableIRQ) for __NVIC_DisableIRQ
    pdu.o(i.TIM1_UP_TIM10_IRQHandler) refers to pdu.o(.data) for echoState
    pdu.o(i.TIM5_IRQHandler) refers to dflt_clz.o(x$fpl$dfltu) for __aeabi_ui2d
    pdu.o(i.TIM5_IRQHandler) refers to ddiv.o(x$fpl$ddiv) for __aeabi_ddiv
    pdu.o(i.TIM5_IRQHandler) refers to daddsub_clz.o(x$fpl$dsub) for __aeabi_dsub
    pdu.o(i.TIM5_IRQHandler) refers to dfixu.o(x$fpl$dfixu) for __aeabi_d2uiz
    pdu.o(i.TIM5_IRQHandler) refers to pdu.o(i.med_filt) for med_filt
    pdu.o(i.TIM5_IRQHandler) refers to pdu.o(i.__NVIC_EnableIRQ) for __NVIC_EnableIRQ
    pdu.o(i.TIM5_IRQHandler) refers to pdu.o(.data) for sensFlag
    pdu.o(i.TIM5_IRQHandler) refers to pdu.o(.bss) for echo_filter
    pdu.o(i.TIM6_DAC_IRQHandler) refers to pdu.o(.data) for pduTimer
    pdu.o(i.deg_to_pwm) refers to pdu.o(i.constr) for constr
    pdu.o(i.med_filt) refers to dflt_clz.o(x$fpl$dfltu) for __aeabi_ui2d
    pdu.o(i.med_filt) refers to pdu.o(.bss) for echo_filter
    pdu.o(i.sign) refers to drleqf.o(x$fpl$drleqf) for __aeabi_cdrcmple
    pdu.o(i.sign) refers to dleqf.o(x$fpl$dleqf) for __aeabi_cdcmple
    pdu.o(i.tim1Init) refers to pdu.o(i.__NVIC_EnableIRQ) for __NVIC_EnableIRQ
    pdu.o(i.tim1Init) refers to pdu.o(.data) for sensFlag
    pdu.o(i.tim5Init) refers to pdu.o(i.__NVIC_EnableIRQ) for __NVIC_EnableIRQ
    pdu.o(i.tim6Init) refers to pdu.o(i.__NVIC_EnableIRQ) for __NVIC_EnableIRQ
    animation.o(i.TIM8_TRG_COM_TIM14_IRQHandler) refers to animation.o(.data) for blinkTimer
    animation.o(i.animationLoop) refers to ledcontrol.o(i.ledSetBlockRGB) for ledSetBlockRGB
    animation.o(i.animationLoop) refers to ledcontrol.o(i.ledUpdate) for ledUpdate
    animation.o(i.animationLoop) refers to animation.o(i.rangeIndication) for rangeIndication
    animation.o(i.animationLoop) refers to ledcontrol.o(i.ledSetBlockHSV) for ledSetBlockHSV
    animation.o(i.animationLoop) refers to main.o(.data) for mode
    animation.o(i.animationLoop) refers to animation.o(.data) for blinkTimer1
    animation.o(i.animationLoop) refers to pdu.o(.bss) for echo_mes
    animation.o(i.rangeIndication) refers to ledcontrol.o(i.ledSetBlockHSV) for ledSetBlockHSV
    delay.o(i.SysTick_Handler) refers to delay.o(i.timingDelayDecrement) for timingDelayDecrement
    delay.o(i.delay_ms) refers to delay.o(.data) for TimingDelay
    delay.o(i.delay_us) refers to delay.o(.data) for TimingDelay
    delay.o(i.timingDelayDecrement) refers to delay.o(.data) for TimingDelay
    ledcontrol.o(i.TIM8_UP_TIM13_IRQHandler) refers to ledcontrol.o(.data) for idleFlag
    ledcontrol.o(i.buffClear) refers to ledcontrol.o(.bss) for ledsBuff
[...]
    startup_stm32f407xx.o(RESET) refers to animation.o(i.TIM8_TRG_COM_TIM14_IRQHandler) for TIM8_TRG_COM_TIM14_IRQHandler
    startup_stm32f407xx.o(RESET) refers to pdu.o(i.TIM5_IRQHandler) for TIM5_IRQHandler
    startup_stm32f407xx.o(RESET) refers to bsp.o(i.UART4_IRQHandler) for UART4_IRQHandler
    startup_stm32f407xx.o(RESET) refers to bsp.o(i.UART5_IRQHandler) for UART5_IRQHandler
    startup_stm32f407xx.o(RESET) refers to pdu.o(i.TIM6_DAC_IRQHandler) for TIM6_DAC_IRQHandler
    startup_stm32f407xx.o(RESET) refers to bsp.o(i.USART6_IRQHandler) for USART6_IRQHandler
    startup_stm32f407xx.o(.text) refers (Special) to heapauxi.o(.text) for __use_two_region_memory
    startup_stm32f407xx.o(.text) refers to system_stm32f4xx.o(i.SystemInit) for SystemInit
    startup_stm32f407xx.o(.text) refers to __main.o(!!!main) for __main
    startup_stm32f407xx.o(.text) refers to startup_stm32f407xx.o(HEAP) for Heap_Mem
    startup_stm32f407xx.o(.text) refers to startup_stm32f407xx.o(STACK) for Stack_Mem
    system_stm32f4xx.o(i.SystemCoreClockUpdate) refers to system_stm32f4xx.o(.data) for SystemCoreClock
    system_stm32f4xx.o(i.SystemCoreClockUpdate) refers to system_stm32f4xx.o(.constdata) for AHBPrescTable
    __main.o(!!!main) refers to __rtentry.o(.ARM.Collect$$rtentry$$00000000) for __rt_entry
    daddsub_clz.o(x$fpl$dadd) refers (Special) to usenofp.o(x$fpl$usenofp) for __I$use$fp
    daddsub_clz.o(x$fpl$dadd) refers to daddsub_clz.o(x$fpl$dsub) for _dsub1
    daddsub_clz.o(x$fpl$dadd) refers to dretinf.o(x$fpl$dretinf) for __fpl_dretinf
    daddsub_clz.o(x$fpl$dadd) refers to dnaninf.o(x$fpl$dnaninf) for __fpl_dnaninf
    daddsub_clz.o(x$fpl$drsb) refers (Special) to usenofp.o(x$fpl$usenofp) for __I$use$fp
    daddsub_clz.o(x$fpl$drsb) refers to daddsub_clz.o(x$fpl$dadd) for _dadd1
    daddsub_clz.o(x$fpl$drsb) refers to daddsub_clz.o(x$fpl$dsub) for _dsub1
    daddsub_clz.o(x$fpl$dsub) refers (Special) to usenofp.o(x$fpl$usenofp) for __I$use$fp
    daddsub_clz.o(x$fpl$dsub) refers to daddsub_clz.o(x$fpl$dadd) for _dadd1
    daddsub_clz.o(x$fpl$dsub) refers to dnaninf.o(x$fpl$dnaninf) for __fpl_dnaninf
    ddiv.o(x$fpl$drdiv) refers (Special) to usenofp.o(x$fpl$usenofp) for __I$use$fp
    ddiv.o(x$fpl$drdiv) refers to ddiv.o(x$fpl$ddiv) for ddiv_entry
    ddiv.o(x$fpl$ddiv) refers (Special) to usenofp.o(x$fpl$usenofp) for __I$use$fp
    ddiv.o(x$fpl$ddiv) refers to dretinf.o(x$fpl$dretinf) for __fpl_dretinf
    ddiv.o(x$fpl$ddiv) refers to dnaninf.o(x$fpl$dnaninf) for __fpl_dnaninf
    deqf.o(x$fpl$deqf) refers (Special) to usenofp.o(x$fpl$usenofp) for __I$use$fp
    deqf.o(x$fpl$deqf) refers to dnaninf.o(x$fpl$dnaninf) for __fpl_dnaninf
    deqf.o(x$fpl$deqf) refers to dcmpi.o(x$fpl$dcmpinf) for __fpl_dcmp_Inf
    dfix.o(x$fpl$dfix) refers (Special) to usenofp.o(x$fpl$usenofp) for __I$use$fp
    dfix.o(x$fpl$dfix) refers to dnaninf.o(x$fpl$dnaninf) for __fpl_dnaninf
    dfix.o(x$fpl$dfixr) refers (Special) to usenofp.o(x$fpl$usenofp) for __I$use$fp
    dfix.o(x$fpl$dfixr) refers to dnaninf.o(x$fpl$dnaninf) for __fpl_dnaninf
    dfixu.o(x$fpl$dfixu) refers (Special) to usenofp.o(x$fpl$usenofp) for __I$use$fp
    dfixu.o(x$fpl$dfixu) refers to dnaninf.o(x$fpl$dnaninf) for __fpl_dnaninf
    dfixu.o(x$fpl$dfixur) refers (Special) to usenofp.o(x$fpl$usenofp) for __I$use$fp
    dfixu.o(x$fpl$dfixur) refers to dnaninf.o(x$fpl$dnaninf) for __fpl_dnaninf
    dflt_clz.o(x$fpl$dfltu) refers (Special) to usenofp.o(x$fpl$usenofp) for __I$use$fp
    dflt_clz.o(x$fpl$dflt) refers (Special) to usenofp.o(x$fpl$usenofp) for __I$use$fp
    dflt_clz.o(x$fpl$dfltn) refers (Special) to usenofp.o(x$fpl$usenofp) for __I$use$fp
    dleqf.o(x$fpl$dleqf) refers (Special) to usenofp.o(x$fpl$usenofp) for __I$use$fp
    dleqf.o(x$fpl$dleqf) refers to dnaninf.o(x$fpl$dnaninf) for __fpl_dnaninf
    dleqf.o(x$fpl$dleqf) refers to dcmpi.o(x$fpl$dcmpinf) for __fpl_dcmp_Inf
    dmul.o(x$fpl$dmul) refers (Special) to usenofp.o(x$fpl$usenofp) for __I$use$fp
    dmul.o(x$fpl$dmul) refers to dretinf.o(x$fpl$dretinf) for __fpl_dretinf
    dmul.o(x$fpl$dmul) refers to dnaninf.o(x$fpl$dnaninf) for __fpl_dnaninf
    drleqf.o(x$fpl$drleqf) refers (Special) to usenofp.o(x$fpl$usenofp) for __I$use$fp
    drleqf.o(x$fpl$drleqf) refers to dleqf.o(x$fpl$dleqf) for __fpl_dcmple_InfNaN
    fabs.o(i.__hardfp_fabs) refers (Special) to usenofp.o(x$fpl$usenofp) for __I$use$fp
    fabs.o(i.__softfp_fabs) refers (Special) to usenofp.o(x$fpl$usenofp) for __I$use$fp
    fabs.o(i.fabs) refers (Special) to usenofp.o(x$fpl$usenofp) for __I$use$fp
    __rtentry.o(.ARM.Collect$$rtentry$$00000000) refers (Special) to __rtentry2.o(.ARM.Collect$$rtentry$$0000000A) for __rt_entry_li
    __rtentry.o(.ARM.Collect$$rtentry$$00000000) refers (Special) to __rtentry2.o(.ARM.Collect$$rtentry$$0000000D) for __rt_entry_main
    __rtentry.o(.ARM.Collect$$rtentry$$00000000) refers (Special) to __rtentry2.o(.ARM.Collect$$rtentry$$0000000C) for __rt_entry_postli_1
    __rtentry.o(.ARM.Collect$$rtentry$$00000000) refers (Special) to __rtentry2.o(.ARM.Collect$$rtentry$$00000009) for __rt_entry_postsh_1
    __rtentry.o(.ARM.Collect$$rtentry$$00000000) refers (Special) to __rtentry2.o(.ARM.Collect$$rtentry$$00000002) for __rt_entry_presh_1
    __rtentry.o(.ARM.Collect$$rtentry$$00000000) refers (Special) to __rtentry4.o(.ARM.Collect$$rtentry$$00000004) for __rt_entry_sh
    dcmpi.o(x$fpl$dcmpinf) refers (Special) to usenofp.o(x$fpl$usenofp) for __I$use$fp
    dnaninf.o(x$fpl$dnaninf) refers (Special) to usenofp.o(x$fpl$usenofp) for __I$use$fp
    dretinf.o(x$fpl$dretinf) refers (Special) to usenofp.o(x$fpl$usenofp) for __I$use$fp
    __rtentry2.o(.ARM.Collect$$rtentry$$00000008) refers to boardinit2.o(.text) for _platform_post_stackheap_init
    __rtentry2.o(.ARM.Collect$$rtentry$$0000000A) refers to libinit.o(.ARM.Collect$$libinit$$00000000) for __rt_lib_init
    __rtentry2.o(.ARM.Collect$$rtentry$$0000000B) refers to boardinit3.o(.text) for _platform_post_lib_init
    __rtentry2.o(.ARM.Collect$$rtentry$$0000000D) refers to main.o(i.main) for main
    __rtentry2.o(.ARM.Collect$$rtentry$$0000000D) refers to exit.o(.text) for exit
    __rtentry2.o(.ARM.exidx) refers to __rtentry2.o(.ARM.Collect$$rtentry$$00000001) for .ARM.Collect$$rtentry$$00000001
    __rtentry2.o(.ARM.exidx) refers to __rtentry2.o(.ARM.Collect$$rtentry$$00000008) for .ARM.Collect$$rtentry$$00000008
    __rtentry2.o(.ARM.exidx) refers to __rtentry2.o(.ARM.Collect$$rtentry$$0000000A) for .ARM.Collect$$rtentry$$0000000A
    __rtentry2.o(.ARM.exidx) refers to __rtentry2.o(.ARM.Collect$$rtentry$$0000000B) for .ARM.Collect$$rtentry$$0000000B
    __rtentry2.o(.ARM.exidx) refers to __rtentry2.o(.ARM.Collect$$rtentry$$0000000D) for .ARM.Collect$$rtentry$$0000000D
    __rtentry4.o(.ARM.Collect$$rtentry$$00000004) refers to sys_stackheap_outer.o(.text) for __user_setup_stackheap
    __rtentry4.o(.ARM.exidx) refers to __rtentry4.o(.ARM.Collect$$rtentry$$00000004) for .ARM.Collect$$rtentry$$00000004
    sys_stackheap_outer.o(.text) refers to libspace.o(.text) for __user_perproc_libspace
    sys_stackheap_outer.o(.text) refers to startup_stm32f407xx.o(.text) for __user_initial_stackheap
    exit.o(.text) refers to rtexit.o(.ARM.Collect$$rtexit$$00000000) for __rt_exit
    libinit.o(.ARM.Collect$$libinit$$00000000) refers (Special) to libinit2.o(.ARM.Collect$$libinit$$0000002E) for __rt_lib_init_alloca_1
    libinit.o(.ARM.Collect$$libinit$$00000000) refers (Special) to libinit2.o(.ARM.Collect$$libinit$$0000002C) for __rt_lib_init_argv_1
    libinit.o(.ARM.Collect$$libinit$$00000000) refers (Special) to libinit2.o(.ARM.Collect$$libinit$$0000001B) for __rt_lib_init_atexit_1
    libinit.o(.ARM.Collect$$libinit$$00000000) refers (Special) to libinit2.o(.ARM.Collect$$libinit$$00000021) for __rt_lib_init_clock_1
    libinit.o(.ARM.Collect$$libinit$$00000000) refers (Special) to libinit2.o(.ARM.Collect$$libinit$$00000032) for __rt_lib_init_cpp_1
    libinit.o(.ARM.Collect$$libinit$$00000000) refers (Special) to libinit2.o(.ARM.Collect$$libinit$$00000030) for __rt_lib_init_exceptions_1
    libinit.o(.ARM.Collect$$libinit$$00000000) refers (Special) to libinit2.o(.ARM.Collect$$libinit$$00000001) for __rt_lib_init_fp_1
    libinit.o(.ARM.Collect$$libinit$$00000000) refers (Special) to libinit2.o(.ARM.Collect$$libinit$$0000001F) for __rt_lib_init_fp_trap_1
    libinit.o(.ARM.Collect$$libinit$$00000000) refers (Special) to libinit2.o(.ARM.Collect$$libinit$$00000023) for __rt_lib_init_getenv_1
    libinit.o(.ARM.Collect$$libinit$$00000000) refers (Special) to libinit2.o(.ARM.Collect$$libinit$$0000000A) for __rt_lib_init_heap_1
    libinit.o(.ARM.Collect$$libinit$$00000000) refers (Special) to libinit2.o(.ARM.Collect$$libinit$$00000011) for __rt_lib_init_lc_collate_1
    libinit.o(.ARM.Collect$$libinit$$00000000) refers (Special) to libinit2.o(.ARM.Collect$$libinit$$00000013) for __rt_lib_init_lc_ctype_1
    libinit.o(.ARM.Collect$$libinit$$00000000) refers (Special) to libinit2.o(.ARM.Collect$$libinit$$00000015) for __rt_lib_init_lc_monetary_1
    libinit.o(.ARM.Collect$$libinit$$00000000) refers (Special) to libinit2.o(.ARM.Collect$$libinit$$00000017) for __rt_lib_init_lc_numeric_1
    libinit.o(.ARM.Collect$$libinit$$00000000) refers (Special) to libinit2.o(.ARM.Collect$$libinit$$00000019) for __rt_lib_init_lc_time_1
    libinit.o(.ARM.Collect$$libinit$$00000000) refers (Special) to libinit2.o(.ARM.Collect$$libinit$$00000004) for __rt_lib_init_preinit_1
    libinit.o(.ARM.Collect$$libinit$$00000000) refers (Special) to libinit2.o(.ARM.Collect$$libinit$$0000000E) for __rt_lib_init_rand_1
    libinit.o(.ARM.Collect$$libinit$$00000000) refers (Special) to libinit2.o(.ARM.Collect$$libinit$$00000033) for __rt_lib_init_return
    libinit.o(.ARM.Collect$$libinit$$00000000) refers (Special) to libinit2.o(.ARM.Collect$$libinit$$0000001D) for __rt_lib_init_signal_1
    libinit.o(.ARM.Collect$$libinit$$00000000) refers (Special) to libinit2.o(.ARM.Collect$$libinit$$00000025) for __rt_lib_init_stdio_1
    libinit.o(.ARM.Collect$$libinit$$00000000) refers (Special) to libinit2.o(.ARM.Collect$$libinit$$0000000C) for __rt_lib_init_user_alloc_1
    libspace.o(.text) refers to libspace.o(.bss) for __libspace_start
    rtexit.o(.ARM.Collect$$rtexit$$00000000) refers (Special) to rtexit2.o(.ARM.Collect$$rtexit$$00000004) for __rt_exit_exit
    rtexit.o(.ARM.Collect$$rtexit$$00000000) refers (Special) to rtexit2.o(.ARM.Collect$$rtexit$$00000003) for __rt_exit_ls
    rtexit.o(.ARM.Collect$$rtexit$$00000000) refers (Special) to rtexit2.o(.ARM.Collect$$rtexit$$00000002) for __rt_exit_prels_1
    rtexit.o(.ARM.exidx) refers (Special) to rtexit2.o(.ARM.Collect$$rtexit$$00000004) for __rt_exit_exit
    rtexit.o(.ARM.exidx) refers (Special) to rtexit2.o(.ARM.Collect$$rtexit$$00000003) for __rt_exit_ls
    rtexit.o(.ARM.exidx) refers (Special) to rtexit2.o(.ARM.Collect$$rtexit$$00000002) for __rt_exit_prels_1
    rtexit.o(.ARM.exidx) refers to rtexit.o(.ARM.Collect$$rtexit$$00000000) for .ARM.Collect$$rtexit$$00000000
    libinit2.o(.ARM.Collect$$libinit$$00000001) refers to fpinit.o(x$fpl$fpinit) for _fp_init
    libinit2.o(.ARM.Collect$$libinit$$00000010) refers to libinit2.o(.ARM.Collect$$libinit$$0000000F) for .ARM.Collect$$libinit$$0000000F
    libinit2.o(.ARM.Collect$$libinit$$00000012) refers to libinit2.o(.ARM.Collect$$libinit$$0000000F) for .ARM.Collect$$libinit$$0000000F
    libinit2.o(.ARM.Collect$$libinit$$00000014) refers to libinit2.o(.ARM.Collect$$libinit$$0000000F) for .ARM.Collect$$libinit$$0000000F
    libinit2.o(.ARM.Collect$$libinit$$00000016) refers to libinit2.o(.ARM.Collect$$libinit$$0000000F) for .ARM.Collect$$libinit$$0000000F
    libinit2.o(.ARM.Collect$$libinit$$00000018) refers to libinit2.o(.ARM.Collect$$libinit$$0000000F) for .ARM.Collect$$libinit$$0000000F
    libinit2.o(.ARM.Collect$$libinit$$00000026) refers to argv_veneer.o(.emb_text) for __ARM_argv_veneer
    libinit2.o(.ARM.Collect$$libinit$$00000027) refers to argv_veneer.o(.emb_text) for __ARM_argv_veneer
    rtexit2.o(.ARM.Collect$$rtexit$$00000003) refers to libshutdown.o(.ARM.Collect$$libshutdown$$00000000) for __rt_lib_shutdown
    rtexit2.o(.ARM.Collect$$rtexit$$00000004) refers to sys_exit.o(.text) for _sys_exit
    rtexit2.o(.ARM.exidx) refers to rtexit2.o(.ARM.Collect$$rtexit$$00000001) for .ARM.Collect$$rtexit$$00000001
    rtexit2.o(.ARM.exidx) refers to rtexit2.o(.ARM.Collect$$rtexit$$00000003) for .ARM.Collect$$rtexit$$00000003
    rtexit2.o(.ARM.exidx) refers to rtexit2.o(.ARM.Collect$$rtexit$$00000004) for .ARM.Collect$$rtexit$$00000004
    argv_veneer.o(.emb_text) refers to no_argv.o(.text) for __ARM_get_argv
    sys_exit.o(.text) refers (Special) to use_no_semi.o(.text) for __I$use$semihosting
    sys_exit.o(.text) refers (Special) to indicate_semi.o(.text) for __semihosting_library_function
    _get_argv_nomalloc.o(.text) refers (Special) to hrguard.o(.text) for __heap_region$guard
    _get_argv_nomalloc.o(.text) refers to defsig_rtmem_outer.o(.text) for __rt_SIGRTMEM
    _get_argv_nomalloc.o(.text) refers to sys_command.o(.text) for _sys_command_string
    libshutdown.o(.ARM.Collect$$libshutdown$$00000000) refers (Special) to libshutdown2.o(.ARM.Collect$$libshutdown$$00000002) for __rt_lib_shutdown_cpp_1
    libshutdown.o(.ARM.Collect$$libshutdown$$00000000) refers (Special) to libshutdown2.o(.ARM.Collect$$libshutdown$$00000007) for __rt_lib_shutdown_fp_trap_1
    libshutdown.o(.ARM.Collect$$libshutdown$$00000000) refers (Special) to libshutdown2.o(.ARM.Collect$$libshutdown$$0000000F) for __rt_lib_shutdown_heap_1
    libshutdown.o(.ARM.Collect$$libshutdown$$00000000) refers (Special) to libshutdown2.o(.ARM.Collect$$libshutdown$$00000010) for __rt_lib_shutdown_return
    libshutdown.o(.ARM.Collect$$libshutdown$$00000000) refers (Special) to libshutdown2.o(.ARM.Collect$$libshutdown$$0000000A) for __rt_lib_shutdown_signal_1
    libshutdown.o(.ARM.Collect$$libshutdown$$00000000) refers (Special) to libshutdown2.o(.ARM.Collect$$libshutdown$$00000004) for __rt_lib_shutdown_stdio_1
    libshutdown.o(.ARM.Collect$$libshutdown$$00000000) refers (Special) to libshutdown2.o(.ARM.Collect$$libshutdown$$0000000C) for __rt_lib_shutdown_user_alloc_1
    sys_command.o(.text) refers (Special) to use_no_semi.o(.text) for __I$use$semihosting
    sys_command.o(.text) refers (Special) to indicate_semi.o(.text) for __semihosting_library_function
    defsig_rtmem_outer.o(.text) refers to defsig_rtmem_inner.o(.text) for __rt_SIGRTMEM_inner
    defsig_rtmem_outer.o(.text) refers to defsig_exit.o(.text) for __sig_exit
    defsig_rtmem_formal.o(.text) refers to rt_raise.o(.text) for __rt_raise
    rt_raise.o(.text) refers to __raise.o(.text) for __raise
    rt_raise.o(.text) refers to sys_exit.o(.text) for _sys_exit
    defsig_exit.o(.text) refers to sys_exit.o(.text) for _sys_exit
    defsig_rtmem_inner.o(.text) refers to defsig_general.o(.text) for __default_signal_display
    __raise.o(.text) refers to defsig.o(CL$$defsig) for __default_signal_handler
    defsig_general.o(.text) refers to sys_wrch.o(.text) for _ttywrch
    sys_wrch.o(.text) refers (Special) to use_no_semi.o(.text) for __I$use$semihosting
    sys_wrch.o(.text) refers (Special) to indicate_semi.o(.text) for __semihosting_library_function
    defsig.o(CL$$defsig) refers to defsig_rtmem_inner.o(.text) for __rt_SIGRTMEM_inner
    defsig_abrt_inner.o(.text) refers to defsig_general.o(.text) for __default_signal_display
    defsig_fpe_inner.o(.text) refers to defsig_general.o(.text) for __default_signal_display
    defsig_rtred_inner.o(.text) refers to defsig_general.o(.text) for __default_signal_display
    defsig_stak_inner.o(.text) refers to defsig_general.o(.text) for __default_signal_display
    defsig_pvfn_inner.o(.text) refers to defsig_general.o(.text) for __default_signal_display
    defsig_cppl_inner.o(.text) refers to defsig_general.o(.text) for __default_signal_display
    defsig_segv_inner.o(.text) refers to defsig_general.o(.text) for __default_signal_display
    defsig_other.o(.text) refers to defsig_general.o(.text) for __default_signal_display


==============================================================================

Removing Unused input sections from the image.

    Removing main.o(.rev16_text), (4 bytes).
    Removing main.o(.revsh_text), (4 bytes).
    Removing main.o(.rrx_text), (6 bytes).
    Removing pdu.o(.rev16_text), (4 bytes).
    Removing pdu.o(.revsh_text), (4 bytes).
    Removing pdu.o(.rrx_text), (6 bytes).
    Removing animation.o(.rev16_text), (4 bytes).
    Removing animation.o(.revsh_text), (4 bytes).
    Removing animation.o(.rrx_text), (6 bytes).
    Removing delay.o(.rev16_text), (4 bytes).
    Removing delay.o(.revsh_text), (4 bytes).
    Removing delay.o(.rrx_text), (6 bytes).
    Removing delay.o(i.delayInit), (88 bytes).
    Removing delay.o(i.delay_ms), (24 bytes).
    Removing delay.o(i.delay_us), (24 bytes).
    Removing rcc.o(.rev16_text), (4 bytes).
    Removing rcc.o(.revsh_text), (4 bytes).
    Removing rcc.o(.rrx_text), (6 bytes).
    Removing ledcontrol.o(.rev16_text), (4 bytes).
    Removing ledcontrol.o(.revsh_text), (4 bytes).
    Removing ledcontrol.o(.rrx_text), (6 bytes).
    Removing ledcontrol.o(i.getIdleFlag), (12 bytes).
    Removing bsp.o(.rev16_text), (4 bytes).
    Removing bsp.o(.revsh_text), (4 bytes).
    Removing bsp.o(.rrx_text), (6 bytes).
    Removing bsp.o(i.uart1Init), (136 bytes).
    Removing bsp.o(i.uart3Init), (144 bytes).
    Removing bsp.o(i.uart4Init), (136 bytes).
    Removing bsp.o(i.uart5Init), (184 bytes).
    Removing bsp.o(i.uart6Init), (148 bytes).
    Removing bsp.o(i.uartRecive), (84 bytes).
    Removing system_stm32f4xx.o(.rev16_text), (4 bytes).
    Removing system_stm32f4xx.o(.revsh_text), (4 bytes).
    Removing system_stm32f4xx.o(.rrx_text), (6 bytes).
    Removing system_stm32f4xx.o(i.SystemCoreClockUpdate), (192 bytes).
    Removing system_stm32f4xx.o(.constdata), (24 bytes).
    Removing system_stm32f4xx.o(.data), (4 bytes).

37 unused section(s) (total 1312 bytes) removed from the image.

==============================================================================

Image Symbol Table

    Local Symbols

    Symbol Name                              Value     Ov Type        Size  Object(Section)

    ../clib/angel/boardlib.s                 0x00000000   Number         0  boardshut.o ABSOLUTE
    ../clib/angel/boardlib.s                 0x00000000   Number         0  boardinit3.o ABSOLUTE
    ../clib/angel/boardlib.s                 0x00000000   Number         0  boardinit2.o ABSOLUTE
    ../clib/angel/boardlib.s                 0x00000000   Number         0  boardinit1.o ABSOLUTE
    ../clib/angel/handlers.s                 0x00000000   Number         0  __scatter_copy.o ABSOLUTE
    ../clib/angel/handlers.s                 0x00000000   Number         0  __scatter_zi.o ABSOLUTE
    ../clib/angel/kernel.s                   0x00000000   Number         0  __rtentry2.o ABSOLUTE
    ../clib/angel/kernel.s                   0x00000000   Number         0  rtexit2.o ABSOLUTE
    ../clib/angel/kernel.s                   0x00000000   Number         0  rtexit.o ABSOLUTE
    ../clib/angel/kernel.s                   0x00000000   Number         0  __rtentry.o ABSOLUTE
    ../clib/angel/kernel.s                   0x00000000   Number         0  __rtentry4.o ABSOLUTE
    ../clib/angel/rt.s                       0x00000000   Number         0  rt_raise.o ABSOLUTE
    ../clib/angel/scatter.s                  0x00000000   Number         0  __scatter.o ABSOLUTE
    ../clib/angel/startup.s                  0x00000000   Number         0  __main.o ABSOLUTE
    ../clib/angel/sys.s                      0x00000000   Number         0  libspace.o ABSOLUTE
    ../clib/angel/sys.s                      0x00000000   Number         0  use_no_semi.o ABSOLUTE
    ../clib/angel/sys.s                      0x00000000   Number         0  indicate_semi.o ABSOLUTE
    ../clib/angel/sys.s                      0x00000000   Number         0  sys_stackheap_outer.o ABSOLUTE
    ../clib/angel/sysapp.c                   0x00000000   Number         0  sys_exit.o ABSOLUTE
    ../clib/angel/sysapp.c                   0x00000000   Number         0  sys_command.o ABSOLUTE
    ../clib/angel/sysapp.c                   0x00000000   Number         0  sys_wrch.o ABSOLUTE
    ../clib/armsys.c                         0x00000000   Number         0  _get_argv_nomalloc.o ABSOLUTE
    ../clib/armsys.c                         0x00000000   Number         0  argv_veneer.o ABSOLUTE
    ../clib/armsys.c                         0x00000000   Number         0  argv_veneer.o ABSOLUTE
    ../clib/armsys.c                         0x00000000   Number         0  no_argv.o ABSOLUTE
    ../clib/heapalloc.c                      0x00000000   Number         0  hrguard.o ABSOLUTE
    ../clib/heapaux.c                        0x00000000   Number         0  heapauxi.o ABSOLUTE
    ../clib/libinit.s                        0x00000000   Number         0  libshutdown.o ABSOLUTE
    ../clib/libinit.s                        0x00000000   Number         0  libinit2.o ABSOLUTE
    ../clib/libinit.s                        0x00000000   Number         0  libshutdown2.o ABSOLUTE
    ../clib/libinit.s                        0x00000000   Number         0  libinit.o ABSOLUTE
    ../clib/signal.c                         0x00000000   Number         0  defsig_stak_inner.o ABSOLUTE
    ../clib/signal.c                         0x00000000   Number         0  defsig_rtred_inner.o ABSOLUTE
    ../clib/signal.c                         0x00000000   Number         0  defsig_other.o ABSOLUTE
    ../clib/signal.c                         0x00000000   Number         0  defsig_segv_inner.o ABSOLUTE
    ../clib/signal.c                         0x00000000   Number         0  defsig_cppl_inner.o ABSOLUTE
    ../clib/signal.c                         0x00000000   Number         0  defsig_pvfn_inner.o ABSOLUTE
    ../clib/signal.c                         0x00000000   Number         0  defsig_fpe_inner.o ABSOLUTE
    ../clib/signal.c                         0x00000000   Number         0  defsig_abrt_inner.o ABSOLUTE
    ../clib/signal.c                         0x00000000   Number         0  defsig_general.o ABSOLUTE
    ../clib/signal.c                         0x00000000   Number         0  __raise.o ABSOLUTE
    ../clib/signal.c                         0x00000000   Number         0  defsig_exit.o ABSOLUTE
    ../clib/signal.c                         0x00000000   Number         0  defsig_rtmem_formal.o ABSOLUTE
    ../clib/signal.c                         0x00000000   Number         0  defsig_rtmem_outer.o ABSOLUTE
    ../clib/signal.c                         0x00000000   Number         0  defsig_rtmem_inner.o ABSOLUTE
    ../clib/signal.s                         0x00000000   Number         0  defsig.o ABSOLUTE
    ../clib/stdlib.c                         0x00000000   Number         0  exit.o ABSOLUTE
    ../fplib/daddsub.s                       0x00000000   Number         0  daddsub_clz.o ABSOLUTE
    ../fplib/dcmpi.s                         0x00000000   Number         0  dcmpi.o ABSOLUTE
    ../fplib/ddiv.s                          0x00000000   Number         0  ddiv.o ABSOLUTE
    ../fplib/deqf.s                          0x00000000   Number         0  deqf.o ABSOLUTE
    ../fplib/dfix.s                          0x00000000   Number         0  dfix.o ABSOLUTE
    ../fplib/dfixu.s                         0x00000000   Number         0  dfixu.o ABSOLUTE
    ../fplib/dflt.s                          0x00000000   Number         0  dflt_clz.o ABSOLUTE
    ../fplib/dleqf.s                         0x00000000   Number         0  dleqf.o ABSOLUTE
    ../fplib/dmul.s                          0x00000000   Number         0  dmul.o ABSOLUTE
    ../fplib/dnaninf.s                       0x00000000   Number         0  dnaninf.o ABSOLUTE
    ../fplib/dretinf.s                       0x00000000   Number         0  dretinf.o ABSOLUTE
    ../fplib/drleqf.s                        0x00000000   Number         0  drleqf.o ABSOLUTE
    ../fplib/fpinit.s                        0x00000000   Number         0  fpinit.o ABSOLUTE
    ../fplib/usenofp.s                       0x00000000   Number         0  usenofp.o ABSOLUTE
    ../mathlib/fabs.c                        0x00000000   Number         0  fabs.o ABSOLUTE
    Code\\src\\animation.c                   0x00000000   Number         0  animation.o ABSOLUTE
    Code\\src\\main.c                        0x00000000   Number         0  main.o ABSOLUTE
    Code\\src\\pdu.c                         0x00000000   Number         0  pdu.o ABSOLUTE
    Code\src\animation.c                     0x00000000   Number         0  animation.o ABSOLUTE
    Code\src\main.c                          0x00000000   Number         0  main.o ABSOLUTE
    Code\src\pdu.c                           0x00000000   Number         0  pdu.o ABSOLUTE
    Lib\\src\\LedControl.c                   0x00000000   Number         0  ledcontrol.o ABSOLUTE
    Lib\\src\\bsp.c                          0x00000000   Number         0  bsp.o ABSOLUTE
    Lib\\src\\delay.c                        0x00000000   Number         0  delay.o ABSOLUTE
    Lib\\src\\rcc.c                          0x00000000   Number         0  rcc.o ABSOLUTE
    Lib\src\LedControl.c                     0x00000000   Number         0  ledcontrol.o ABSOLUTE
    Lib\src\bsp.c                            0x00000000   Number         0  bsp.o ABSOLUTE
    Lib\src\delay.c                          0x00000000   Number         0  delay.o ABSOLUTE
    Lib\src\rcc.c                            0x00000000   Number         0  rcc.o ABSOLUTE
    RTE\Device\STM32F407VGTx\startup_stm32f407xx.s 0x00000000   Number         0  startup_stm32f407xx.o ABSOLUTE
    RTE\Device\STM32F407VGTx\system_stm32f4xx.c 0x00000000   Number         0  system_stm32f4xx.o ABSOLUTE
    RTE\\Device\\STM32F407VGTx\\system_stm32f4xx.c 0x00000000   Number         0  system_stm32f4xx.o ABSOLUTE
    dc.s                                     0x00000000   Number         0  dc.o ABSOLUTE
    RESET                                    0x08000000   Section      392  startup_stm32f407xx.o(RESET)
    !!!main                                  0x08000188   Section        8  __main.o(!!!main)
    !!!scatter                               0x08000190   Section       52  __scatter.o(!!!scatter)
    !!handler_copy                           0x080001c4   Section       26  __scatter_copy.o(!!handler_copy)
    !!handler_zi                             0x080001e0   Section       28  __scatter_zi.o(!!handler_zi)
    .ARM.Collect$$libinit$$00000000          0x080001fc   Section        2  libinit.o(.ARM.Collect$$libinit$$00000000)
    .ARM.Collect$$libinit$$00000001          0x080001fe   Section        4  libinit2.o(.ARM.Collect$$libinit$$00000001)
    .ARM.Collect$$libinit$$00000004          0x08000202   Section        0  libinit2.o(.ARM.Collect$$libinit$$00000004)
    .ARM.Collect$$libinit$$0000000A          0x08000202   Section        0  libinit2.o(.ARM.Collect$$libinit$$0000000A)
    .ARM.Collect$$libinit$$0000000C          0x08000202   Section        0  libinit2.o(.ARM.Collect$$libinit$$0000000C)
    .ARM.Collect$$libinit$$0000000E          0x08000202   Section        0  libinit2.o(.ARM.Collect$$libinit$$0000000E)
    .ARM.Collect$$libinit$$00000011          0x08000202   Section        0  libinit2.o(.ARM.Collect$$libinit$$00000011)
    .ARM.Collect$$libinit$$00000013          0x08000202   Section        0  libinit2.o(.ARM.Collect$$libinit$$00000013)
    .ARM.Collect$$libinit$$00000015          0x08000202   Section        0  libinit2.o(.ARM.Collect$$libinit$$00000015)
    .ARM.Collect$$libinit$$00000017          0x08000202   Section        0  libinit2.o(.ARM.Collect$$libinit$$00000017)
    .ARM.Collect$$libinit$$00000019          0x08000202   Section        0  libinit2.o(.ARM.Collect$$libinit$$00000019)
    .ARM.Collect$$libinit$$0000001B          0x08000202   Section        0  libinit2.o(.ARM.Collect$$libinit$$0000001B)
    .ARM.Collect$$libinit$$0000001D          0x08000202   Section        0  libinit2.o(.ARM.Collect$$libinit$$0000001D)
    .ARM.Collect$$libinit$$0000001F          0x08000202   Section        0  libinit2.o(.ARM.Collect$$libinit$$0000001F)
    .ARM.Collect$$libinit$$00000021          0x08000202   Section        0  libinit2.o(.ARM.Collect$$libinit$$00000021)
    .ARM.Collect$$libinit$$00000023          0x08000202   Section        0  libinit2.o(.ARM.Collect$$libinit$$00000023)
    .ARM.Collect$$libinit$$00000025          0x08000202   Section        0  libinit2.o(.ARM.Collect$$libinit$$00000025)
    .ARM.Collect$$libinit$$0000002C          0x08000202   Section        0  libinit2.o(.ARM.Collect$$libinit$$0000002C)
    .ARM.Collect$$libinit$$0000002E          0x08000202   Section        0  libinit2.o(.ARM.Collect$$libinit$$0000002E)
    .ARM.Collect$$libinit$$00000030          0x08000202   Section        0  libinit2.o(.ARM.Collect$$libinit$$00000030)
    .ARM.Collect$$libinit$$00000032          0x08000202   Section        0  libinit2.o(.ARM.Collect$$libinit$$00000032)
    .ARM.Collect$$libinit$$00000033          0x08000202   Section        2  libinit2.o(.ARM.Collect$$libinit$$00000033)
    .ARM.Collect$$libshutdown$$00000000      0x08000204   Section        2  libshutdown.o(.ARM.Collect$$libshutdown$$00000000)
    .ARM.Collect$$libshutdown$$00000002      0x08000206   Section        0  libshutdown2.o(.ARM.Collect$$libshutdown$$00000002)
    .ARM.Collect$$libshutdown$$00000004      0x08000206   Section        0  libshutdown2.o(.ARM.Collect$$libshutdown$$00000004)
    .ARM.Collect$$libshutdown$$00000007      0x08000206   Section        0  libshutdown2.o(.ARM.Collect$$libshutdown$$00000007)
    .ARM.Collect$$libshutdown$$0000000A      0x08000206   Section        0  libshutdown2.o(.ARM.Collect$$libshutdown$$0000000A)
    .ARM.Collect$$libshutdown$$0000000C      0x08000206   Section        0  libshutdown2.o(.ARM.Collect$$libshutdown$$0000000C)
    .ARM.Collect$$libshutdown$$0000000F      0x08000206   Section        0  libshutdown2.o(.ARM.Collect$$libshutdown$$0000000F)
    .ARM.Collect$$libshutdown$$00000010      0x08000206   Section        2  libshutdown2.o(.ARM.Collect$$libshutdown$$00000010)
    .ARM.Collect$$rtentry$$00000000          0x08000208   Section        0  __rtentry.o(.ARM.Collect$$rtentry$$00000000)
    .ARM.Collect$$rtentry$$00000002          0x08000208   Section        0  __rtentry2.o(.ARM.Collect$$rtentry$$00000002)
    .ARM.Collect$$rtentry$$00000004          0x08000208   Section        6  __rtentry4.o(.ARM.Collect$$rtentry$$00000004)
    .ARM.Collect$$rtentry$$00000009          0x0800020e   Section        0  __rtentry2.o(.ARM.Collect$$rtentry$$00000009)
    .ARM.Collect$$rtentry$$0000000A          0x0800020e   Section        4  __rtentry2.o(.ARM.Collect$$rtentry$$0000000A)
    .ARM.Collect$$rtentry$$0000000C          0x08000212   Section        0  __rtentry2.o(.ARM.Collect$$rtentry$$0000000C)
    .ARM.Collect$$rtentry$$0000000D          0x08000212   Section        8  __rtentry2.o(.ARM.Collect$$rtentry$$0000000D)
    .ARM.Collect$$rtexit$$00000000           0x0800021a   Section        2  rtexit.o(.ARM.Collect$$rtexit$$00000000)
    .ARM.Collect$$rtexit$$00000002           0x0800021c   Section        0  rtexit2.o(.ARM.Collect$$rtexit$$00000002)
    .ARM.Collect$$rtexit$$00000003           0x0800021c   Section        4  rtexit2.o(.ARM.Collect$$rtexit$$00000003)
    .ARM.Collect$$rtexit$$00000004           0x08000220   Section        6  rtexit2.o(.ARM.Collect$$rtexit$$00000004)
    .text                                    0x08000228   Section       64  startup_stm32f407xx.o(.text)
    $v0                                      0x08000228   Number         0  startup_stm32f407xx.o(.text)
    .text                                    0x08000268   Section        0  heapauxi.o(.text)
    .text                                    0x0800026e   Section       74  sys_stackheap_outer.o(.text)
    .text                                    0x080002b8   Section        0  exit.o(.text)
    .text                                    0x080002cc   Section        8  libspace.o(.text)
    .text                                    0x080002d4   Section        0  sys_exit.o(.text)
    .text                                    0x080002e0   Section        2  use_no_semi.o(.text)
    .text                                    0x080002e2   Section        0  indicate_semi.o(.text)
    i.DMA1_Stream4_IRQHandler                0x080002e4   Section        0  ledcontrol.o(i.DMA1_Stream4_IRQHandler)
    i.RccClockInit                           0x08000334   Section        0  rcc.o(i.RccClockInit)
    i.SysTick_Handler                        0x08000464   Section        0  delay.o(i.SysTick_Handler)
    i.SystemInit                             0x0800046c   Section        0  system_stm32f4xx.o(i.SystemInit)
    i.TIM1_UP_TIM10_IRQHandler               0x080004d0   Section        0  pdu.o(i.TIM1_UP_TIM10_IRQHandler)
    i.TIM5_IRQHandler                        0x08000620   Section        0  pdu.o(i.TIM5_IRQHandler)
    i.TIM6_DAC_IRQHandler                    0x08000a14   Section        0  pdu.o(i.TIM6_DAC_IRQHandler)
    i.TIM8_TRG_COM_TIM14_IRQHandler          0x08000a40   Section        0  animation.o(i.TIM8_TRG_COM_TIM14_IRQHandler)
    i.TIM8_UP_TIM13_IRQHandler               0x08000a88   Section        0  ledcontrol.o(i.TIM8_UP_TIM13_IRQHandler)
    i.Tim9Init                               0x08000ad0   Section        0  bsp.o(i.Tim9Init)
    Tim9Init                                 0x08000ad1   Thumb Code    44  bsp.o(i.Tim9Init)
    i.UART4_IRQHandler                       0x08000b04   Section        0  bsp.o(i.UART4_IRQHandler)
    i.UART5_IRQHandler                       0x08000b34   Section        0  bsp.o(i.UART5_IRQHandler)
    i.USART1_IRQHandler                      0x08000b40   Section        0  bsp.o(i.USART1_IRQHandler)
    i.USART2_IRQHandler                      0x08000b70   Section        0  bsp.o(i.USART2_IRQHandler)
    i.USART3_IRQHandler                      0x08000be0   Section        0  bsp.o(i.USART3_IRQHandler)
    i.USART6_IRQHandler                      0x08000c10   Section        0  bsp.o(i.USART6_IRQHandler)
    i.__NVIC_DisableIRQ                      0x08000c40   Section        0  main.o(i.__NVIC_DisableIRQ)
    __NVIC_DisableIRQ                        0x08000c41   Thumb Code    30  main.o(i.__NVIC_DisableIRQ)
    i.__NVIC_DisableIRQ                      0x08000c64   Section        0  pdu.o(i.__NVIC_DisableIRQ)
    __NVIC_DisableIRQ                        0x08000c65   Thumb Code    30  pdu.o(i.__NVIC_DisableIRQ)
    i.__NVIC_EnableIRQ                       0x08000c88   Section        0  main.o(i.__NVIC_EnableIRQ)
    __NVIC_EnableIRQ                         0x08000c89   Thumb Code    34  main.o(i.__NVIC_EnableIRQ)
    i.__NVIC_EnableIRQ                       0x08000caa   Section        0  pdu.o(i.__NVIC_EnableIRQ)
    __NVIC_EnableIRQ                         0x08000cab   Thumb Code    34  pdu.o(i.__NVIC_EnableIRQ)
    i.__NVIC_EnableIRQ                       0x08000ccc   Section        0  ledcontrol.o(i.__NVIC_EnableIRQ)
    __NVIC_EnableIRQ                         0x08000ccd   Thumb Code    34  ledcontrol.o(i.__NVIC_EnableIRQ)
    i.__NVIC_EnableIRQ                       0x08000cee   Section        0  bsp.o(i.__NVIC_EnableIRQ)
    __NVIC_EnableIRQ                         0x08000cef   Thumb Code    34  bsp.o(i.__NVIC_EnableIRQ)
    i.__hardfp_fabs                          0x08000d10   Section        0  fabs.o(i.__hardfp_fabs)
    i.animationInit                          0x08000d24   Section        0  animation.o(i.animationInit)
    i.animationLoop                          0x08000d88   Section        0  animation.o(i.animationLoop)
    i.buffClear                              0x08001018   Section        0  ledcontrol.o(i.buffClear)
    i.constr                                 0x08001038   Section        0  pdu.o(i.constr)
    i.deg_to_pwm                             0x0800104e   Section        0  pdu.o(i.deg_to_pwm)
    i.ledInit                                0x08001068   Section        0  ledcontrol.o(i.ledInit)
    i.ledSetBlockHSV                         0x080011a0   Section        0  ledcontrol.o(i.ledSetBlockHSV)
    i.ledSetBlockRGB                         0x080011ec   Section        0  ledcontrol.o(i.ledSetBlockRGB)
    i.ledSetHSV                              0x08001238   Section        0  ledcontrol.o(i.ledSetHSV)
    i.ledSetRGB                              0x08001370   Section        0  ledcontrol.o(i.ledSetRGB)
    i.ledUpdate                              0x08001454   Section        0  ledcontrol.o(i.ledUpdate)
    i.main                                   0x0800149c   Section        0  main.o(i.main)
    i.map                                    0x08001ce0   Section        0  pdu.o(i.map)
    i.med_filt                               0x08001cf8   Section        0  pdu.o(i.med_filt)
    i.rangeIndication                        0x08001d60   Section        0  animation.o(i.rangeIndication)
    rangeIndication                          0x08001d61   Thumb Code    68  animation.o(i.rangeIndication)
    i.sign                                   0x08001da4   Section        0  pdu.o(i.sign)
    i.tim1Init                               0x08001e04   Section        0  pdu.o(i.tim1Init)
    i.tim2Init                               0x08001e94   Section        0  pdu.o(i.tim2Init)
    i.tim4Init                               0x08001f98   Section        0  pdu.o(i.tim4Init)
    i.tim5Init                               0x08002090   Section        0  pdu.o(i.tim5Init)
    i.tim6Init                               0x08002198   Section        0  pdu.o(i.tim6Init)
    i.tim8Init                               0x080021d8   Section        0  pdu.o(i.tim8Init)
    i.timingDelayDecrement                   0x080022cc   Section        0  delay.o(i.timingDelayDecrement)
    i.uart2Init                              0x080022e4   Section        0  bsp.o(i.uart2Init)
    i.uartTransmitt                          0x08002384   Section        0  bsp.o(i.uartTransmitt)
    i.uartTransmittBuff                      0x08002394   Section        0  bsp.o(i.uartTransmittBuff)
    x$fpl$dadd                               0x080023b0   Section      336  daddsub_clz.o(x$fpl$dadd)
    $v0                                      0x080023b0   Number         0  daddsub_clz.o(x$fpl$dadd)
    _dadd1                                   0x080023c1   Thumb Code     0  daddsub_clz.o(x$fpl$dadd)
    x$fpl$dcmpinf                            0x08002500   Section       24  dcmpi.o(x$fpl$dcmpinf)
    $v0                                      0x08002500   Number         0  dcmpi.o(x$fpl$dcmpinf)
    x$fpl$ddiv                               0x08002518   Section      688  ddiv.o(x$fpl$ddiv)
    $v0                                      0x08002518   Number         0  ddiv.o(x$fpl$ddiv)
    ddiv_entry                               0x0800251f   Thumb Code     0  ddiv.o(x$fpl$ddiv)
    x$fpl$deqf                               0x080027c8   Section      120  deqf.o(x$fpl$deqf)
    $v0                                      0x080027c8   Number         0  deqf.o(x$fpl$deqf)
    x$fpl$dfix                               0x08002840   Section       94  dfix.o(x$fpl$dfix)
    $v0                                      0x08002840   Number         0  dfix.o(x$fpl$dfix)
    x$fpl$dfixu                              0x080028a0   Section       90  dfixu.o(x$fpl$dfixu)
    $v0                                      0x080028a0   Number         0  dfixu.o(x$fpl$dfixu)
    x$fpl$dflt                               0x080028fa   Section       46  dflt_clz.o(x$fpl$dflt)
    $v0                                      0x080028fa   Number         0  dflt_clz.o(x$fpl$dflt)
    x$fpl$dfltu                              0x08002928   Section       38  dflt_clz.o(x$fpl$dfltu)
    $v0                                      0x08002928   Number         0  dflt_clz.o(x$fpl$dfltu)
    x$fpl$dleqf                              0x08002950   Section      120  dleqf.o(x$fpl$dleqf)
    $v0                                      0x08002950   Number         0  dleqf.o(x$fpl$dleqf)
    x$fpl$dmul                               0x080029c8   Section      340  dmul.o(x$fpl$dmul)
    $v0                                      0x080029c8   Number         0  dmul.o(x$fpl$dmul)
    x$fpl$dnaninf                            0x08002b1c   Section      156  dnaninf.o(x$fpl$dnaninf)
    $v0                                      0x08002b1c   Number         0  dnaninf.o(x$fpl$dnaninf)
    x$fpl$dretinf                            0x08002bb8   Section       12  dretinf.o(x$fpl$dretinf)
    $v0                                      0x08002bb8   Number         0  dretinf.o(x$fpl$dretinf)
    x$fpl$drleqf                             0x08002bc4   Section      108  drleqf.o(x$fpl$drleqf)
    $v0                                      0x08002bc4   Number         0  drleqf.o(x$fpl$drleqf)
    x$fpl$drsb                               0x08002c30   Section       22  daddsub_clz.o(x$fpl$drsb)
    $v0                                      0x08002c30   Number         0  daddsub_clz.o(x$fpl$drsb)
    x$fpl$dsub                               0x08002c48   Section      468  daddsub_clz.o(x$fpl$dsub)
    $v0                                      0x08002c48   Number         0  daddsub_clz.o(x$fpl$dsub)
    _dsub1                                   0x08002c59   Thumb Code     0  daddsub_clz.o(x$fpl$dsub)
    x$fpl$fpinit                             0x08002e1c   Section       10  fpinit.o(x$fpl$fpinit)
    $v0                                      0x08002e1c   Number         0  fpinit.o(x$fpl$fpinit)
    .constdata                               0x08002e26   Section      256  ledcontrol.o(.constdata)
    x$fpl$usenofp                            0x08002e26   Section        0  usenofp.o(x$fpl$usenofp)
    .data                                    0x20000000   Section        7  main.o(.data)
    TimingDelay                              0x20000000   Data           4  main.o(.data)
    .data                                    0x20000008   Section       30  pdu.o(.data)
    .data                                    0x20000028   Section       23  animation.o(.data)
    TimingDelay                              0x20000028   Data           4  animation.o(.data)
    blinkState                               0x20000038   Data           1  animation.o(.data)
    blinkState1                              0x20000039   Data           1  animation.o(.data)
    redBlink                                 0x2000003a   Data           1  animation.o(.data)
    hueAnimation                             0x2000003c   Data           2  animation.o(.data)
    hueDir                                   0x2000003e   Data           1  animation.o(.data)
    .data                                    0x20000040   Section        4  delay.o(.data)
    TimingDelay                              0x20000040   Data           4  delay.o(.data)
    .data                                    0x20000044   Section        5  ledcontrol.o(.data)
    TimingDelay                              0x20000044   Data           4  ledcontrol.o(.data)
    .data                                    0x2000004c   Section       10  bsp.o(.data)
    TimingDelay                              0x2000004c   Data           4  bsp.o(.data)
    .bss                                     0x20000058   Section      352  pdu.o(.bss)
    .bss                                     0x200001b8   Section     4276  ledcontrol.o(.bss)
    .bss                                     0x2000126c   Section       96  libspace.o(.bss)
    HEAP                                     0x200012d0   Section      512  startup_stm32f407xx.o(HEAP)
    Heap_Mem                                 0x200012d0   Data         512  startup_stm32f407xx.o(HEAP)
    STACK                                    0x200014d0   Section     1024  startup_stm32f407xx.o(STACK)
    Stack_Mem                                0x200014d0   Data        1024  startup_stm32f407xx.o(STACK)
    __initial_sp                             0x200018d0   Data           0  startup_stm32f407xx.o(STACK)

    Global Symbols

    Symbol Name                              Value     Ov Type        Size  Object(Section)

    BuildAttributes$$THM_ISAv4$E$P$D$K$B$S$7EM$VFPi3$EXTD16$VFPS$VFMA$PE$A:L22UL41UL21$X:L11$S22US41US21$IEEE1$IW$USESV6$~STKCKD$USESV7$~SHL$OTIME$ROPI$IEEEJ$EBA8$UX$STANDARDLIB$REQ8$PRES8$EABIv2 0x00000000   Number         0  anon$$obj.o ABSOLUTE
    __ARM_use_no_argv                        0x00000000   Number         0  main.o ABSOLUTE
    __ARM_exceptions_init                     - Undefined Weak Reference
    __alloca_initialize                       - Undefined Weak Reference
    __arm_preinit_                            - Undefined Weak Reference
    __cpp_initialize__aeabi_                  - Undefined Weak Reference
    __cxa_finalize                            - Undefined Weak Reference
    __rt_locale                               - Undefined Weak Reference
    __sigvec_lookup                           - Undefined Weak Reference
    _atexit_init                              - Undefined Weak Reference
    _call_atexit_fns                          - Undefined Weak Reference
    _clock_init                               - Undefined Weak Reference
    _fp_trap_init                             - Undefined Weak Reference
    _fp_trap_shutdown                         - Undefined Weak Reference
    _get_lc_collate                           - Undefined Weak Reference
    _get_lc_ctype                             - Undefined Weak Reference
    _get_lc_monetary                          - Undefined Weak Reference
    _get_lc_numeric                           - Undefined Weak Reference
    _get_lc_time                              - Undefined Weak Reference
    _getenv_init                              - Undefined Weak Reference
    _handle_redirection                       - Undefined Weak Reference
    _init_alloc                               - Undefined Weak Reference
    _init_user_alloc                          - Undefined Weak Reference
    _initio                                   - Undefined Weak Reference
    _rand_init                                - Undefined Weak Reference
    _signal_finish                            - Undefined Weak Reference
    _signal_init                              - Undefined Weak Reference
    _terminate_alloc                          - Undefined Weak Reference
    _terminate_user_alloc                     - Undefined Weak Reference
    _terminateio                              - Undefined Weak Reference
    __Vectors_Size                           0x00000188   Number         0  startup_stm32f407xx.o ABSOLUTE
    __Vectors                                0x08000000   Data           4  startup_stm32f407xx.o(RESET)
    __Vectors_End                            0x08000188   Data           0  startup_stm32f407xx.o(RESET)
    __main                                   0x08000189   Thumb Code     8  __main.o(!!!main)
    __scatterload                            0x08000191   Thumb Code     0  __scatter.o(!!!scatter)
    __scatterload_rt2                        0x08000191   Thumb Code    44  __scatter.o(!!!scatter)
    __scatterload_rt2_thumb_only             0x08000191   Thumb Code     0  __scatter.o(!!!scatter)
    __scatterload_null                       0x0800019f   Thumb Code     0  __scatter.o(!!!scatter)
    __scatterload_copy                       0x080001c5   Thumb Code    26  __scatter_copy.o(!!handler_copy)
    __scatterload_zeroinit                   0x080001e1   Thumb Code    28  __scatter_zi.o(!!handler_zi)
    __rt_lib_init                            0x080001fd   Thumb Code     0  libinit.o(.ARM.Collect$$libinit$$00000000)
    __rt_lib_init_fp_1                       0x080001ff   Thumb Code     0  libinit2.o(.ARM.Collect$$libinit$$00000001)
    __rt_lib_init_alloca_1                   0x08000203   Thumb Code     0  libinit2.o(.ARM.Collect$$libinit$$0000002E)
    __rt_lib_init_argv_1                     0x08000203   Thumb Code     0  libinit2.o(.ARM.Collect$$libinit$$0000002C)
    __rt_lib_init_atexit_1                   0x08000203   Thumb Code     0  libinit2.o(.ARM.Collect$$libinit$$0000001B)
    __rt_lib_init_clock_1                    0x08000203   Thumb Code     0  libinit2.o(.ARM.Collect$$libinit$$00000021)
    __rt_lib_init_cpp_1                      0x08000203   Thumb Code     0  libinit2.o(.ARM.Collect$$libinit$$00000032)
    __rt_lib_init_exceptions_1               0x08000203   Thumb Code     0  libinit2.o(.ARM.Collect$$libinit$$00000030)
    __rt_lib_init_fp_trap_1                  0x08000203   Thumb Code     0  libinit2.o(.ARM.Collect$$libinit$$0000001F)
    __rt_lib_init_getenv_1                   0x08000203   Thumb Code     0  libinit2.o(.ARM.Collect$$libinit$$00000023)
    __rt_lib_init_heap_1                     0x08000203   Thumb Code     0  libinit2.o(.ARM.Collect$$libinit$$0000000A)
    __rt_lib_init_lc_collate_1               0x08000203   Thumb Code     0  libinit2.o(.ARM.Collect$$libinit$$00000011)
    __rt_lib_init_lc_ctype_1                 0x08000203   Thumb Code     0  libinit2.o(.ARM.Collect$$libinit$$00000013)
    __rt_lib_init_lc_monetary_1              0x08000203   Thumb Code     0  libinit2.o(.ARM.Collect$$libinit$$00000015)
    __rt_lib_init_lc_numeric_1               0x08000203   Thumb Code     0  libinit2.o(.ARM.Collect$$libinit$$00000017)
    __rt_lib_init_lc_time_1                  0x08000203   Thumb Code     0  libinit2.o(.ARM.Collect$$libinit$$00000019)
    __rt_lib_init_preinit_1                  0x08000203   Thumb Code     0  libinit2.o(.ARM.Collect$$libinit$$00000004)
    __rt_lib_init_rand_1                     0x08000203   Thumb Code     0  libinit2.o(.ARM.Collect$$libinit$$0000000E)
    __rt_lib_init_return                     0x08000203   Thumb Code     0  libinit2.o(.ARM.Collect$$libinit$$00000033)
    __rt_lib_init_signal_1                   0x08000203   Thumb Code     0  libinit2.o(.ARM.Collect$$libinit$$0000001D)
    __rt_lib_init_stdio_1                    0x08000203   Thumb Code     0  libinit2.o(.ARM.Collect$$libinit$$00000025)
    __rt_lib_init_user_alloc_1               0x08000203   Thumb Code     0  libinit2.o(.ARM.Collect$$libinit$$0000000C)
    __rt_lib_shutdown                        0x08000205   Thumb Code     0  libshutdown.o(.ARM.Collect$$libshutdown$$00000000)
    __rt_lib_shutdown_cpp_1                  0x08000207   Thumb Code     0  libshutdown2.o(.ARM.Collect$$libshutdown$$00000002)
    __rt_lib_shutdown_fp_trap_1              0x08000207   Thumb Code     0  libshutdown2.o(.ARM.Collect$$libshutdown$$00000007)
    __rt_lib_shutdown_heap_1                 0x08000207   Thumb Code     0  libshutdown2.o(.ARM.Collect$$libshutdown$$0000000F)
    __rt_lib_shutdown_return                 0x08000207   Thumb Code     0  libshutdown2.o(.ARM.Collect$$libshutdown$$00000010)
    __rt_lib_shutdown_signal_1               0x08000207   Thumb Code     0  libshutdown2.o(.ARM.Collect$$libshutdown$$0000000A)
    __rt_lib_shutdown_stdio_1                0x08000207   Thumb Code     0  libshutdown2.o(.ARM.Collect$$libshutdown$$00000004)
    __rt_lib_shutdown_user_alloc_1           0x08000207   Thumb Code     0  libshutdown2.o(.ARM.Collect$$libshutdown$$0000000C)
    __rt_entry                               0x08000209   Thumb Code     0  __rtentry.o(.ARM.Collect$$rtentry$$00000000)
    __rt_entry_presh_1                       0x08000209   Thumb Code     0  __rtentry2.o(.ARM.Collect$$rtentry$$00000002)
    __rt_entry_sh                            0x08000209   Thumb Code     0  __rtentry4.o(.ARM.Collect$$rtentry$$00000004)
    __rt_entry_li                            0x0800020f   Thumb Code     0  __rtentry2.o(.ARM.Collect$$rtentry$$0000000A)
    __rt_entry_postsh_1                      0x0800020f   Thumb Code     0  __rtentry2.o(.ARM.Collect$$rtentry$$00000009)
    __rt_entry_main                          0x08000213   Thumb Code     0  __rtentry2.o(.ARM.Collect$$rtentry$$0000000D)
    __rt_entry_postli_1                      0x08000213   Thumb Code     0  __rtentry2.o(.ARM.Collect$$rtentry$$0000000C)
    __rt_exit                                0x0800021b   Thumb Code     0  rtexit.o(.ARM.Collect$$rtexit$$00000000)
    __rt_exit_ls                             0x0800021d   Thumb Code     0  rtexit2.o(.ARM.Collect$$rtexit$$00000003)
    __rt_exit_prels_1                        0x0800021d   Thumb Code     0  rtexit2.o(.ARM.Collect$$rtexit$$00000002)
    __rt_exit_exit                           0x08000221   Thumb Code     0  rtexit2.o(.ARM.Collect$$rtexit$$00000004)
    Reset_Handler                            0x08000229   Thumb Code     8  startup_stm32f407xx.o(.text)
    NMI_Handler                              0x08000231   Thumb Code     2  startup_stm32f407xx.o(.text)
    HardFault_Handler                        0x08000233   Thumb Code     2  startup_stm32f407xx.o(.text)
    MemManage_Handler                        0x08000235   Thumb Code     2  startup_stm32f407xx.o(.text)
    BusFault_Handler                         0x08000237   Thumb Code     2  startup_stm32f407xx.o(.text)
    UsageFault_Handler                       0x08000239   Thumb Code     2  startup_stm32f407xx.o(.text)
    SVC_Handler                              0x0800023b   Thumb Code     2  startup_stm32f407xx.o(.text)
    DebugMon_Handler                         0x0800023d   Thumb Code     2  startup_stm32f407xx.o(.text)
    PendSV_Handler                           0x0800023f   Thumb Code     2  startup_stm32f407xx.o(.text)
    ADC_IRQHandler                           0x08000243   Thumb Code     0  startup_stm32f407xx.o(.text)
    CAN1_RX0_IRQHandler                      0x08000243   Thumb Code     0  startup_stm32f407xx.o(.text)
    CAN1_RX1_IRQHandler                      0x08000243   Thumb Code     0  startup_stm32f407xx.o(.text)
    CAN1_SCE_IRQHandler                      0x08000243   Thumb Code     0  startup_stm32f407xx.o(.text)
    CAN1_TX_IRQHandler                       0x08000243   Thumb Code     0  startup_stm32f407xx.o(.text)
    CAN2_RX0_IRQHandler                      0x08000243   Thumb Code     0  startup_stm32f407xx.o(.text)
    CAN2_RX1_IRQHandler                      0x08000243   Thumb Code     0  startup_stm32f407xx.o(.text)
    CAN2_SCE_IRQHandler                      0x08000243   Thumb Code     0  startup_stm32f407xx.o(.text)
    CAN2_TX_IRQHandler                       0x08000243   Thumb Code     0  startup_stm32f407xx.o(.text)
    DCMI_IRQHandler                          0x08000243   Thumb Code     0  startup_stm32f407xx.o(.text)
    DMA1_Stream0_IRQHandler                  0x08000243   Thumb Code     0  startup_stm32f407xx.o(.text)
    DMA1_Stream1_IRQHandler                  0x08000243   Thumb Code     0  startup_stm32f407xx.o(.text)
    DMA1_Stream2_IRQHandler                  0x08000243   Thumb Code     0  startup_stm32f407xx.o(.text)
    DMA1_Stream3_IRQHandler                  0x08000243   Thumb Code     0  startup_stm32f407xx.o(.text)
    DMA1_Stream5_IRQHandler                  0x08000243   Thumb Code     0  startup_stm32f407xx.o(.text)
    DMA1_Stream6_IRQHandler                  0x08000243   Thumb Code     0  startup_stm32f407xx.o(.text)
    DMA1_Stream7_IRQHandler                  0x08000243   Thumb Code     0  startup_stm32f407xx.o(.text)
    DMA2_Stream0_IRQHandler                  0x08000243   Thumb Code     0  startup_stm32f407xx.o(.text)
    DMA2_Stream1_IRQHandler                  0x08000243   Thumb Code     0  startup_stm32f407xx.o(.text)
    DMA2_Stream2_IRQHandler                  0x08000243   Thumb Code     0  startup_stm32f407xx.o(.text)
    DMA2_Stream3_IRQHandler                  0x08000243   Thumb Code     0  startup_stm32f407xx.o(.text)
    DMA2_Stream4_IRQHandler                  0x08000243   Thumb Code     0  startup_stm32f407xx.o(.text)
    DMA2_Stream5_IRQHandler                  0x08000243   Thumb Code     0  startup_stm32f407xx.o(.text)
    DMA2_Stream6_IRQHandler                  0x08000243   Thumb Code     0  startup_stm32f407xx.o(.text)
    DMA2_Stream7_IRQHandler                  0x08000243   Thumb Code     0  startup_stm32f407xx.o(.text)
    ETH_IRQHandler                           0x08000243   Thumb Code     0  startup_stm32f407xx.o(.text)
    ETH_WKUP_IRQHandler                      0x08000243   Thumb Code     0  startup_stm32f407xx.o(.text)
    EXTI0_IRQHandler                         0x08000243   Thumb Code     0  startup_stm32f407xx.o(.text)
    EXTI15_10_IRQHandler                     0x08000243   Thumb Code     0  startup_stm32f407xx.o(.text)
    EXTI1_IRQHandler                         0x08000243   Thumb Code     0  startup_stm32f407xx.o(.text)
    EXTI2_IRQHandler                         0x08000243   Thumb Code     0  startup_stm32f407xx.o(.text)
    EXTI3_IRQHandler                         0x08000243   Thumb Code     0  startup_stm32f407xx.o(.text)
    EXTI4_IRQHandler                         0x08000243   Thumb Code     0  startup_stm32f407xx.o(.text)
    EXTI9_5_IRQHandler                       0x08000243   Thumb Code     0  startup_stm32f407xx.o(.text)
    FLASH_IRQHandler                         0x08000243   Thumb Code     0  startup_stm32f407xx.o(.text)
    FMC_IRQHandler                           0x08000243   Thumb Code     0  startup_stm32f407xx.o(.text)
    FPU_IRQHandler                           0x08000243   Thumb Code     0  startup_stm32f407xx.o(.text)
    HASH_RNG_IRQHandler                      0x08000243   Thumb Code     0  startup_stm32f407xx.o(.text)
    I2C1_ER_IRQHandler                       0x08000243   Thumb Code     0  startup_stm32f407xx.o(.text)
    I2C1_EV_IRQHandler                       0x08000243   Thumb Code     0  startup_stm32f407xx.o(.text)
    I2C2_ER_IRQHandler                       0x08000243   Thumb Code     0  startup_stm32f407xx.o(.text)
    I2C2_EV_IRQHandler                       0x08000243   Thumb Code     0  startup_stm32f407xx.o(.text)
    I2C3_ER_IRQHandler                       0x08000243   Thumb Code     0  startup_stm32f407xx.o(.text)
    I2C3_EV_IRQHandler                       0x08000243   Thumb Code     0  startup_stm32f407xx.o(.text)
    OTG_FS_IRQHandler                        0x08000243   Thumb Code     0  startup_stm32f407xx.o(.text)
    OTG_FS_WKUP_IRQHandler                   0x08000243   Thumb Code     0  startup_stm32f407xx.o(.text)
    OTG_HS_EP1_IN_IRQHandler                 0x08000243   Thumb Code     0  startup_stm32f407xx.o(.text)
    OTG_HS_EP1_OUT_IRQHandler                0x08000243   Thumb Code     0  startup_stm32f407xx.o(.text)
    OTG_HS_IRQHandler                        0x08000243   Thumb Code     0  startup_stm32f407xx.o(.text)
    OTG_HS_WKUP_IRQHandler                   0x08000243   Thumb Code     0  startup_stm32f407xx.o(.text)
    PVD_IRQHandler                           0x08000243   Thumb Code     0  startup_stm32f407xx.o(.text)
    RCC_IRQHandler                           0x08000243   Thumb Code     0  startup_stm32f407xx.o(.text)
    RTC_Alarm_IRQHandler                     0x08000243   Thumb Code     0  startup_stm32f407xx.o(.text)
    RTC_WKUP_IRQHandler                      0x08000243   Thumb Code     0  startup_stm32f407xx.o(.text)
    SDIO_IRQHandler                          0x08000243   Thumb Code     0  startup_stm32f407xx.o(.text)
    SPI1_IRQHandler                          0x08000243   Thumb Code     0  startup_stm32f407xx.o(.text)
    SPI2_IRQHandler                          0x08000243   Thumb Code     0  startup_stm32f407xx.o(.text)
    SPI3_IRQHandler                          0x08000243   Thumb Code     0  startup_stm32f407xx.o(.text)
    TAMP_STAMP_IRQHandler                    0x08000243   Thumb Code     0  startup_stm32f407xx.o(.text)
    TIM1_BRK_TIM9_IRQHandler                 0x08000243   Thumb Code     0  startup_stm32f407xx.o(.text)
    TIM1_CC_IRQHandler                       0x08000243   Thumb Code     0  startup_stm32f407xx.o(.text)
    TIM1_TRG_COM_TIM11_IRQHandler            0x08000243   Thumb Code     0  startup_stm32f407xx.o(.text)
    TIM2_IRQHandler                          0x08000243   Thumb Code     0  startup_stm32f407xx.o(.text)
    TIM3_IRQHandler                          0x08000243   Thumb Code     0  startup_stm32f407xx.o(.text)
    TIM4_IRQHandler                          0x08000243   Thumb Code     0  startup_stm32f407xx.o(.text)
    TIM7_IRQHandler                          0x08000243   Thumb Code     0  startup_stm32f407xx.o(.text)
    TIM8_BRK_TIM12_IRQHandler                0x08000243   Thumb Code     0  startup_stm32f407xx.o(.text)
    TIM8_CC_IRQHandler                       0x08000243   Thumb Code     0  startup_stm32f407xx.o(.text)
    WWDG_IRQHandler                          0x08000243   Thumb Code     0  startup_stm32f407xx.o(.text)
    __user_initial_stackheap                 0x08000245   Thumb Code     0  startup_stm32f407xx.o(.text)
    __use_two_region_memory                  0x08000269   Thumb Code     2  heapauxi.o(.text)
    __rt_heap_escrow$2region                 0x0800026b   Thumb Code     2  heapauxi.o(.text)
    __rt_heap_expand$2region                 0x0800026d   Thumb Code     2  heapauxi.o(.text)
    __user_setup_stackheap                   0x0800026f   Thumb Code    74  sys_stackheap_outer.o(.text)
    exit                                     0x080002b9   Thumb Code    18  exit.o(.text)
    __user_libspace                          0x080002cd   Thumb Code     8  libspace.o(.text)
    __user_perproc_libspace                  0x080002cd   Thumb Code     0  libspace.o(.text)
    __user_perthread_libspace                0x080002cd   Thumb Code     0  libspace.o(.text)
    _sys_exit                                0x080002d5   Thumb Code     8  sys_exit.o(.text)
    __I$use$semihosting                      0x080002e1   Thumb Code     0  use_no_semi.o(.text)
    __use_no_semihosting_swi                 0x080002e1   Thumb Code     2  use_no_semi.o(.text)
    __semihosting_library_function           0x080002e3   Thumb Code     0  indicate_semi.o(.text)
    DMA1_Stream4_IRQHandler                  0x080002e5   Thumb Code    66  ledcontrol.o(i.DMA1_Stream4_IRQHandler)
    RccClockInit                             0x08000335   Thumb Code   292  rcc.o(i.RccClockInit)
    SysTick_Handler                          0x08000465   Thumb Code     8  delay.o(i.SysTick_Handler)
    SystemInit                               0x0800046d   Thumb Code    82  system_stm32f4xx.o(i.SystemInit)
    TIM1_UP_TIM10_IRQHandler                 0x080004d1   Thumb Code   316  pdu.o(i.TIM1_UP_TIM10_IRQHandler)
    TIM5_IRQHandler                          0x08000621   Thumb Code   960  pdu.o(i.TIM5_IRQHandler)
    TIM6_DAC_IRQHandler                      0x08000a15   Thumb Code    34  pdu.o(i.TIM6_DAC_IRQHandler)
    TIM8_TRG_COM_TIM14_IRQHandler            0x08000a41   Thumb Code    54  animation.o(i.TIM8_TRG_COM_TIM14_IRQHandler)
    TIM8_UP_TIM13_IRQHandler                 0x08000a89   Thumb Code    62  ledcontrol.o(i.TIM8_UP_TIM13_IRQHandler)
    UART4_IRQHandler                         0x08000b05   Thumb Code    36  bsp.o(i.UART4_IRQHandler)
    UART5_IRQHandler                         0x08000b35   Thumb Code     6  bsp.o(i.UART5_IRQHandler)
    USART1_IRQHandler                        0x08000b41   Thumb Code    34  bsp.o(i.USART1_IRQHandler)
    USART2_IRQHandler                        0x08000b71   Thumb Code    92  bsp.o(i.USART2_IRQHandler)
    USART3_IRQHandler                        0x08000be1   Thumb Code    36  bsp.o(i.USART3_IRQHandler)
    USART6_IRQHandler                        0x08000c11   Thumb Code    36  bsp.o(i.USART6_IRQHandler)
    __hardfp_fabs                            0x08000d11   Thumb Code    20  fabs.o(i.__hardfp_fabs)
    animationInit                            0x08000d25   Thumb Code    90  animation.o(i.animationInit)
    animationLoop                            0x08000d89   Thumb Code   612  animation.o(i.animationLoop)
    buffClear                                0x08001019   Thumb Code    26  ledcontrol.o(i.buffClear)
    constr                                   0x08001039   Thumb Code    22  pdu.o(i.constr)
    deg_to_pwm                               0x0800104f   Thumb Code    24  pdu.o(i.deg_to_pwm)
    ledInit                                  0x08001069   Thumb Code   282  ledcontrol.o(i.ledInit)
    ledSetBlockHSV                           0x080011a1   Thumb Code    72  ledcontrol.o(i.ledSetBlockHSV)
    ledSetBlockRGB                           0x080011ed   Thumb Code    72  ledcontrol.o(i.ledSetBlockRGB)
    ledSetHSV                                0x08001239   Thumb Code   302  ledcontrol.o(i.ledSetHSV)
    ledSetRGB                                0x08001371   Thumb Code   220  ledcontrol.o(i.ledSetRGB)
    ledUpdate                                0x08001455   Thumb Code    58  ledcontrol.o(i.ledUpdate)
    main                                     0x0800149d   Thumb Code  2088  main.o(i.main)
    map                                      0x08001ce1   Thumb Code    22  pdu.o(i.map)
    med_filt                                 0x08001cf9   Thumb Code   100  pdu.o(i.med_filt)
    sign                                     0x08001da5   Thumb Code    72  pdu.o(i.sign)
    tim1Init                                 0x08001e05   Thumb Code   120  pdu.o(i.tim1Init)
    tim2Init                                 0x08001e95   Thumb Code   242  pdu.o(i.tim2Init)
    tim4Init                                 0x08001f99   Thumb Code   234  pdu.o(i.tim4Init)
    tim5Init                                 0x08002091   Thumb Code   250  pdu.o(i.tim5Init)
    tim6Init                                 0x08002199   Thumb Code    56  pdu.o(i.tim6Init)
    tim8Init                                 0x080021d9   Thumb Code   230  pdu.o(i.tim8Init)
    timingDelayDecrement                     0x080022cd   Thumb Code    18  delay.o(i.timingDelayDecrement)
    uart2Init                                0x080022e5   Thumb Code   146  bsp.o(i.uart2Init)
    uartTransmitt                            0x08002385   Thumb Code    16  bsp.o(i.uartTransmitt)
    uartTransmittBuff                        0x08002395   Thumb Code    28  bsp.o(i.uartTransmittBuff)
    __aeabi_dadd                             0x080023b1   Thumb Code     0  daddsub_clz.o(x$fpl$dadd)
    _dadd                                    0x080023b1   Thumb Code   332  daddsub_clz.o(x$fpl$dadd)
    __fpl_dcmp_Inf                           0x08002501   Thumb Code    24  dcmpi.o(x$fpl$dcmpinf)
    __aeabi_ddiv                             0x08002519   Thumb Code     0  ddiv.o(x$fpl$ddiv)
    _ddiv                                    0x08002519   Thumb Code   552  ddiv.o(x$fpl$ddiv)
    __aeabi_cdcmpeq                          0x080027c9   Thumb Code     0  deqf.o(x$fpl$deqf)
    _dcmpeq                                  0x080027c9   Thumb Code   120  deqf.o(x$fpl$deqf)
    __aeabi_d2iz                             0x08002841   Thumb Code     0  dfix.o(x$fpl$dfix)
    _dfix                                    0x08002841   Thumb Code    94  dfix.o(x$fpl$dfix)
    __aeabi_d2uiz                            0x080028a1   Thumb Code     0  dfixu.o(x$fpl$dfixu)
    _dfixu                                   0x080028a1   Thumb Code    90  dfixu.o(x$fpl$dfixu)
    __aeabi_i2d                              0x080028fb   Thumb Code     0  dflt_clz.o(x$fpl$dflt)
    _dflt                                    0x080028fb   Thumb Code    46  dflt_clz.o(x$fpl$dflt)
    __aeabi_ui2d                             0x08002929   Thumb Code     0  dflt_clz.o(x$fpl$dfltu)
    _dfltu                                   0x08002929   Thumb Code    38  dflt_clz.o(x$fpl$dfltu)
    __aeabi_cdcmple                          0x08002951   Thumb Code     0  dleqf.o(x$fpl$dleqf)
    _dcmple                                  0x08002951   Thumb Code   120  dleqf.o(x$fpl$dleqf)
    __fpl_dcmple_InfNaN                      0x080029b3   Thumb Code     0  dleqf.o(x$fpl$dleqf)
    __aeabi_dmul                             0x080029c9   Thumb Code     0  dmul.o(x$fpl$dmul)
    _dmul                                    0x080029c9   Thumb Code   332  dmul.o(x$fpl$dmul)
    __fpl_dnaninf                            0x08002b1d   Thumb Code   156  dnaninf.o(x$fpl$dnaninf)
    __fpl_dretinf                            0x08002bb9   Thumb Code    12  dretinf.o(x$fpl$dretinf)
    __aeabi_cdrcmple                         0x08002bc5   Thumb Code     0  drleqf.o(x$fpl$drleqf)
    _drcmple                                 0x08002bc5   Thumb Code   108  drleqf.o(x$fpl$drleqf)
    __aeabi_drsub                            0x08002c31   Thumb Code     0  daddsub_clz.o(x$fpl$drsb)
    _drsb                                    0x08002c31   Thumb Code    22  daddsub_clz.o(x$fpl$drsb)
    __aeabi_dsub                             0x08002c49   Thumb Code     0  daddsub_clz.o(x$fpl$dsub)
    _dsub                                    0x08002c49   Thumb Code   464  daddsub_clz.o(x$fpl$dsub)
    _fp_init                                 0x08002e1d   Thumb Code    10  fpinit.o(x$fpl$fpinit)
    __fplib_config_fpu_vfp                   0x08002e25   Thumb Code     0  fpinit.o(x$fpl$fpinit)
    __fplib_config_pureend_doubles           0x08002e25   Thumb Code     0  fpinit.o(x$fpl$fpinit)
    __I$use$fp                               0x08002e26   Number         0  usenofp.o(x$fpl$usenofp)
    dim_curve                                0x08002e26   Data         256  ledcontrol.o(.constdata)
    Region$$Table$$Base                      0x08002f28   Number         0  anon$$obj.o(Region$$Table)
    Region$$Table$$Limit                     0x08002f48   Number         0  anon$$obj.o(Region$$Table)
    rej                                      0x20000004   Data           2  main.o(.data)
    mode                                     0x20000006   Data           1  main.o(.data)
    gam                                      0x20000008   Data           8  pdu.o(.data)
    senseCount                               0x20000010   Data           1  pdu.o(.data)
    pduTimer                                 0x20000014   Data           4  pdu.o(.data)
    echo_count                               0x20000018   Data           4  pdu.o(.data)
    sensFlag                                 0x2000001c   Data           4  pdu.o(.data)
    pulseState                               0x20000020   Data           1  pdu.o(.data)
    echoState                                0x20000021   Data           1  pdu.o(.data)
    recivePulseFlag                          0x20000022   Data           4  pdu.o(.data)
    blinkTimer                               0x2000002c   Data           2  animation.o(.data)
    blinkTimer1                              0x2000002e   Data           2  animation.o(.data)
    updateTimer                              0x20000030   Data           2  animation.o(.data)
    war                                      0x20000034   Data           4  animation.o(.data)
    idleFlag                                 0x20000048   Data           1  ledcontrol.o(.data)
    frameBuff                                0x20000050   Data           3  bsp.o(.data)
    temp                                     0x20000053   Data           1  bsp.o(.data)
    reciveStatus                             0x20000054   Data           1  bsp.o(.data)
    reciveState                              0x20000055   Data           1  bsp.o(.data)
    echo_angle                               0x20000058   Data          96  pdu.o(.bss)
    echo_mes                                 0x200000b8   Data          48  pdu.o(.bss)
    start_mes                                0x200000e8   Data          16  pdu.o(.bss)
    echo_filter                              0x200000f8   Data         192  pdu.o(.bss)
    ledsBuff                                 0x200001b8   Data        4276  ledcontrol.o(.bss)
    __libspace_start                         0x2000126c   Data          96  libspace.o(.bss)
    __temporary_stack_top$libspace           0x200012cc   Data           0  libspace.o(.bss)



==============================================================================

Memory Map of the image

  Image Entry point : 0x08000229

  Load Region LR_1 (Base: 0x08000000, Size: 0x00002fa0, Max: 0xffffffff, ABSOLUTE)

    Execution Region ER_RO (Exec base: 0x08000000, Load base: 0x08000000, Size: 0x00002f48, Max: 0xffffffff, ABSOLUTE)

    Exec Addr    Load Addr    Size         Type   Attr      Idx    E Section Name        Object

    0x08000000   0x08000000   0x00000188   Data   RO          572    RESET               startup_stm32f407xx.o
    0x08000188   0x08000188   0x00000008   Code   RO          621  * !!!main             c_w.l(__main.o)
    0x08000190   0x08000190   0x00000034   Code   RO          823    !!!scatter          c_w.l(__scatter.o)
    0x080001c4   0x080001c4   0x0000001a   Code   RO          825    !!handler_copy      c_w.l(__scatter_copy.o)
    0x080001de   0x080001de   0x00000002   PAD
    0x080001e0   0x080001e0   0x0000001c   Code   RO          827    !!handler_zi        c_w.l(__scatter_zi.o)
    0x080001fc   0x080001fc   0x00000002   Code   RO          693    .ARM.Collect$$libinit$$00000000  c_w.l(libinit.o)
    0x080001fe   0x080001fe   0x00000004   Code   RO          699    .ARM.Collect$$libinit$$00000001  c_w.l(libinit2.o)
    0x08000202   0x08000202   0x00000000   Code   RO          702    .ARM.Collect$$libinit$$00000004  c_w.l(libinit2.o)
    0x08000202   0x08000202   0x00000000   Code   RO          705    .ARM.Collect$$libinit$$0000000A  c_w.l(libinit2.o)
    0x08000202   0x08000202   0x00000000   Code   RO          707    .ARM.Collect$$libinit$$0000000C  c_w.l(libinit2.o)
    0x08000202   0x08000202   0x00000000   Code   RO          709    .ARM.Collect$$libinit$$0000000E  c_w.l(libinit2.o)
    0x08000202   0x08000202   0x00000000   Code   RO          712    .ARM.Collect$$libinit$$00000011  c_w.l(libinit2.o)
    0x08000202   0x08000202   0x00000000   Code   RO          714    .ARM.Collect$$libinit$$00000013  c_w.l(libinit2.o)
    0x08000202   0x08000202   0x00000000   Code   RO          716    .ARM.Collect$$libinit$$00000015  c_w.l(libinit2.o)
    0x08000202   0x08000202   0x00000000   Code   RO          718    .ARM.Collect$$libinit$$00000017  c_w.l(libinit2.o)
    0x08000202   0x08000202   0x00000000   Code   RO          720    .ARM.Collect$$libinit$$00000019  c_w.l(libinit2.o)
    0x08000202   0x08000202   0x00000000   Code   RO          722    .ARM.Collect$$libinit$$0000001B  c_w.l(libinit2.o)
    0x08000202   0x08000202   0x00000000   Code   RO          724    .ARM.Collect$$libinit$$0000001D  c_w.l(libinit2.o)
    0x08000202   0x08000202   0x00000000   Code   RO          726    .ARM.Collect$$libinit$$0000001F  c_w.l(libinit2.o)
    0x08000202   0x08000202   0x00000000   Code   RO          728    .ARM.Collect$$libinit$$00000021  c_w.l(libinit2.o)
    0x08000202   0x08000202   0x00000000   Code   RO          730    .ARM.Collect$$libinit$$00000023  c_w.l(libinit2.o)
    0x08000202   0x08000202   0x00000000   Code   RO          732    .ARM.Collect$$libinit$$00000025  c_w.l(libinit2.o)
    0x08000202   0x08000202   0x00000000   Code   RO          736    .ARM.Collect$$libinit$$0000002C  c_w.l(libinit2.o)
    0x08000202   0x08000202   0x00000000   Code   RO          738    .ARM.Collect$$libinit$$0000002E  c_w.l(libinit2.o)
    0x08000202   0x08000202   0x00000000   Code   RO          740    .ARM.Collect$$libinit$$00000030  c_w.l(libinit2.o)
    0x08000202   0x08000202   0x00000000   Code   RO          742    .ARM.Collect$$libinit$$00000032  c_w.l(libinit2.o)
    0x08000202   0x08000202   0x00000002   Code   RO          743    .ARM.Collect$$libinit$$00000033  c_w.l(libinit2.o)
    0x08000204   0x08000204   0x00000002   Code   RO          763    .ARM.Collect$$libshutdown$$00000000  c_w.l(libshutdown.o)
    0x08000206   0x08000206   0x00000000   Code   RO          776    .ARM.Collect$$libshutdown$$00000002  c_w.l(libshutdown2.o)
    0x08000206   0x08000206   0x00000000   Code   RO          778    .ARM.Collect$$libshutdown$$00000004  c_w.l(libshutdown2.o)
    0x08000206   0x08000206   0x00000000   Code   RO          781    .ARM.Collect$$libshutdown$$00000007  c_w.l(libshutdown2.o)
    0x08000206   0x08000206   0x00000000   Code   RO          784    .ARM.Collect$$libshutdown$$0000000A  c_w.l(libshutdown2.o)
    0x08000206   0x08000206   0x00000000   Code   RO          786    .ARM.Collect$$libshutdown$$0000000C  c_w.l(libshutdown2.o)
    0x08000206   0x08000206   0x00000000   Code   RO          789    .ARM.Collect$$libshutdown$$0000000F  c_w.l(libshutdown2.o)
    0x08000206   0x08000206   0x00000002   Code   RO          790    .ARM.Collect$$libshutdown$$00000010  c_w.l(libshutdown2.o)
    0x08000208   0x08000208   0x00000000   Code   RO          661    .ARM.Collect$$rtentry$$00000000  c_w.l(__rtentry.o)
    0x08000208   0x08000208   0x00000000   Code   RO          670    .ARM.Collect$$rtentry$$00000002  c_w.l(__rtentry2.o)
    0x08000208   0x08000208   0x00000006   Code   RO          682    .ARM.Collect$$rtentry$$00000004  c_w.l(__rtentry4.o)
    0x0800020e   0x0800020e   0x00000000   Code   RO          672    .ARM.Collect$$rtentry$$00000009  c_w.l(__rtentry2.o)
    0x0800020e   0x0800020e   0x00000004   Code   RO          673    .ARM.Collect$$rtentry$$0000000A  c_w.l(__rtentry2.o)
    0x08000212   0x08000212   0x00000000   Code   RO          675    .ARM.Collect$$rtentry$$0000000C  c_w.l(__rtentry2.o)
    0x08000212   0x08000212   0x00000008   Code   RO          676    .ARM.Collect$$rtentry$$0000000D  c_w.l(__rtentry2.o)
    0x0800021a   0x0800021a   0x00000002   Code   RO          697    .ARM.Collect$$rtexit$$00000000  c_w.l(rtexit.o)
    0x0800021c   0x0800021c   0x00000000   Code   RO          745    .ARM.Collect$$rtexit$$00000002  c_w.l(rtexit2.o)
    0x0800021c   0x0800021c   0x00000004   Code   RO          746    .ARM.Collect$$rtexit$$00000003  c_w.l(rtexit2.o)
    0x08000220   0x08000220   0x00000006   Code   RO          747    .ARM.Collect$$rtexit$$00000004  c_w.l(rtexit2.o)
    0x08000226   0x08000226   0x00000002   PAD
    0x08000228   0x08000228   0x00000040   Code   RO          573  * .text               startup_stm32f407xx.o
    0x08000268   0x08000268   0x00000006   Code   RO          619    .text               c_w.l(heapauxi.o)
    0x0800026e   0x0800026e   0x0000004a   Code   RO          684    .text               c_w.l(sys_stackheap_outer.o)
    0x080002b8   0x080002b8   0x00000012   Code   RO          686    .text               c_w.l(exit.o)
    0x080002ca   0x080002ca   0x00000002   PAD
    0x080002cc   0x080002cc   0x00000008   Code   RO          694    .text               c_w.l(libspace.o)
    0x080002d4   0x080002d4   0x0000000c   Code   RO          755    .text               c_w.l(sys_exit.o)
    0x080002e0   0x080002e0   0x00000002   Code   RO          766    .text               c_w.l(use_no_semi.o)
    0x080002e2   0x080002e2   0x00000000   Code   RO          768    .text               c_w.l(indicate_semi.o)
    0x080002e2   0x080002e2   0x00000002   PAD
    0x080002e4   0x080002e4   0x00000050   Code   RO          360    i.DMA1_Stream4_IRQHandler  ledcontrol.o
    0x08000334   0x08000334   0x00000130   Code   RO          332    i.RccClockInit      rcc.o
    0x08000464   0x08000464   0x00000008   Code   RO          278    i.SysTick_Handler   delay.o
    0x0800046c   0x0800046c   0x00000064   Code   RO          581    i.SystemInit        system_stm32f4xx.o
    0x080004d0   0x080004d0   0x00000150   Code   RO          112    i.TIM1_UP_TIM10_IRQHandler  pdu.o
    0x08000620   0x08000620   0x000003f4   Code   RO          113    i.TIM5_IRQHandler   pdu.o
    0x08000a14   0x08000a14   0x0000002c   Code   RO          114    i.TIM6_DAC_IRQHandler  pdu.o
    0x08000a40   0x08000a40   0x00000048   Code   RO          229    i.TIM8_TRG_COM_TIM14_IRQHandler  animation.o
    0x08000a88   0x08000a88   0x00000048   Code   RO          361    i.TIM8_UP_TIM13_IRQHandler  ledcontrol.o
    0x08000ad0   0x08000ad0   0x00000034   Code   RO          452    i.Tim9Init          bsp.o
    0x08000b04   0x08000b04   0x00000030   Code   RO          453    i.UART4_IRQHandler  bsp.o
    0x08000b34   0x08000b34   0x0000000c   Code   RO          454    i.UART5_IRQHandler  bsp.o
    0x08000b40   0x08000b40   0x00000030   Code   RO          455    i.USART1_IRQHandler  bsp.o
    0x08000b70   0x08000b70   0x00000070   Code   RO          456    i.USART2_IRQHandler  bsp.o
    0x08000be0   0x08000be0   0x00000030   Code   RO          457    i.USART3_IRQHandler  bsp.o
    0x08000c10   0x08000c10   0x00000030   Code   RO          458    i.USART6_IRQHandler  bsp.o
    0x08000c40   0x08000c40   0x00000024   Code   RO            4    i.__NVIC_DisableIRQ  main.o
    0x08000c64   0x08000c64   0x00000024   Code   RO          115    i.__NVIC_DisableIRQ  pdu.o
    0x08000c88   0x08000c88   0x00000022   Code   RO            5    i.__NVIC_EnableIRQ  main.o
    0x08000caa   0x08000caa   0x00000022   Code   RO          116    i.__NVIC_EnableIRQ  pdu.o
    0x08000ccc   0x08000ccc   0x00000022   Code   RO          362    i.__NVIC_EnableIRQ  ledcontrol.o
    0x08000cee   0x08000cee   0x00000022   Code   RO          459    i.__NVIC_EnableIRQ  bsp.o
    0x08000d10   0x08000d10   0x00000014   Code   RO          655    i.__hardfp_fabs     m_wm.l(fabs.o)
    0x08000d24   0x08000d24   0x00000064   Code   RO          230    i.animationInit     animation.o
    0x08000d88   0x08000d88   0x00000290   Code   RO          231    i.animationLoop     animation.o
    0x08001018   0x08001018   0x00000020   Code   RO          363    i.buffClear         ledcontrol.o
    0x08001038   0x08001038   0x00000016   Code   RO          117    i.constr            pdu.o
    0x0800104e   0x0800104e   0x00000018   Code   RO          118    i.deg_to_pwm        pdu.o
    0x08001066   0x08001066   0x00000002   PAD
    0x08001068   0x08001068   0x00000138   Code   RO          365    i.ledInit           ledcontrol.o
    0x080011a0   0x080011a0   0x0000004c   Code   RO          366    i.ledSetBlockHSV    ledcontrol.o
    0x080011ec   0x080011ec   0x0000004c   Code   RO          367    i.ledSetBlockRGB    ledcontrol.o
    0x08001238   0x08001238   0x00000138   Code   RO          368    i.ledSetHSV         ledcontrol.o
    0x08001370   0x08001370   0x000000e4   Code   RO          369    i.ledSetRGB         ledcontrol.o
    0x08001454   0x08001454   0x00000048   Code   RO          370    i.ledUpdate         ledcontrol.o
    0x0800149c   0x0800149c   0x00000844   Code   RO            6    i.main              main.o
    0x08001ce0   0x08001ce0   0x00000016   Code   RO          119    i.map               pdu.o
    0x08001cf6   0x08001cf6   0x00000002   PAD
    0x08001cf8   0x08001cf8   0x00000068   Code   RO          120    i.med_filt          pdu.o
    0x08001d60   0x08001d60   0x00000044   Code   RO          232    i.rangeIndication   animation.o
    0x08001da4   0x08001da4   0x00000060   Code   RO          121    i.sign              pdu.o
    0x08001e04   0x08001e04   0x00000090   Code   RO          122    i.tim1Init          pdu.o
    0x08001e94   0x08001e94   0x00000104   Code   RO          123    i.tim2Init          pdu.o
    0x08001f98   0x08001f98   0x000000f8   Code   RO          124    i.tim4Init          pdu.o
    0x08002090   0x08002090   0x00000108   Code   RO          125    i.tim5Init          pdu.o
    0x08002198   0x08002198   0x00000040   Code   RO          126    i.tim6Init          pdu.o
    0x080021d8   0x080021d8   0x000000f4   Code   RO          127    i.tim8Init          pdu.o
    0x080022cc   0x080022cc   0x00000018   Code   RO          282    i.timingDelayDecrement  delay.o
    0x080022e4   0x080022e4   0x000000a0   Code   RO          461    i.uart2Init         bsp.o
    0x08002384   0x08002384   0x00000010   Code   RO          467    i.uartTransmitt     bsp.o
    0x08002394   0x08002394   0x0000001c   Code   RO          468    i.uartTransmittBuff  bsp.o
    0x080023b0   0x080023b0   0x00000150   Code   RO          623    x$fpl$dadd          fz_wm.l(daddsub_clz.o)
    0x08002500   0x08002500   0x00000018   Code   RO          662    x$fpl$dcmpinf       fz_wm.l(dcmpi.o)
    0x08002518   0x08002518   0x000002b0   Code   RO          630    x$fpl$ddiv          fz_wm.l(ddiv.o)
    0x080027c8   0x080027c8   0x00000078   Code   RO          633    x$fpl$deqf          fz_wm.l(deqf.o)
    0x08002840   0x08002840   0x0000005e   Code   RO          635    x$fpl$dfix          fz_wm.l(dfix.o)
    0x0800289e   0x0800289e   0x00000002   PAD
    0x080028a0   0x080028a0   0x0000005a   Code   RO          639    x$fpl$dfixu         fz_wm.l(dfixu.o)
    0x080028fa   0x080028fa   0x0000002e   Code   RO          644    x$fpl$dflt          fz_wm.l(dflt_clz.o)
    0x08002928   0x08002928   0x00000026   Code   RO          643    x$fpl$dfltu         fz_wm.l(dflt_clz.o)
    0x0800294e   0x0800294e   0x00000002   PAD
    0x08002950   0x08002950   0x00000078   Code   RO          649    x$fpl$dleqf         fz_wm.l(dleqf.o)
    0x080029c8   0x080029c8   0x00000154   Code   RO          651    x$fpl$dmul          fz_wm.l(dmul.o)
    0x08002b1c   0x08002b1c   0x0000009c   Code   RO          664    x$fpl$dnaninf       fz_wm.l(dnaninf.o)
    0x08002bb8   0x08002bb8   0x0000000c   Code   RO          666    x$fpl$dretinf       fz_wm.l(dretinf.o)
    0x08002bc4   0x08002bc4   0x0000006c   Code   RO          653    x$fpl$drleqf        fz_wm.l(drleqf.o)
    0x08002c30   0x08002c30   0x00000016   Code   RO          624    x$fpl$drsb          fz_wm.l(daddsub_clz.o)
    0x08002c46   0x08002c46   0x00000002   PAD
    0x08002c48   0x08002c48   0x000001d4   Code   RO          625    x$fpl$dsub          fz_wm.l(daddsub_clz.o)
    0x08002e1c   0x08002e1c   0x0000000a   Code   RO          753    x$fpl$fpinit        fz_wm.l(fpinit.o)
    0x08002e26   0x08002e26   0x00000000   Code   RO          668    x$fpl$usenofp       fz_wm.l(usenofp.o)
    0x08002e26   0x08002e26   0x00000100   Data   RO          372    .constdata          ledcontrol.o
    0x08002f26   0x08002f26   0x00000002   PAD
    0x08002f28   0x08002f28   0x00000020   Data   RO          821    Region$$Table       anon$$obj.o


    Execution Region ER_RW (Exec base: 0x20000000, Load base: 0x08002f48, Size: 0x00000058, Max: 0xffffffff, ABSOLUTE)

    Exec Addr    Load Addr    Size         Type   Attr      Idx    E Section Name        Object

    0x20000000   0x08002f48   0x00000007   Data   RW            7    .data               main.o
    0x20000007   0x08002f4f   0x00000001   PAD
    0x20000008   0x08002f50   0x0000001e   Data   RW          129    .data               pdu.o
    0x20000026   0x08002f6e   0x00000002   PAD
    0x20000028   0x08002f70   0x00000017   Data   RW          233    .data               animation.o
    0x2000003f   0x08002f87   0x00000001   PAD
    0x20000040   0x08002f88   0x00000004   Data   RW          283    .data               delay.o
    0x20000044   0x08002f8c   0x00000005   Data   RW          373    .data               ledcontrol.o
    0x20000049   0x08002f91   0x00000003   PAD
    0x2000004c   0x08002f94   0x0000000a   Data   RW          469    .data               bsp.o


    Execution Region ER_ZI (Exec base: 0x20000058, Load base: 0x08002fa0, Size: 0x00001878, Max: 0xffffffff, ABSOLUTE)

    Exec Addr    Load Addr    Size         Type   Attr      Idx    E Section Name        Object

    0x20000058        -       0x00000160   Zero   RW          128    .bss                pdu.o
    0x200001b8        -       0x000010b4   Zero   RW          371    .bss                ledcontrol.o
    0x2000126c        -       0x00000060   Zero   RW          695    .bss                c_w.l(libspace.o)
    0x200012cc   0x08002fa0   0x00000004   PAD
    0x200012d0        -       0x00000200   Zero   RW          571    HEAP                startup_stm32f407xx.o
    0x200014d0        -       0x00000400   Zero   RW          570    STACK               startup_stm32f407xx.o


==============================================================================

Image component sizes


      Code (inc. data)   RO Data    RW Data    ZI Data      Debug   Object Name

       896         72          0         23          0      33148   animation.o
       606         98          0         10          0       6144   bsp.o
        32          6          0          4          0       1121   delay.o
      1294        106        256          5       4276       7187   ledcontrol.o
      2186        136          0          7          0     566674   main.o
      2954        208          0         30        352      10335   pdu.o
       304         12          0          0          0        679   rcc.o
        64         26        392          0       1536        868   startup_stm32f407xx.o
       100         18          0          0          0        533   system_stm32f4xx.o

    ----------------------------------------------------------------------
      8440        682        682         88       6164     626689   Object Totals
         0          0         32          0          0          0   (incl. Generated)
         4          0          2          9          0          0   (incl. Padding)

    ----------------------------------------------------------------------

      Code (inc. data)   RO Data    RW Data    ZI Data      Debug   Library Member Name

         8          0          0          0          0         68   __main.o
         0          0          0          0          0          0   __rtentry.o
        12          0          0          0          0          0   __rtentry2.o
         6          0          0          0          0          0   __rtentry4.o
        52          8          0          0          0          0   __scatter.o
        26          0          0          0          0          0   __scatter_copy.o
        28          0          0          0          0          0   __scatter_zi.o
        18          0          0          0          0         80   exit.o
         6          0          0          0          0        152   heapauxi.o
         0          0          0          0          0          0   indicate_semi.o
         2          0          0          0          0          0   libinit.o
         6          0          0          0          0          0   libinit2.o
         2          0          0          0          0          0   libshutdown.o
         2          0          0          0          0          0   libshutdown2.o
         8          4          0          0         96         68   libspace.o
         2          0          0          0          0          0   rtexit.o
        10          0          0          0          0          0   rtexit2.o
        12          4          0          0          0         68   sys_exit.o
        74          0          0          0          0         80   sys_stackheap_outer.o
         2          0          0          0          0         68   use_no_semi.o
       826         16          0          0          0        492   daddsub_clz.o
        24          0          0          0          0        116   dcmpi.o
       688        140          0          0          0        256   ddiv.o
       120          4          0          0          0        140   deqf.o
        94          4          0          0          0        140   dfix.o
        90          4          0          0          0        140   dfixu.o
        84          0          0          0          0        232   dflt_clz.o
       120          4          0          0          0        140   dleqf.o
       340         12          0          0          0        152   dmul.o
       156          4          0          0          0        140   dnaninf.o
        12          0          0          0          0        116   dretinf.o
       108          0          0          0          0        128   drleqf.o
        10          0          0          0          0        116   fpinit.o
         0          0          0          0          0          0   usenofp.o
        20          0          0          0          0        124   fabs.o

    ----------------------------------------------------------------------
      2982        204          0          0        100       3016   Library Totals
        14          0          0          0          4          0   (incl. Padding)

    ----------------------------------------------------------------------

      Code (inc. data)   RO Data    RW Data    ZI Data      Debug   Library Name

       276         16          0          0         96        584   c_w.l
      2672        188          0          0          0       2308   fz_wm.l
        20          0          0          0          0        124   m_wm.l

    ----------------------------------------------------------------------
      2982        204          0          0        100       3016   Library Totals

    ----------------------------------------------------------------------

==============================================================================


      Code (inc. data)   RO Data    RW Data    ZI Data      Debug   

     11422        886        682         88       6264     623649   Grand Totals
     11422        886        682         88       6264     623649   ELF Image Totals
     11422        886        682         88          0          0   ROM Totals

==============================================================================

    Total RO  Size (Code + RO Data)                12104 (  11.82kB)
    Total RW  Size (RW Data + ZI Data)              6352 (   6.20kB)
    Total ROM Size (Code + RO Data + RW Data)      12192 (  11.91kB)

==============================================================================

