<html>
<body>
<pre>
<h1>µVision Build Log</h1>
<h2>Tool Versions:</h2>
IDE-Version: µVision V5.30.0.0
Copyright (C) 2020 ARM Ltd and ARM Germany GmbH. All rights reserved.
License Information: Alexandr Bondarchuk, N/A, LIC=----
 
Tool Versions:
Toolchain:       MDK-Lite  Version: 5.30.0.0
Toolchain Path:  C:\Keil_v5\ARM\ARMCC\Bin
C Compiler:      Armcc.exe V5.06 update 6 (build 750)
Assembler:       Armasm.exe V5.06 update 6 (build 750)
Linker/Locator:  ArmLink.exe V5.06 update 6 (build 750)
Library Manager: ArmAr.exe V5.06 update 6 (build 750)
Hex Converter:   FromElf.exe V5.06 update 6 (build 750)
CPU DLL:         SARMCM3.DLL V5.30.0.0
Dialog DLL:      DCM.DLL V1.17.3.0
Target DLL:      STLink\ST-LINKIII-KEIL_SWO.dll V3.0.7.0
Dialog DLL:      TCM.DLL V1.42.0.0
 
<h2>Project:</h2>
C:\STM32_Files\Kudro_Control_System\MotorControl\MotorControl.uvprojx
Project File Date:  01/22/2021

<h2>Output:</h2>
*** Using Compiler 'V5.06 update 6 (build 750)', folder: 'C:\Keil_v5\ARM\ARMCC\Bin'
Build target 'MotorControl'
compiling pdu.c...
.\Lib\inc\bsp.h(20): warning:  #1-D: last line of file ends without a newline
  #endif
.\Lib\inc\bsp.h(20): warning:  #1-D: last line of file ends without a newline
  #endif
.\Code\inc\pdu.h(24): warning:  #1295-D: Deprecated declaration normaliz - give arg types
  void normaliz();
.\Code\inc\pdu.h(25): warning:  #1295-D: Deprecated declaration kinematica - give arg types
  void kinematica();
.\Code\inc\pdu.h(28): warning:  #1-D: last line of file ends without a newline
  #endif
Code\src\pdu.c(484): warning:  #177-D: variable "str1"  was declared but never referenced
  	char str1[200]={0};
Code\src\pdu.c(485): warning:  #177-D: variable "str2"  was declared but never referenced
  	char str2[200]={0};
Code\src\pdu.c(486): warning:  #177-D: variable "str3"  was declared but never referenced
  	char str3[200]={0};
Code\src\pdu.c(487): warning:  #177-D: variable "str4"  was declared but never referenced
  	char str4[200]={0};
Code\src\pdu.c: 9 warnings, 0 errors
linking...
Program Size: Code=25256 RO-data=968 RW-data=412 ZI-data=1908  
".\Objects\MotorControl.axf" - 0 Error(s), 9 Warning(s).

<h2>Software Packages used:</h2>

Package Vendor: ARM
                http://www.keil.com/pack/ARM.CMSIS.5.7.0.pack
                ARM.CMSIS.5.7.0
                CMSIS (Cortex Microcontroller Software Interface Standard)
   * Component: CORE Version: 5.4.0

Package Vendor: Keil
                http://www.keil.com/pack/Keil.STM32F4xx_DFP.2.14.0.pack
                Keil.STM32F4xx_DFP.2.14.0
                STMicroelectronics STM32F4 Series Device Support, Drivers and Examples
   * Component: Startup Version: 2.6.3

<h2>Collection of Component include folders:</h2>
  .\RTE\_MotorControl
  C:\Users\ba123\AppData\Local\Arm\Packs\ARM\CMSIS\5.7.0\CMSIS\Core\Include
  C:\Users\ba123\AppData\Local\Arm\Packs\Keil\STM32F4xx_DFP\2.14.0\Drivers\CMSIS\Device\ST\STM32F4xx\Include

<h2>Collection of Component Files used:</h2>

   * Component: ARM::CMSIS:CORE:5.4.0

   * Component: Keil::Device:Startup:2.6.3
      Source file:   MDK\Device\Source\ARM\STM32F4xx_OTP.s
      Source file:   Drivers\CMSIS\Device\ST\STM32F4xx\Source\Templates\arm\startup_stm32f407xx.s
      Source file:   MDK\Device\Source\ARM\STM32F40xxx_41xxx_OPT.s
      Include file:  Drivers\CMSIS\Device\ST\STM32F4xx\Include\stm32f4xx.h
      Source file:   Drivers\CMSIS\Device\ST\STM32F4xx\Source\Templates\system_stm32f4xx.c
Build Time Elapsed:  00:00:04
</pre>
</body>
</html>
